Archive member included to satisfy reference by file (symbol)

/usr/lib/gcc/arm-none-eabi/10.3.1/thumb/v6-m/nofp/libgcc.a(_dvmd_tls.o)
                              CMakeFiles/test.dir/home/jd/projects/pico/pico-sdk/src/rp2_common/pico_divider/divider.S.obj (__aeabi_idiv0)
/usr/lib/gcc/arm-none-eabi/10.3.1/../../../arm-none-eabi/lib/thumb/v6-m/nofp/libc.a(lib_a-atexit.o)
                              /usr/lib/gcc/arm-none-eabi/10.3.1/../../../arm-none-eabi/lib/thumb/v6-m/nofp/crt0.o (atexit)
/usr/lib/gcc/arm-none-eabi/10.3.1/../../../arm-none-eabi/lib/thumb/v6-m/nofp/libc.a(lib_a-calloc.o)
                              CMakeFiles/test.dir/home/jd/projects/pico/pico-sdk/src/rp2_common/pico_malloc/pico_malloc.c.obj (calloc)
/usr/lib/gcc/arm-none-eabi/10.3.1/../../../arm-none-eabi/lib/thumb/v6-m/nofp/libc.a(lib_a-callocr.o)
                              /usr/lib/gcc/arm-none-eabi/10.3.1/../../../arm-none-eabi/lib/thumb/v6-m/nofp/libc.a(lib_a-calloc.o) (_calloc_r)
/usr/lib/gcc/arm-none-eabi/10.3.1/../../../arm-none-eabi/lib/thumb/v6-m/nofp/libc.a(lib_a-fini.o)
                              /usr/lib/gcc/arm-none-eabi/10.3.1/../../../arm-none-eabi/lib/thumb/v6-m/nofp/crt0.o (__libc_fini_array)
/usr/lib/gcc/arm-none-eabi/10.3.1/../../../arm-none-eabi/lib/thumb/v6-m/nofp/libc.a(lib_a-impure.o)
                              /usr/lib/gcc/arm-none-eabi/10.3.1/../../../arm-none-eabi/lib/thumb/v6-m/nofp/libc.a(lib_a-calloc.o) (_impure_ptr)
/usr/lib/gcc/arm-none-eabi/10.3.1/../../../arm-none-eabi/lib/thumb/v6-m/nofp/libc.a(lib_a-init.o)
                              /usr/lib/gcc/arm-none-eabi/10.3.1/../../../arm-none-eabi/lib/thumb/v6-m/nofp/crt0.o (__libc_init_array)
/usr/lib/gcc/arm-none-eabi/10.3.1/../../../arm-none-eabi/lib/thumb/v6-m/nofp/libc.a(lib_a-malloc.o)
                              CMakeFiles/test.dir/home/jd/projects/pico/pico-sdk/src/rp2_common/pico_malloc/pico_malloc.c.obj (malloc)
/usr/lib/gcc/arm-none-eabi/10.3.1/../../../arm-none-eabi/lib/thumb/v6-m/nofp/libc.a(lib_a-mallocr.o)
                              /usr/lib/gcc/arm-none-eabi/10.3.1/../../../arm-none-eabi/lib/thumb/v6-m/nofp/libc.a(lib_a-callocr.o) (_malloc_r)
/usr/lib/gcc/arm-none-eabi/10.3.1/../../../arm-none-eabi/lib/thumb/v6-m/nofp/libc.a(lib_a-mlock.o)
                              /usr/lib/gcc/arm-none-eabi/10.3.1/../../../arm-none-eabi/lib/thumb/v6-m/nofp/libc.a(lib_a-mallocr.o) (__malloc_lock)
/usr/lib/gcc/arm-none-eabi/10.3.1/../../../arm-none-eabi/lib/thumb/v6-m/nofp/libc.a(lib_a-realloc.o)
                              CMakeFiles/test.dir/home/jd/projects/pico/pico-sdk/src/rp2_common/pico_malloc/pico_malloc.c.obj (realloc)
/usr/lib/gcc/arm-none-eabi/10.3.1/../../../arm-none-eabi/lib/thumb/v6-m/nofp/libc.a(lib_a-reallocr.o)
                              /usr/lib/gcc/arm-none-eabi/10.3.1/../../../arm-none-eabi/lib/thumb/v6-m/nofp/libc.a(lib_a-realloc.o) (_realloc_r)
/usr/lib/gcc/arm-none-eabi/10.3.1/../../../arm-none-eabi/lib/thumb/v6-m/nofp/libc.a(lib_a-sbrkr.o)
                              /usr/lib/gcc/arm-none-eabi/10.3.1/../../../arm-none-eabi/lib/thumb/v6-m/nofp/libc.a(lib_a-mallocr.o) (_sbrk_r)
/usr/lib/gcc/arm-none-eabi/10.3.1/../../../arm-none-eabi/lib/thumb/v6-m/nofp/libc.a(lib_a-strlen-stub.o)
                              CMakeFiles/test.dir/home/jd/projects/pico/pico-sdk/src/rp2_common/pico_stdio/stdio.c.obj (strlen)
/usr/lib/gcc/arm-none-eabi/10.3.1/../../../arm-none-eabi/lib/thumb/v6-m/nofp/libc.a(lib_a-__atexit.o)
                              /usr/lib/gcc/arm-none-eabi/10.3.1/../../../arm-none-eabi/lib/thumb/v6-m/nofp/libc.a(lib_a-atexit.o) (__register_exitproc)
/usr/lib/gcc/arm-none-eabi/10.3.1/../../../arm-none-eabi/lib/thumb/v6-m/nofp/libc.a(lib_a-freer.o)
                              /usr/lib/gcc/arm-none-eabi/10.3.1/../../../arm-none-eabi/lib/thumb/v6-m/nofp/libc.a(lib_a-malloc.o) (_free_r)
/usr/lib/gcc/arm-none-eabi/10.3.1/../../../arm-none-eabi/lib/thumb/v6-m/nofp/libc.a(lib_a-memmove.o)
                              /usr/lib/gcc/arm-none-eabi/10.3.1/../../../arm-none-eabi/lib/thumb/v6-m/nofp/libc.a(lib_a-reallocr.o) (memmove)
/usr/lib/gcc/arm-none-eabi/10.3.1/../../../arm-none-eabi/lib/thumb/v6-m/nofp/libc.a(lib_a-reent.o)
                              /usr/lib/gcc/arm-none-eabi/10.3.1/../../../arm-none-eabi/lib/thumb/v6-m/nofp/libc.a(lib_a-sbrkr.o) (errno)

Discarded input sections

 .text          0x0000000000000000        0x0 /usr/lib/gcc/arm-none-eabi/10.3.1/thumb/v6-m/nofp/crti.o
 .data          0x0000000000000000        0x0 /usr/lib/gcc/arm-none-eabi/10.3.1/thumb/v6-m/nofp/crti.o
 .bss           0x0000000000000000        0x0 /usr/lib/gcc/arm-none-eabi/10.3.1/thumb/v6-m/nofp/crti.o
 .data          0x0000000000000000        0x4 /usr/lib/gcc/arm-none-eabi/10.3.1/thumb/v6-m/nofp/crtbegin.o
 .rodata        0x0000000000000000       0x24 /usr/lib/gcc/arm-none-eabi/10.3.1/thumb/v6-m/nofp/crtbegin.o
 .fini_array    0x0000000000000000        0x4 /usr/lib/gcc/arm-none-eabi/10.3.1/thumb/v6-m/nofp/crtbegin.o
[...]
Memory Configuration

Name             Origin             Length             Attributes
FLASH            0x0000000010000000 0x0000000000200000 xr
RAM              0x0000000020000000 0x0000000000040000 xrw
SCRATCH_X        0x0000000020040000 0x0000000000001000 xrw
SCRATCH_Y        0x0000000020041000 0x0000000000001000 xrw
*default*        0x0000000000000000 0xffffffffffffffff

Linker script and memory map

LOAD /usr/lib/gcc/arm-none-eabi/10.3.1/thumb/v6-m/nofp/crti.o
LOAD /usr/lib/gcc/arm-none-eabi/10.3.1/thumb/v6-m/nofp/crtbegin.o
LOAD /usr/lib/gcc/arm-none-eabi/10.3.1/../../../arm-none-eabi/lib/thumb/v6-m/nofp/crt0.o

.flash_begin    0x0000000010000000        0x0
                0x0000000010000000                __flash_binary_start = .

.boot2          0x0000000010000000      0x100
                0x0000000010000000                __boot2_start__ = .
 *(.boot2)
 .boot2         0x0000000010000000      0x100 /tmp/cc9In3xy.o
                0x0000000010000100                __boot2_end__ = .
                0x0000000000000001                ASSERT (((__boot2_end__ - __boot2_start__) == 0x100), ERROR: Pico second stage bootloader must be 256 bytes in size)

.text           0x0000000010000100     0x4900
                0x0000000010000100                __logical_binary_start = .
 *(.vectors)
 .vectors       0x0000000010000100       0xd4 CMakeFiles/test.dir/home/jd/projects/pico/pico-sdk/src/rp2_common/pico_standard_link/crt0.S.obj
                0x0000000010000100                __vectors
                0x0000000010000100                __VECTOR_TABLE
                0x00000000100001c0                isr_invalid
                0x00000000100001c0                __default_isrs_start
                0x00000000100001c2                isr_nmi
                0x00000000100001c4                isr_hardfault
                0x00000000100001c6                isr_svcall
                0x00000000100001c8                isr_pendsv
                0x00000000100001ca                isr_systick
                0x00000000100001cc                isr_irq30
                0x00000000100001cc                __unhandled_user_irq
                0x00000000100001cc                isr_irq13
                0x00000000100001cc                isr_irq27
                0x00000000100001cc                isr_irq31
                0x00000000100001cc                isr_irq5
                0x00000000100001cc                isr_irq11
                0x00000000100001cc                isr_irq23
                0x00000000100001cc                isr_irq18
                0x00000000100001cc                isr_irq28
                0x00000000100001cc                isr_irq19
                0x00000000100001cc                isr_irq0
                0x00000000100001cc                isr_irq6
                0x00000000100001cc                isr_irq22
                0x00000000100001cc                isr_irq17
                0x00000000100001cc                isr_irq14
                0x00000000100001cc                isr_irq2
                0x00000000100001cc                isr_irq10
                0x00000000100001cc                isr_irq8
                0x00000000100001cc                isr_irq24
                0x00000000100001cc                isr_irq1
                0x00000000100001cc                isr_irq7
                0x00000000100001cc                isr_irq21
                0x00000000100001cc                isr_irq20
                0x00000000100001cc                isr_irq15
                0x00000000100001cc                isr_irq25
                0x00000000100001cc                isr_irq4
                0x00000000100001cc                isr_irq16
                0x00000000100001cc                isr_irq29
                0x00000000100001cc                isr_irq26
                0x00000000100001cc                __default_isrs_end
                0x00000000100001cc                isr_irq3
                0x00000000100001cc                isr_irq12
                0x00000000100001cc                isr_irq9
                0x00000000100001d2                unhandled_user_irq_num_in_r0
 *(.binary_info_header)
 .binary_info_header
                0x00000000100001d4       0x14 CMakeFiles/test.dir/home/jd/projects/pico/pico-sdk/src/rp2_common/pico_standard_link/crt0.S.obj
                0x00000000100001e8                __binary_info_header_end = .
 *(.reset)
 .reset         0x00000000100001e8       0xa0 CMakeFiles/test.dir/home/jd/projects/pico/pico-sdk/src/rp2_common/pico_standard_link/crt0.S.obj
                0x00000000100001e8                _entry_point
 .reset         0x0000000010000288       0x30 CMakeFiles/test.dir/home/jd/projects/pico/pico-sdk/src/rp2_common/pico_standard_link/binary_info.c.obj
 *(.init)
 .init          0x00000000100002b8        0x4 /usr/lib/gcc/arm-none-eabi/10.3.1/thumb/v6-m/nofp/crti.o
                0x00000000100002b8                _init
 *(EXCLUDE_FILE(*libm.a: *libc.a:*lib_a-mem*.o *libgcc.a:) .text*)
 .text          0x00000000100002bc       0x98 /usr/lib/gcc/arm-none-eabi/10.3.1/thumb/v6-m/nofp/crtbegin.o
 .text.startup.main
                0x0000000010000354       0x38 CMakeFiles/test.dir/test.c.obj
                0x0000000010000354                main
 .text.gpio_set_function
                0x000000001000038c       0x30 CMakeFiles/test.dir/home/jd/projects/pico/pico-sdk/src/rp2_common/hardware_gpio/gpio.c.obj
                0x000000001000038c                gpio_set_function
 .text.gpio_init
                0x00000000100003bc       0x3c CMakeFiles/test.dir/home/jd/projects/pico/pico-sdk/src/rp2_common/hardware_gpio/gpio.c.obj
                0x00000000100003bc                gpio_init
 .text.running_on_fpga
                0x00000000100003f8       0x10 CMakeFiles/test.dir/home/jd/projects/pico/pico-sdk/src/rp2_common/pico_platform/platform.c.obj
                0x00000000100003f8                running_on_fpga
 .text.hw_claim_or_assert
                0x0000000010000408       0x44 CMakeFiles/test.dir/home/jd/projects/pico/pico-sdk/src/rp2_common/hardware_claim/claim.c.obj
                0x0000000010000408                hw_claim_or_assert
 .text.hw_claim_unused_from_range
                0x000000001000044c       0x9c CMakeFiles/test.dir/home/jd/projects/pico/pico-sdk/src/rp2_common/hardware_claim/claim.c.obj
                0x000000001000044c                hw_claim_unused_from_range
 .text.spin_locks_reset
                0x00000000100004e8       0x1c CMakeFiles/test.dir/home/jd/projects/pico/pico-sdk/src/rp2_common/hardware_sync/sync.c.obj
                0x00000000100004e8                spin_locks_reset
 .text.next_striped_spin_lock_num
                0x0000000010000504       0x18 CMakeFiles/test.dir/home/jd/projects/pico/pico-sdk/src/rp2_common/hardware_sync/sync.c.obj
                0x0000000010000504                next_striped_spin_lock_num
 .text.spin_lock_claim_unused
                0x000000001000051c       0x20 CMakeFiles/test.dir/home/jd/projects/pico/pico-sdk/src/rp2_common/hardware_sync/sync.c.obj
                0x000000001000051c                spin_lock_claim_unused
 .text.irq_set_enabled
                0x000000001000053c       0x24 CMakeFiles/test.dir/home/jd/projects/pico/pico-sdk/src/rp2_common/hardware_irq/irq.c.obj
                0x000000001000053c                irq_set_enabled
 .text.irq_set_pending
                0x0000000010000560       0x10 CMakeFiles/test.dir/home/jd/projects/pico/pico-sdk/src/rp2_common/hardware_irq/irq.c.obj
                0x0000000010000560                irq_set_pending
 .text.irq_has_shared_handler
                0x0000000010000570       0x2c CMakeFiles/test.dir/home/jd/projects/pico/pico-sdk/src/rp2_common/hardware_irq/irq.c.obj
                0x0000000010000570                irq_has_shared_handler
 .text.irq_get_vtable_handler
                0x000000001000059c       0x10 CMakeFiles/test.dir/home/jd/projects/pico/pico-sdk/src/rp2_common/hardware_irq/irq.c.obj
                0x000000001000059c                irq_get_vtable_handler
 .text.irq_set_exclusive_handler
                0x00000000100005ac       0x54 CMakeFiles/test.dir/home/jd/projects/pico/pico-sdk/src/rp2_common/hardware_irq/irq.c.obj
                0x00000000100005ac                irq_set_exclusive_handler
 .text.irq_add_shared_handler
                0x0000000010000600      0x1e8 CMakeFiles/test.dir/home/jd/projects/pico/pico-sdk/src/rp2_common/hardware_irq/irq.c.obj
                0x0000000010000600                irq_add_shared_handler
 .text.irq_remove_handler
                0x00000000100007e8      0x1b0 CMakeFiles/test.dir/home/jd/projects/pico/pico-sdk/src/rp2_common/hardware_irq/irq.c.obj
                0x00000000100007e8                irq_remove_handler
 .text.irq_add_tail_to_free_list
                0x0000000010000998       0xb4 CMakeFiles/test.dir/home/jd/projects/pico/pico-sdk/src/rp2_common/hardware_irq/irq.c.obj
                0x0000000010000998                irq_add_tail_to_free_list
 .text.irq_init_priorities
                0x0000000010000a4c       0x24 CMakeFiles/test.dir/home/jd/projects/pico/pico-sdk/src/rp2_common/hardware_irq/irq.c.obj
                0x0000000010000a4c                irq_init_priorities
 .text.user_irq_claim_unused
                0x0000000010000a70       0x28 CMakeFiles/test.dir/home/jd/projects/pico/pico-sdk/src/rp2_common/hardware_irq/irq.c.obj
                0x0000000010000a70                user_irq_claim_unused
 .text.lock_init
                0x0000000010000a98       0x10 CMakeFiles/test.dir/home/jd/projects/pico/pico-sdk/src/common/pico_sync/lock_core.c.obj
                0x0000000010000a98                lock_init
 .text.mutex_init
                0x0000000010000aa8       0x1c CMakeFiles/test.dir/home/jd/projects/pico/pico-sdk/src/common/pico_sync/mutex.c.obj
                0x0000000010000aa8                mutex_init
 .text.recursive_mutex_init
                0x0000000010000ac4       0x1c CMakeFiles/test.dir/home/jd/projects/pico/pico-sdk/src/common/pico_sync/mutex.c.obj
                0x0000000010000ac4                recursive_mutex_init
 .text.critical_section_init
                0x0000000010000ae0       0x20 CMakeFiles/test.dir/home/jd/projects/pico/pico-sdk/src/common/pico_sync/critical_section.c.obj
                0x0000000010000ae0                critical_section_init
 .text.critical_section_init_with_lock_num
                0x0000000010000b00       0x14 CMakeFiles/test.dir/home/jd/projects/pico/pico-sdk/src/common/pico_sync/critical_section.c.obj
                0x0000000010000b00                critical_section_init_with_lock_num
 .text.timer_pool_entry_comparator
                0x0000000010000b14       0x34 CMakeFiles/test.dir/home/jd/projects/pico/pico-sdk/src/common/pico_time/time.c.obj
                0x0000000010000b14                timer_pool_entry_comparator
 .text.sleep_until_callback
                0x0000000010000b48       0x30 CMakeFiles/test.dir/home/jd/projects/pico/pico-sdk/src/common/pico_time/time.c.obj
 .text.add_alarm_under_lock.isra.0
                0x0000000010000b78      0x100 CMakeFiles/test.dir/home/jd/projects/pico/pico-sdk/src/common/pico_time/time.c.obj
 .text.alarm_pool_alarm_callback
                0x0000000010000c78      0x1b8 CMakeFiles/test.dir/home/jd/projects/pico/pico-sdk/src/common/pico_time/time.c.obj
 .text.alarm_pool_init_default
                0x0000000010000e30       0x6c CMakeFiles/test.dir/home/jd/projects/pico/pico-sdk/src/common/pico_time/time.c.obj
                0x0000000010000e30                alarm_pool_init_default
 .text.alarm_pool_get_default
                0x0000000010000e9c        0x8 CMakeFiles/test.dir/home/jd/projects/pico/pico-sdk/src/common/pico_time/time.c.obj
                0x0000000010000e9c                alarm_pool_get_default
 .text.alarm_pool_add_alarm_at
                0x0000000010000ea4      0x17c CMakeFiles/test.dir/home/jd/projects/pico/pico-sdk/src/common/pico_time/time.c.obj
                0x0000000010000ea4                alarm_pool_add_alarm_at
 .text.alarm_pool_cancel_alarm
                0x0000000010001020       0x74 CMakeFiles/test.dir/home/jd/projects/pico/pico-sdk/src/common/pico_time/time.c.obj
                0x0000000010001020                alarm_pool_cancel_alarm
 .text.alarm_pool_core_num
                0x0000000010001094        0x4 CMakeFiles/test.dir/home/jd/projects/pico/pico-sdk/src/common/pico_time/time.c.obj
                0x0000000010001094                alarm_pool_core_num
 .text.sleep_until
                0x0000000010001098       0xc4 CMakeFiles/test.dir/home/jd/projects/pico/pico-sdk/src/common/pico_time/time.c.obj
                0x0000000010001098                sleep_until
 .text.sleep_ms
                0x000000001000115c       0x34 CMakeFiles/test.dir/home/jd/projects/pico/pico-sdk/src/common/pico_time/time.c.obj
                0x000000001000115c                sleep_ms
 .text.best_effort_wfe_or_timeout
                0x0000000010001190       0x78 CMakeFiles/test.dir/home/jd/projects/pico/pico-sdk/src/common/pico_time/time.c.obj
                0x0000000010001190                best_effort_wfe_or_timeout
 .text.hardware_alarm_irq_handler
                0x0000000010001208       0xbc CMakeFiles/test.dir/home/jd/projects/pico/pico-sdk/src/rp2_common/hardware_timer/timer.c.obj
 .text.hardware_alarm_claim
                0x00000000100012c4       0x18 CMakeFiles/test.dir/home/jd/projects/pico/pico-sdk/src/rp2_common/hardware_timer/timer.c.obj
                0x00000000100012c4                hardware_alarm_claim
 .text.time_us_64
                0x00000000100012dc       0x14 CMakeFiles/test.dir/home/jd/projects/pico/pico-sdk/src/rp2_common/hardware_timer/timer.c.obj
                0x00000000100012dc                time_us_64
 .text.busy_wait_until
                0x00000000100012f0       0x20 CMakeFiles/test.dir/home/jd/projects/pico/pico-sdk/src/rp2_common/hardware_timer/timer.c.obj
                0x00000000100012f0                busy_wait_until
 .text.hardware_alarm_set_callback
                0x0000000010001310       0x8c CMakeFiles/test.dir/home/jd/projects/pico/pico-sdk/src/rp2_common/hardware_timer/timer.c.obj
                0x0000000010001310                hardware_alarm_set_callback
 .text.hardware_alarm_set_target
                0x000000001000139c       0xe0 CMakeFiles/test.dir/home/jd/projects/pico/pico-sdk/src/rp2_common/hardware_timer/timer.c.obj
                0x000000001000139c                hardware_alarm_set_target
 .text.hardware_alarm_cancel
                0x000000001000147c       0x3c CMakeFiles/test.dir/home/jd/projects/pico/pico-sdk/src/rp2_common/hardware_timer/timer.c.obj
                0x000000001000147c                hardware_alarm_cancel
 .text.ph_merge_nodes
                0x00000000100014b8       0x68 CMakeFiles/test.dir/home/jd/projects/pico/pico-sdk/src/common/pico_util/pheap.c.obj
 .text.ph_post_alloc_init
                0x0000000010001520       0x3c CMakeFiles/test.dir/home/jd/projects/pico/pico-sdk/src/common/pico_util/pheap.c.obj
                0x0000000010001520                ph_post_alloc_init
 .text.ph_merge_two_pass
                0x000000001000155c       0x90 CMakeFiles/test.dir/home/jd/projects/pico/pico-sdk/src/common/pico_util/pheap.c.obj
                0x000000001000155c                ph_merge_two_pass
 .text.ph_remove_any_head
                0x00000000100015ec      0x100 CMakeFiles/test.dir/home/jd/projects/pico/pico-sdk/src/common/pico_util/pheap.c.obj
 .text.ph_remove_head
                0x00000000100016ec      0x104 CMakeFiles/test.dir/home/jd/projects/pico/pico-sdk/src/common/pico_util/pheap.c.obj
                0x00000000100016ec                ph_remove_head
 .text.ph_remove_and_free_node
                0x00000000100017f0       0x7c CMakeFiles/test.dir/home/jd/projects/pico/pico-sdk/src/common/pico_util/pheap.c.obj
                0x00000000100017f0                ph_remove_and_free_node
 .text.uart_init
                0x000000001000186c       0xe0 CMakeFiles/test.dir/home/jd/projects/pico/pico-sdk/src/rp2_common/hardware_uart/uart.c.obj
                0x000000001000186c                uart_init
 .text.clocks_init
                0x000000001000194c      0x2bc CMakeFiles/test.dir/home/jd/projects/pico/pico-sdk/src/rp2_common/hardware_clocks/clocks.c.obj
                0x000000001000194c                clocks_init
 .text.clock_get_hz
                0x0000000010001c08        0xc CMakeFiles/test.dir/home/jd/projects/pico/pico-sdk/src/rp2_common/hardware_clocks/clocks.c.obj
                0x0000000010001c08                clock_get_hz
 .text.pll_init
                0x0000000010001c14       0xb0 CMakeFiles/test.dir/home/jd/projects/pico/pico-sdk/src/rp2_common/hardware_pll/pll.c.obj
                0x0000000010001c14                pll_init
 .text.watchdog_start_tick
                0x0000000010001cc4       0x10 CMakeFiles/test.dir/home/jd/projects/pico/pico-sdk/src/rp2_common/hardware_watchdog/watchdog.c.obj
                0x0000000010001cc4                watchdog_start_tick
 .text.watchdog_reboot
                0x0000000010001cd4       0x98 CMakeFiles/test.dir/home/jd/projects/pico/pico-sdk/src/rp2_common/hardware_watchdog/watchdog.c.obj
                0x0000000010001cd4                watchdog_reboot
 .text.xosc_init
                0x0000000010001d6c       0x28 CMakeFiles/test.dir/home/jd/projects/pico/pico-sdk/src/rp2_common/hardware_xosc/xosc.c.obj
                0x0000000010001d6c                xosc_init
 .text.runtime_init
                0x0000000010001d94       0xf0 CMakeFiles/test.dir/home/jd/projects/pico/pico-sdk/src/rp2_common/pico_runtime/runtime.c.obj
                0x0000000010001d94                runtime_init
 .text._exit    0x0000000010001e84        0x4 CMakeFiles/test.dir/home/jd/projects/pico/pico-sdk/src/rp2_common/pico_runtime/runtime.c.obj
                0x0000000010001e84                _exit
 .text.exit     0x0000000010001e88        0x8 CMakeFiles/test.dir/home/jd/projects/pico/pico-sdk/src/rp2_common/pico_runtime/runtime.c.obj
                0x0000000010001e88                exit
 .text.panic    0x0000000010001e90       0x30 CMakeFiles/test.dir/home/jd/projects/pico/pico-sdk/src/rp2_common/pico_runtime/runtime.c.obj
                0x0000000010001e90                panic
 .text.hard_assertion_failure
                0x0000000010001ec0        0xc CMakeFiles/test.dir/home/jd/projects/pico/pico-sdk/src/rp2_common/pico_runtime/runtime.c.obj
                0x0000000010001ec0                hard_assertion_failure
 .text._out_char
                0x0000000010001ecc       0x10 CMakeFiles/test.dir/home/jd/projects/pico/pico-sdk/src/rp2_common/pico_printf/printf.c.obj
 .text.weak_raw_vprintf
                0x0000000010001edc       0x30 CMakeFiles/test.dir/home/jd/projects/pico/pico-sdk/src/rp2_common/pico_printf/printf.c.obj
                0x0000000010001edc                weak_raw_vprintf
 .text          0x0000000010001f0c       0x10 CMakeFiles/test.dir/home/jd/projects/pico/pico-sdk/src/rp2_common/pico_bit_ops/bit_ops_aeabi.S.obj
 .text.rom_func_lookup
                0x0000000010001f1c       0x10 CMakeFiles/test.dir/home/jd/projects/pico/pico-sdk/src/rp2_common/pico_bootrom/bootrom.c.obj
                0x0000000010001f1c                rom_func_lookup
 .text.rom_data_lookup
                0x0000000010001f2c       0x10 CMakeFiles/test.dir/home/jd/projects/pico/pico-sdk/src/rp2_common/pico_bootrom/bootrom.c.obj
                0x0000000010001f2c                rom_data_lookup
 .text.rom_funcs_lookup
                0x0000000010001f3c       0x44 CMakeFiles/test.dir/home/jd/projects/pico/pico-sdk/src/rp2_common/pico_bootrom/bootrom.c.obj
                0x0000000010001f3c                rom_funcs_lookup
 .text.__wrap___aeabi_uidiv
                0x0000000010001f80       0x4c CMakeFiles/test.dir/home/jd/projects/pico/pico-sdk/src/rp2_common/pico_divider/divider.S.obj
                0x0000000010001f80                __wrap___aeabi_uidiv
                0x0000000010001f80                __wrap___aeabi_uidivmod
                0x0000000010001f80                div_u32u32
                0x0000000010001f80                divmod_u32u32
                0x0000000010001f88                divmod_u32u32_unsafe
                0x0000000010001fb0                divmod_u32u32_savestate
 .text.__aeabi_double_init
                0x0000000010001fcc       0x94 CMakeFiles/test.dir/home/jd/projects/pico/pico-sdk/src/rp2_common/pico_double/double_init_rom.c.obj
                0x0000000010001fcc                __aeabi_double_init
 .text.double_table_shim_on_use_helper
                0x0000000010002060       0x2c CMakeFiles/test.dir/home/jd/projects/pico/pico-sdk/src/rp2_common/pico_double/double_v1_rom_shim.S.obj
                0x0000000010002060                double_table_shim_on_use_helper
 .text.__aeabi_lmul
                0x000000001000208c       0x32 CMakeFiles/test.dir/home/jd/projects/pico/pico-sdk/src/rp2_common/pico_int64_ops/pico_int64_ops_aeabi.S.obj
                0x000000001000208c                __wrap___aeabi_lmul
 *fill*         0x00000000100020be        0x2 
 .text.__aeabi_float_init
                0x00000000100020c0       0x64 CMakeFiles/test.dir/home/jd/projects/pico/pico-sdk/src/rp2_common/pico_float/float_init_rom.c.obj
                0x00000000100020c0                __aeabi_float_init
 .text.float_table_shim_on_use_helper
                0x0000000010002124       0x2c CMakeFiles/test.dir/home/jd/projects/pico/pico-sdk/src/rp2_common/pico_float/float_v1_rom_shim.S.obj
                0x0000000010002124                float_table_shim_on_use_helper
 .text          0x0000000010002150       0x10 CMakeFiles/test.dir/home/jd/projects/pico/pico-sdk/src/rp2_common/pico_mem_ops/mem_ops_aeabi.S.obj
                0x0000000010002150                __aeabi_mem_init
 .text.memset   0x0000000010002160        0xc CMakeFiles/test.dir/home/jd/projects/pico/pico-sdk/src/rp2_common/pico_mem_ops/mem_ops_aeabi.S.obj
                0x0000000010002160                __wrap_memset
 .text.memcpy   0x000000001000216c        0xc CMakeFiles/test.dir/home/jd/projects/pico/pico-sdk/src/rp2_common/pico_mem_ops/mem_ops_aeabi.S.obj
                0x000000001000216c                __wrap___aeabi_memcpy
                0x000000001000216c                __wrap_memcpy
 .text.stdio_out_chars_no_crlf
                0x0000000010002178       0x10 CMakeFiles/test.dir/home/jd/projects/pico/pico-sdk/src/rp2_common/pico_stdio/stdio.c.obj
 .text.stdio_out_chars_crlf
                0x0000000010002188       0xb4 CMakeFiles/test.dir/home/jd/projects/pico/pico-sdk/src/rp2_common/pico_stdio/stdio.c.obj
 .text.stdio_put_string.isra.0
                0x000000001000223c       0xfc CMakeFiles/test.dir/home/jd/projects/pico/pico-sdk/src/rp2_common/pico_stdio/stdio.c.obj
 .text.__wrap_putchar
                0x0000000010002338       0x98 CMakeFiles/test.dir/home/jd/projects/pico/pico-sdk/src/rp2_common/pico_stdio/stdio.c.obj
                0x0000000010002338                __wrap_putchar
 .text.__wrap_puts
                0x00000000100023d0       0x3c CMakeFiles/test.dir/home/jd/projects/pico/pico-sdk/src/rp2_common/pico_stdio/stdio.c.obj
                0x00000000100023d0                __wrap_puts
 .text.stdio_set_driver_enabled
                0x000000001000240c       0x30 CMakeFiles/test.dir/home/jd/projects/pico/pico-sdk/src/rp2_common/pico_stdio/stdio.c.obj
                0x000000001000240c                stdio_set_driver_enabled
 .text.stdio_init_all
                0x000000001000243c       0x10 CMakeFiles/test.dir/home/jd/projects/pico/pico-sdk/src/rp2_common/pico_stdio/stdio.c.obj
                0x000000001000243c                stdio_init_all
 .text.stdio_uart_out_chars
                0x000000001000244c       0x4c CMakeFiles/test.dir/home/jd/projects/pico/pico-sdk/src/rp2_common/pico_stdio_uart/stdio_uart.c.obj
 .text.stdio_uart_in_chars
                0x0000000010002498       0x84 CMakeFiles/test.dir/home/jd/projects/pico/pico-sdk/src/rp2_common/pico_stdio_uart/stdio_uart.c.obj
                0x0000000010002498                stdio_uart_in_chars
 .text.on_uart_rx
                0x000000001000251c       0x28 CMakeFiles/test.dir/home/jd/projects/pico/pico-sdk/src/rp2_common/pico_stdio_uart/stdio_uart.c.obj
 .text.stdio_uart_set_chars_available_callback
                0x0000000010002544       0x8c CMakeFiles/test.dir/home/jd/projects/pico/pico-sdk/src/rp2_common/pico_stdio_uart/stdio_uart.c.obj
 .text.stdio_uart_init
                0x00000000100025d0       0x48 CMakeFiles/test.dir/home/jd/projects/pico/pico-sdk/src/rp2_common/pico_stdio_uart/stdio_uart.c.obj
                0x00000000100025d0                stdio_uart_init
 .text.resetd_init
                0x0000000010002618        0x4 CMakeFiles/test.dir/home/jd/projects/pico/pico-sdk/src/rp2_common/pico_stdio_usb/reset_interface.c.obj
 .text.resetd_reset
                0x000000001000261c        0xc CMakeFiles/test.dir/home/jd/projects/pico/pico-sdk/src/rp2_common/pico_stdio_usb/reset_interface.c.obj
 .text.resetd_open
                0x0000000010002628       0x28 CMakeFiles/test.dir/home/jd/projects/pico/pico-sdk/src/rp2_common/pico_stdio_usb/reset_interface.c.obj
 .text.resetd_xfer_cb
                0x0000000010002650        0x4 CMakeFiles/test.dir/home/jd/projects/pico/pico-sdk/src/rp2_common/pico_stdio_usb/reset_interface.c.obj
 .text.resetd_control_xfer_cb
                0x0000000010002654       0x64 CMakeFiles/test.dir/home/jd/projects/pico/pico-sdk/src/rp2_common/pico_stdio_usb/reset_interface.c.obj
 .text.usbd_app_driver_get_cb
                0x00000000100026b8        0xc CMakeFiles/test.dir/home/jd/projects/pico/pico-sdk/src/rp2_common/pico_stdio_usb/reset_interface.c.obj
                0x00000000100026b8                usbd_app_driver_get_cb
 .text.tud_cdc_line_coding_cb
                0x00000000100026c4       0x34 CMakeFiles/test.dir/home/jd/projects/pico/pico-sdk/src/rp2_common/pico_stdio_usb/reset_interface.c.obj
                0x00000000100026c4                tud_cdc_line_coding_cb
 .text.stdio_usb_set_chars_available_callback
                0x00000000100026f8       0x14 CMakeFiles/test.dir/home/jd/projects/pico/pico-sdk/src/rp2_common/pico_stdio_usb/stdio_usb.c.obj
                0x00000000100026f8                stdio_usb_set_chars_available_callback
 .text.usb_irq  0x000000001000270c       0x10 CMakeFiles/test.dir/home/jd/projects/pico/pico-sdk/src/rp2_common/pico_stdio_usb/stdio_usb.c.obj
 .text.timer_task
                0x000000001000271c       0x54 CMakeFiles/test.dir/home/jd/projects/pico/pico-sdk/src/rp2_common/pico_stdio_usb/stdio_usb.c.obj
 .text.stdio_usb_in_chars
                0x0000000010002770       0x90 CMakeFiles/test.dir/home/jd/projects/pico/pico-sdk/src/rp2_common/pico_stdio_usb/stdio_usb.c.obj
                0x0000000010002770                stdio_usb_in_chars
 .text.stdio_usb_out_chars
                0x0000000010002800      0x100 CMakeFiles/test.dir/home/jd/projects/pico/pico-sdk/src/rp2_common/pico_stdio_usb/stdio_usb.c.obj
 .text.low_priority_worker_irq
                0x0000000010002900       0xa8 CMakeFiles/test.dir/home/jd/projects/pico/pico-sdk/src/rp2_common/pico_stdio_usb/stdio_usb.c.obj
 .text.tud_cdc_rx_cb
                0x00000000100029a8       0x20 CMakeFiles/test.dir/home/jd/projects/pico/pico-sdk/src/rp2_common/pico_stdio_usb/stdio_usb.c.obj
                0x00000000100029a8                tud_cdc_rx_cb
 .text.stdio_usb_init
                0x00000000100029c8       0xdc CMakeFiles/test.dir/home/jd/projects/pico/pico-sdk/src/rp2_common/pico_stdio_usb/stdio_usb.c.obj
                0x00000000100029c8                stdio_usb_init
 .text.tud_descriptor_device_cb
                0x0000000010002aa4        0x8 CMakeFiles/test.dir/home/jd/projects/pico/pico-sdk/src/rp2_common/pico_stdio_usb/stdio_usb_descriptors.c.obj
                0x0000000010002aa4                tud_descriptor_device_cb
 .text.tud_descriptor_configuration_cb
                0x0000000010002aac        0x8 CMakeFiles/test.dir/home/jd/projects/pico/pico-sdk/src/rp2_common/pico_stdio_usb/stdio_usb_descriptors.c.obj
                0x0000000010002aac                tud_descriptor_configuration_cb
 .text.tud_descriptor_string_cb
                0x0000000010002ab4       0x74 CMakeFiles/test.dir/home/jd/projects/pico/pico-sdk/src/rp2_common/pico_stdio_usb/stdio_usb_descriptors.c.obj
                0x0000000010002ab4                tud_descriptor_string_cb
 .text.startup._retrieve_unique_id_on_boot
                0x0000000010002b28       0x10 CMakeFiles/test.dir/home/jd/projects/pico/pico-sdk/src/rp2_common/pico_unique_id/unique_id.c.obj
 .text.pico_get_unique_board_id_string
                0x0000000010002b38      0x1a8 CMakeFiles/test.dir/home/jd/projects/pico/pico-sdk/src/rp2_common/pico_unique_id/unique_id.c.obj
                0x0000000010002b38                pico_get_unique_board_id_string
 .text.flash_get_unique_id
                0x0000000010002ce0       0x40 CMakeFiles/test.dir/home/jd/projects/pico/pico-sdk/src/rp2_common/hardware_flash/flash.c.obj
                0x0000000010002ce0                flash_get_unique_id
 .text.dcd_int_enable
                0x0000000010002d20        0xc CMakeFiles/test.dir/home/jd/projects/pico/pico-sdk/lib/tinyusb/src/portable/raspberrypi/rp2040/dcd_rp2040.c.obj
                0x0000000010002d20                dcd_int_enable
 .text.dcd_set_address
                0x0000000010002d2c       0x14 CMakeFiles/test.dir/home/jd/projects/pico/pico-sdk/lib/tinyusb/src/portable/raspberrypi/rp2040/dcd_rp2040.c.obj
                0x0000000010002d2c                dcd_set_address
 .text.dcd_connect
                0x0000000010002d40       0x10 CMakeFiles/test.dir/home/jd/projects/pico/pico-sdk/lib/tinyusb/src/portable/raspberrypi/rp2040/dcd_rp2040.c.obj
                0x0000000010002d40                dcd_connect
 .text.dcd_init
                0x0000000010002d50       0x98 CMakeFiles/test.dir/home/jd/projects/pico/pico-sdk/lib/tinyusb/src/portable/raspberrypi/rp2040/dcd_rp2040.c.obj
                0x0000000010002d50                dcd_init
 .text.dcd_edpt0_status_complete
                0x0000000010002de8       0x1c CMakeFiles/test.dir/home/jd/projects/pico/pico-sdk/lib/tinyusb/src/portable/raspberrypi/rp2040/dcd_rp2040.c.obj
                0x0000000010002de8                dcd_edpt0_status_complete
 .text.dcd_edpt_open
                0x0000000010002e04      0x108 CMakeFiles/test.dir/home/jd/projects/pico/pico-sdk/lib/tinyusb/src/portable/raspberrypi/rp2040/dcd_rp2040.c.obj
                0x0000000010002e04                dcd_edpt_open
 .text.dcd_edpt_close_all
                0x0000000010002f0c        0x8 CMakeFiles/test.dir/home/jd/projects/pico/pico-sdk/lib/tinyusb/src/portable/raspberrypi/rp2040/dcd_rp2040.c.obj
                0x0000000010002f0c                dcd_edpt_close_all
 .text.dcd_edpt_xfer
                0x0000000010002f14       0x24 CMakeFiles/test.dir/home/jd/projects/pico/pico-sdk/lib/tinyusb/src/portable/raspberrypi/rp2040/dcd_rp2040.c.obj
                0x0000000010002f14                dcd_edpt_xfer
 .text.dcd_edpt_stall
                0x0000000010002f38       0x38 CMakeFiles/test.dir/home/jd/projects/pico/pico-sdk/lib/tinyusb/src/portable/raspberrypi/rp2040/dcd_rp2040.c.obj
                0x0000000010002f38                dcd_edpt_stall
 .text.dcd_edpt_clear_stall
                0x0000000010002f70       0x30 CMakeFiles/test.dir/home/jd/projects/pico/pico-sdk/lib/tinyusb/src/portable/raspberrypi/rp2040/dcd_rp2040.c.obj
                0x0000000010002f70                dcd_edpt_clear_stall
 .text.rp2040_usb_init
                0x0000000010002fa0       0x4c CMakeFiles/test.dir/home/jd/projects/pico/pico-sdk/lib/tinyusb/src/portable/raspberrypi/rp2040/rp2040_usb.c.obj
                0x0000000010002fa0                rp2040_usb_init
 .text.hw_endpoint_xfer_start
                0x0000000010002fec       0x50 CMakeFiles/test.dir/home/jd/projects/pico/pico-sdk/lib/tinyusb/src/portable/raspberrypi/rp2040/rp2040_usb.c.obj
                0x0000000010002fec                hw_endpoint_xfer_start
 .text.tud_mounted
                0x000000001000303c       0x10 CMakeFiles/test.dir/home/jd/projects/pico/pico-sdk/lib/tinyusb/src/device/usbd.c.obj
                0x000000001000303c                tud_mounted
 .text.tud_suspended
                0x000000001000304c       0x10 CMakeFiles/test.dir/home/jd/projects/pico/pico-sdk/lib/tinyusb/src/device/usbd.c.obj
                0x000000001000304c                tud_suspended
 .text.tud_inited
                0x000000001000305c       0x14 CMakeFiles/test.dir/home/jd/projects/pico/pico-sdk/lib/tinyusb/src/device/usbd.c.obj
                0x000000001000305c                tud_inited
 .text.tud_init
                0x0000000010003070       0xe4 CMakeFiles/test.dir/home/jd/projects/pico/pico-sdk/lib/tinyusb/src/device/usbd.c.obj
                0x0000000010003070                tud_init
 .text.tud_task_ext
                0x0000000010003154      0x854 CMakeFiles/test.dir/home/jd/projects/pico/pico-sdk/lib/tinyusb/src/device/usbd.c.obj
                0x0000000010003154                tud_task_ext
 .text.usbd_open_edpt_pair
                0x00000000100039a8       0x9c CMakeFiles/test.dir/home/jd/projects/pico/pico-sdk/lib/tinyusb/src/device/usbd.c.obj
                0x00000000100039a8                usbd_open_edpt_pair
 .text.usbd_defer_func
                0x0000000010003a44       0x48 CMakeFiles/test.dir/home/jd/projects/pico/pico-sdk/lib/tinyusb/src/device/usbd.c.obj
                0x0000000010003a44                usbd_defer_func
 .text.usbd_edpt_open
                0x0000000010003a8c       0x34 CMakeFiles/test.dir/home/jd/projects/pico/pico-sdk/lib/tinyusb/src/device/usbd.c.obj
                0x0000000010003a8c                usbd_edpt_open
 .text.usbd_edpt_claim
                0x0000000010003ac0       0x28 CMakeFiles/test.dir/home/jd/projects/pico/pico-sdk/lib/tinyusb/src/device/usbd.c.obj
                0x0000000010003ac0                usbd_edpt_claim
 .text.usbd_edpt_release
                0x0000000010003ae8       0x28 CMakeFiles/test.dir/home/jd/projects/pico/pico-sdk/lib/tinyusb/src/device/usbd.c.obj
                0x0000000010003ae8                usbd_edpt_release
 .text.usbd_edpt_xfer
                0x0000000010003b10       0x4c CMakeFiles/test.dir/home/jd/projects/pico/pico-sdk/lib/tinyusb/src/device/usbd.c.obj
                0x0000000010003b10                usbd_edpt_xfer
 .text.tud_control_status
                0x0000000010003b5c       0x30 CMakeFiles/test.dir/home/jd/projects/pico/pico-sdk/lib/tinyusb/src/device/usbd_control.c.obj
                0x0000000010003b5c                tud_control_status
 .text.tud_control_xfer
                0x0000000010003b8c       0xbc CMakeFiles/test.dir/home/jd/projects/pico/pico-sdk/lib/tinyusb/src/device/usbd_control.c.obj
                0x0000000010003b8c                tud_control_xfer
 .text.usbd_control_reset
                0x0000000010003c48       0x14 CMakeFiles/test.dir/home/jd/projects/pico/pico-sdk/lib/tinyusb/src/device/usbd_control.c.obj
                0x0000000010003c48                usbd_control_reset
 .text.usbd_control_set_complete_callback
                0x0000000010003c5c        0xc CMakeFiles/test.dir/home/jd/projects/pico/pico-sdk/lib/tinyusb/src/device/usbd_control.c.obj
                0x0000000010003c5c                usbd_control_set_complete_callback
 .text.usbd_control_set_request
                0x0000000010003c68       0x1c CMakeFiles/test.dir/home/jd/projects/pico/pico-sdk/lib/tinyusb/src/device/usbd_control.c.obj
                0x0000000010003c68                usbd_control_set_request
 .text.usbd_control_xfer_cb
                0x0000000010003c84       0xfc CMakeFiles/test.dir/home/jd/projects/pico/pico-sdk/lib/tinyusb/src/device/usbd_control.c.obj
                0x0000000010003c84                usbd_control_xfer_cb
 .text.tud_cdc_n_connected
                0x0000000010003d80       0x30 CMakeFiles/test.dir/home/jd/projects/pico/pico-sdk/lib/tinyusb/src/class/cdc/cdc_device.c.obj
                0x0000000010003d80                tud_cdc_n_connected
 .text.tud_cdc_n_available
                0x0000000010003db0       0x18 CMakeFiles/test.dir/home/jd/projects/pico/pico-sdk/lib/tinyusb/src/class/cdc/cdc_device.c.obj
                0x0000000010003db0                tud_cdc_n_available
 .text.tud_cdc_n_read
                0x0000000010003dc8       0x70 CMakeFiles/test.dir/home/jd/projects/pico/pico-sdk/lib/tinyusb/src/class/cdc/cdc_device.c.obj
                0x0000000010003dc8                tud_cdc_n_read
 .text.tud_cdc_n_write_flush
                0x0000000010003e38       0x78 CMakeFiles/test.dir/home/jd/projects/pico/pico-sdk/lib/tinyusb/src/class/cdc/cdc_device.c.obj
                0x0000000010003e38                tud_cdc_n_write_flush
 .text.tud_cdc_n_write
                0x0000000010003eb0       0x34 CMakeFiles/test.dir/home/jd/projects/pico/pico-sdk/lib/tinyusb/src/class/cdc/cdc_device.c.obj
                0x0000000010003eb0                tud_cdc_n_write
 .text.tud_cdc_n_write_available
                0x0000000010003ee4       0x18 CMakeFiles/test.dir/home/jd/projects/pico/pico-sdk/lib/tinyusb/src/class/cdc/cdc_device.c.obj
                0x0000000010003ee4                tud_cdc_n_write_available
 .text.cdcd_init
                0x0000000010003efc       0x7c CMakeFiles/test.dir/home/jd/projects/pico/pico-sdk/lib/tinyusb/src/class/cdc/cdc_device.c.obj
                0x0000000010003efc                cdcd_init
 .text.cdcd_reset
                0x0000000010003f78       0x2c CMakeFiles/test.dir/home/jd/projects/pico/pico-sdk/lib/tinyusb/src/class/cdc/cdc_device.c.obj
                0x0000000010003f78                cdcd_reset
 .text.cdcd_open
                0x0000000010003fa4       0xe8 CMakeFiles/test.dir/home/jd/projects/pico/pico-sdk/lib/tinyusb/src/class/cdc/cdc_device.c.obj
                0x0000000010003fa4                cdcd_open
 .text.cdcd_control_xfer_cb
                0x000000001000408c       0xe4 CMakeFiles/test.dir/home/jd/projects/pico/pico-sdk/lib/tinyusb/src/class/cdc/cdc_device.c.obj
                0x000000001000408c                cdcd_control_xfer_cb
 .text.cdcd_xfer_cb
                0x0000000010004170      0x148 CMakeFiles/test.dir/home/jd/projects/pico/pico-sdk/lib/tinyusb/src/class/cdc/cdc_device.c.obj
                0x0000000010004170                cdcd_xfer_cb
 .text.tusb_init
                0x00000000100042b8        0xc CMakeFiles/test.dir/home/jd/projects/pico/pico-sdk/lib/tinyusb/src/tusb.c.obj
                0x00000000100042b8                tusb_init
 .text.tusb_inited
                0x00000000100042c4        0x8 CMakeFiles/test.dir/home/jd/projects/pico/pico-sdk/lib/tinyusb/src/tusb.c.obj
                0x00000000100042c4                tusb_inited
 .text.tu_edpt_claim
                0x00000000100042cc       0x50 CMakeFiles/test.dir/home/jd/projects/pico/pico-sdk/lib/tinyusb/src/tusb.c.obj
                0x00000000100042cc                tu_edpt_claim
 .text.tu_edpt_release
                0x000000001000431c       0x38 CMakeFiles/test.dir/home/jd/projects/pico/pico-sdk/lib/tinyusb/src/tusb.c.obj
                0x000000001000431c                tu_edpt_release
 .text.tu_edpt_validate
                0x0000000010004354       0x78 CMakeFiles/test.dir/home/jd/projects/pico/pico-sdk/lib/tinyusb/src/tusb.c.obj
                0x0000000010004354                tu_edpt_validate
 .text.tu_edpt_bind_driver
                0x00000000100043cc       0x34 CMakeFiles/test.dir/home/jd/projects/pico/pico-sdk/lib/tinyusb/src/tusb.c.obj
                0x00000000100043cc                tu_edpt_bind_driver
 .text.tu_fifo_config
                0x0000000010004400       0x70 CMakeFiles/test.dir/home/jd/projects/pico/pico-sdk/lib/tinyusb/src/common/tusb_fifo.c.obj
                0x0000000010004400                tu_fifo_config
 .text.tu_fifo_count
                0x0000000010004470       0x2c CMakeFiles/test.dir/home/jd/projects/pico/pico-sdk/lib/tinyusb/src/common/tusb_fifo.c.obj
                0x0000000010004470                tu_fifo_count
 .text.tu_fifo_empty
                0x000000001000449c       0x10 CMakeFiles/test.dir/home/jd/projects/pico/pico-sdk/lib/tinyusb/src/common/tusb_fifo.c.obj
                0x000000001000449c                tu_fifo_empty
 .text.tu_fifo_remaining
                0x00000000100044ac       0x2c CMakeFiles/test.dir/home/jd/projects/pico/pico-sdk/lib/tinyusb/src/common/tusb_fifo.c.obj
                0x00000000100044ac                tu_fifo_remaining
 .text.tu_fifo_read
                0x00000000100044d8       0xa0 CMakeFiles/test.dir/home/jd/projects/pico/pico-sdk/lib/tinyusb/src/common/tusb_fifo.c.obj
                0x00000000100044d8                tu_fifo_read
 .text.tu_fifo_read_n
                0x0000000010004578       0xec CMakeFiles/test.dir/home/jd/projects/pico/pico-sdk/lib/tinyusb/src/common/tusb_fifo.c.obj
                0x0000000010004578                tu_fifo_read_n
 .text.tu_fifo_write
                0x0000000010004664       0x88 CMakeFiles/test.dir/home/jd/projects/pico/pico-sdk/lib/tinyusb/src/common/tusb_fifo.c.obj
                0x0000000010004664                tu_fifo_write
 .text.tu_fifo_write_n
                0x00000000100046ec      0x168 CMakeFiles/test.dir/home/jd/projects/pico/pico-sdk/lib/tinyusb/src/common/tusb_fifo.c.obj
                0x00000000100046ec                tu_fifo_write_n
 .text.tu_fifo_clear
                0x0000000010004854       0x40 CMakeFiles/test.dir/home/jd/projects/pico/pico-sdk/lib/tinyusb/src/common/tusb_fifo.c.obj
                0x0000000010004854                tu_fifo_clear
 .text.tu_fifo_set_overwritable
                0x0000000010004894       0x48 CMakeFiles/test.dir/home/jd/projects/pico/pico-sdk/lib/tinyusb/src/common/tusb_fifo.c.obj
                0x0000000010004894                tu_fifo_set_overwritable
 .text          0x00000000100048dc       0x5c /usr/lib/gcc/arm-none-eabi/10.3.1/../../../arm-none-eabi/lib/thumb/v6-m/nofp/libc.a(lib_a-strlen-stub.o)
                0x00000000100048dc                strlen
 *(.fini)
 .fini          0x0000000010004938        0x4 /usr/lib/gcc/arm-none-eabi/10.3.1/thumb/v6-m/nofp/crti.o
                0x0000000010004938                _fini
 *fill*         0x000000001000493c        0x4 
 .fini.__stub   0x0000000010004940       0xc0 linker stubs
 *crtbegin.o(.ctors)
 *crtbegin?.o(.ctors)
 *(EXCLUDE_FILE(*crtend.o *crtend?.o) .ctors)
 *(SORT_BY_NAME(.ctors.*))
 *(.ctors)
 *crtbegin.o(.dtors)
 *crtbegin?.o(.dtors)
 *(EXCLUDE_FILE(*crtend.o *crtend?.o) .dtors)
 *(SORT_BY_NAME(.dtors.*))
 *(.dtors)
 *(.eh_frame*)
 .eh_frame      0x0000000010004a00        0x0 /usr/lib/gcc/arm-none-eabi/10.3.1/thumb/v6-m/nofp/crtbegin.o
                0x0000000010004a00                . = ALIGN (0x4)

.glue_7         0x0000000010004a00        0x0
 .glue_7        0x0000000010004a00        0x0 linker stubs

.glue_7t        0x0000000010004a00        0x0
 .glue_7t       0x0000000010004a00        0x0 linker stubs

.vfp11_veneer   0x0000000010004a00        0x0
 .vfp11_veneer  0x0000000010004a00        0x0 linker stubs

.v4_bx          0x0000000010004a00        0x0
 .v4_bx         0x0000000010004a00        0x0 linker stubs

.iplt           0x0000000010004a00        0x0
 .iplt          0x0000000010004a00        0x0 /usr/lib/gcc/arm-none-eabi/10.3.1/thumb/v6-m/nofp/crtbegin.o

.rodata         0x0000000010004a00      0x358
 *(EXCLUDE_FILE(*libm.a: *libc.a:*lib_a-mem*.o *libgcc.a:) .rodata*)
 .rodata.main.str1.4
                0x0000000010004a00        0xd CMakeFiles/test.dir/test.c.obj
 *fill*         0x0000000010004a0d        0x3 
 .rodata.str1.4
                0x0000000010004a10       0x25 CMakeFiles/test.dir/test.c.obj
 *fill*         0x0000000010004a35        0x3 
 .rodata.__bi_10.1
                0x0000000010004a38        0xc CMakeFiles/test.dir/test.c.obj
 .rodata.__bi_9.0
                0x0000000010004a44        0xc CMakeFiles/test.dir/test.c.obj
 .rodata.spin_lock_claim_unused.str1.4
                0x0000000010004a50       0x1b CMakeFiles/test.dir/home/jd/projects/pico/pico-sdk/src/rp2_common/hardware_sync/sync.c.obj
 *fill*         0x0000000010004a6b        0x1 
 .rodata.user_irq_claim_unused.str1.4
                0x0000000010004a6c       0x1b CMakeFiles/test.dir/home/jd/projects/pico/pico-sdk/src/rp2_common/hardware_irq/irq.c.obj
 *fill*         0x0000000010004a87        0x1 
 .rodata.hardware_alarm_claim.str1.4
                0x0000000010004a88       0x22 CMakeFiles/test.dir/home/jd/projects/pico/pico-sdk/src/rp2_common/hardware_timer/timer.c.obj
 *fill*         0x0000000010004aaa        0x2 
 .rodata.panic.str1.4
                0x0000000010004aac       0x12 CMakeFiles/test.dir/home/jd/projects/pico/pico-sdk/src/rp2_common/pico_runtime/runtime.c.obj
 *fill*         0x0000000010004abe        0x2 
 .rodata.hard_assertion_failure.str1.4
                0x0000000010004ac0        0xc CMakeFiles/test.dir/home/jd/projects/pico/pico-sdk/src/rp2_common/pico_runtime/runtime.c.obj
 .rodata.str1.4
                0x0000000010004acc       0x3c CMakeFiles/test.dir/home/jd/projects/pico/pico-sdk/src/rp2_common/pico_standard_link/binary_info.c.obj
 .rodata.__bi_44
                0x0000000010004b08        0xc CMakeFiles/test.dir/home/jd/projects/pico/pico-sdk/src/rp2_common/pico_standard_link/binary_info.c.obj
 .rodata.__bi_75
                0x0000000010004b14        0xc CMakeFiles/test.dir/home/jd/projects/pico/pico-sdk/src/rp2_common/pico_standard_link/binary_info.c.obj
 .rodata.__bi_81
                0x0000000010004b20        0xc CMakeFiles/test.dir/home/jd/projects/pico/pico-sdk/src/rp2_common/pico_standard_link/binary_info.c.obj
 .rodata.crlf_str.0
                0x0000000010004b2c        0x2 CMakeFiles/test.dir/home/jd/projects/pico/pico-sdk/src/rp2_common/pico_stdio/stdio.c.obj
 *fill*         0x0000000010004b2e        0x2 
 .rodata.str1.4
                0x0000000010004b30       0x2c CMakeFiles/test.dir/home/jd/projects/pico/pico-sdk/src/rp2_common/pico_stdio_uart/stdio_uart.c.obj
 .rodata.__bi_33.4
                0x0000000010004b5c        0xc CMakeFiles/test.dir/home/jd/projects/pico/pico-sdk/src/rp2_common/pico_stdio_uart/stdio_uart.c.obj
 .rodata.__bi_34.5
                0x0000000010004b68        0x8 CMakeFiles/test.dir/home/jd/projects/pico/pico-sdk/src/rp2_common/pico_stdio_uart/stdio_uart.c.obj
 .rodata._resetd_driver
                0x0000000010004b70       0x18 CMakeFiles/test.dir/home/jd/projects/pico/pico-sdk/src/rp2_common/pico_stdio_usb/reset_interface.c.obj
 .rodata.str1.4
                0x0000000010004b88       0x13 CMakeFiles/test.dir/home/jd/projects/pico/pico-sdk/src/rp2_common/pico_stdio_usb/stdio_usb.c.obj
 *fill*         0x0000000010004b9b        0x1 
 .rodata.__bi_188.0
                0x0000000010004b9c        0xc CMakeFiles/test.dir/home/jd/projects/pico/pico-sdk/src/rp2_common/pico_stdio_usb/stdio_usb.c.obj
 .rodata.str1.4
                0x0000000010004ba8       0x2a CMakeFiles/test.dir/home/jd/projects/pico/pico-sdk/src/rp2_common/pico_stdio_usb/stdio_usb_descriptors.c.obj
 *fill*         0x0000000010004bd2        0x2 
 .rodata.usbd_desc_cfg
                0x0000000010004bd4       0x54 CMakeFiles/test.dir/home/jd/projects/pico/pico-sdk/src/rp2_common/pico_stdio_usb/stdio_usb_descriptors.c.obj
 .rodata.usbd_desc_device
                0x0000000010004c28       0x12 CMakeFiles/test.dir/home/jd/projects/pico/pico-sdk/src/rp2_common/pico_stdio_usb/stdio_usb_descriptors.c.obj
 *fill*         0x0000000010004c3a        0x2 
 .rodata.usbd_desc_str
                0x0000000010004c3c       0x18 CMakeFiles/test.dir/home/jd/projects/pico/pico-sdk/src/rp2_common/pico_stdio_usb/stdio_usb_descriptors.c.obj
 .rodata.str1.4
                0x0000000010004c54       0x14 CMakeFiles/test.dir/home/jd/projects/pico/pico-sdk/lib/tinyusb/src/portable/raspberrypi/rp2040/dcd_rp2040.c.obj
 .rodata.str1.4
                0x0000000010004c68       0x49 CMakeFiles/test.dir/home/jd/projects/pico/pico-sdk/lib/tinyusb/src/portable/raspberrypi/rp2040/rp2040_usb.c.obj
                                         0x53 (size before relaxing)
 *fill*         0x0000000010004cb1        0x3 
 .rodata.tud_task_ext
                0x0000000010004cb4       0x8c CMakeFiles/test.dir/home/jd/projects/pico/pico-sdk/lib/tinyusb/src/device/usbd.c.obj
 .rodata._usbd_driver
                0x0000000010004d40       0x18 CMakeFiles/test.dir/home/jd/projects/pico/pico-sdk/lib/tinyusb/src/device/usbd.c.obj
                0x0000000010004d58                . = ALIGN (0x4)
 *(SORT_BY_ALIGNMENT(SORT_BY_NAME(.flashdata*)))
                0x0000000010004d58                . = ALIGN (0x4)

.rel.dyn        0x0000000010004d58        0x0
 .rel.iplt      0x0000000010004d58        0x0 /usr/lib/gcc/arm-none-eabi/10.3.1/thumb/v6-m/nofp/crtbegin.o

.ARM.extab
 *(.ARM.extab* .gnu.linkonce.armextab.*)
                0x0000000010004d58                __exidx_start = .

.ARM.exidx
 *(.ARM.exidx* .gnu.linkonce.armexidx.*)
                0x0000000010004d58                __exidx_end = .
                0x0000000010004d58                . = ALIGN (0x4)
                0x0000000010004d58                __binary_info_start = .

.binary_info    0x0000000010004d58       0x30
 *(.binary_info.keep.*)
 .binary_info.keep.__bi_ptr10
                0x0000000010004d58        0x4 CMakeFiles/test.dir/test.c.obj
 .binary_info.keep.__bi_ptr9
                0x0000000010004d5c        0x4 CMakeFiles/test.dir/test.c.obj
 .binary_info.keep.__bi_ptr22
                0x0000000010004d60        0x4 CMakeFiles/test.dir/home/jd/projects/pico/pico-sdk/src/rp2_common/pico_standard_link/binary_info.c.obj
 .binary_info.keep.__bi_ptr30
                0x0000000010004d64        0x4 CMakeFiles/test.dir/home/jd/projects/pico/pico-sdk/src/rp2_common/pico_standard_link/binary_info.c.obj
 .binary_info.keep.__bi_ptr38
                0x0000000010004d68        0x4 CMakeFiles/test.dir/home/jd/projects/pico/pico-sdk/src/rp2_common/pico_standard_link/binary_info.c.obj
 .binary_info.keep.__bi_ptr44
                0x0000000010004d6c        0x4 CMakeFiles/test.dir/home/jd/projects/pico/pico-sdk/src/rp2_common/pico_standard_link/binary_info.c.obj
 .binary_info.keep.__bi_ptr50
                0x0000000010004d70        0x4 CMakeFiles/test.dir/home/jd/projects/pico/pico-sdk/src/rp2_common/pico_standard_link/binary_info.c.obj
 .binary_info.keep.__bi_ptr75
                0x0000000010004d74        0x4 CMakeFiles/test.dir/home/jd/projects/pico/pico-sdk/src/rp2_common/pico_standard_link/binary_info.c.obj
 .binary_info.keep.__bi_ptr81
                0x0000000010004d78        0x4 CMakeFiles/test.dir/home/jd/projects/pico/pico-sdk/src/rp2_common/pico_standard_link/binary_info.c.obj
 *(.binary_info.*)
 .binary_info.__bi_ptr33
                0x0000000010004d7c        0x4 CMakeFiles/test.dir/home/jd/projects/pico/pico-sdk/src/rp2_common/pico_stdio_uart/stdio_uart.c.obj
 .binary_info.__bi_ptr34
                0x0000000010004d80        0x4 CMakeFiles/test.dir/home/jd/projects/pico/pico-sdk/src/rp2_common/pico_stdio_uart/stdio_uart.c.obj
 .binary_info.__bi_ptr188
                0x0000000010004d84        0x4 CMakeFiles/test.dir/home/jd/projects/pico/pico-sdk/src/rp2_common/pico_stdio_usb/stdio_usb.c.obj
                0x0000000010004d88                __binary_info_end = .
                0x0000000010004d88                . = ALIGN (0x4)
                0x0000000010004d88                __etext = .

.ram_vector_table
                0x0000000020000000       0xc0
 *(.ram_vector_table)
 .ram_vector_table
                0x0000000020000000       0xc0 CMakeFiles/test.dir/home/jd/projects/pico/pico-sdk/src/rp2_common/pico_runtime/runtime.c.obj
                0x0000000020000000                ram_vector_table

.data           0x00000000200000c0      0xe68 load address 0x0000000010004d88
                0x00000000200000c0                __data_start__ = .
 *(vtable)
 *(.time_critical*)
 .time_critical.mutex_try_enter
                0x00000000200000c0       0x44 CMakeFiles/test.dir/home/jd/projects/pico/pico-sdk/src/common/pico_sync/mutex.c.obj
                0x00000000200000c0                mutex_try_enter
 .time_critical.mutex_try_enter_block_until
                0x0000000020000104       0x9c CMakeFiles/test.dir/home/jd/projects/pico/pico-sdk/src/common/pico_sync/mutex.c.obj
                0x0000000020000104                mutex_try_enter_block_until
 .time_critical.mutex_enter_timeout_ms
                0x00000000200001a0       0x90 CMakeFiles/test.dir/home/jd/projects/pico/pico-sdk/src/common/pico_sync/mutex.c.obj
                0x00000000200001a0                mutex_enter_timeout_ms
 .time_critical.mutex_exit
                0x0000000020000230       0x28 CMakeFiles/test.dir/home/jd/projects/pico/pico-sdk/src/common/pico_sync/mutex.c.obj
                0x0000000020000230                mutex_exit
 .time_critical.flash_init_boot2_copyout
                0x0000000020000258       0x30 CMakeFiles/test.dir/home/jd/projects/pico/pico-sdk/src/rp2_common/hardware_flash/flash.c.obj
 .time_critical.flash_enable_xip_via_boot2
                0x0000000020000288       0x10 CMakeFiles/test.dir/home/jd/projects/pico/pico-sdk/src/rp2_common/hardware_flash/flash.c.obj
 .time_critical.flash_cs_force
                0x0000000020000298       0x38 CMakeFiles/test.dir/home/jd/projects/pico/pico-sdk/src/rp2_common/hardware_flash/flash.c.obj
 .time_critical.flash_do_cmd
                0x00000000200002d0       0xc4 CMakeFiles/test.dir/home/jd/projects/pico/pico-sdk/src/rp2_common/hardware_flash/flash.c.obj
                0x00000000200002d0                flash_do_cmd
 .time_critical.reset_non_control_endpoints
                0x0000000020000394       0xbc CMakeFiles/test.dir/home/jd/projects/pico/pico-sdk/lib/tinyusb/src/portable/raspberrypi/rp2040/dcd_rp2040.c.obj
 .time_critical.hw_handle_buff_status
                0x0000000020000450       0xa8 CMakeFiles/test.dir/home/jd/projects/pico/pico-sdk/lib/tinyusb/src/portable/raspberrypi/rp2040/dcd_rp2040.c.obj
 .time_critical.dcd_rp2040_irq
                0x00000000200004f8      0x4d8 CMakeFiles/test.dir/home/jd/projects/pico/pico-sdk/lib/tinyusb/src/portable/raspberrypi/rp2040/dcd_rp2040.c.obj
 .time_critical.e15_is_bulkin_ep
                0x00000000200009d0       0x28 CMakeFiles/test.dir/home/jd/projects/pico/pico-sdk/lib/tinyusb/src/portable/raspberrypi/rp2040/rp2040_usb.c.obj
 .time_critical.e15_is_critical_frame_period
                0x00000000200009f8       0x34 CMakeFiles/test.dir/home/jd/projects/pico/pico-sdk/lib/tinyusb/src/portable/raspberrypi/rp2040/rp2040_usb.c.obj
 .time_critical.prepare_ep_buffer
                0x0000000020000a2c       0x70 CMakeFiles/test.dir/home/jd/projects/pico/pico-sdk/lib/tinyusb/src/portable/raspberrypi/rp2040/rp2040_usb.c.obj
 .time_critical.sync_ep_buffer
                0x0000000020000a9c       0x4c CMakeFiles/test.dir/home/jd/projects/pico/pico-sdk/lib/tinyusb/src/portable/raspberrypi/rp2040/rp2040_usb.c.obj
 .time_critical._hw_endpoint_xfer_sync
                0x0000000020000ae8       0x28 CMakeFiles/test.dir/home/jd/projects/pico/pico-sdk/lib/tinyusb/src/portable/raspberrypi/rp2040/rp2040_usb.c.obj
 .time_critical.hw_endpoint_reset_transfer
                0x0000000020000b10        0xc CMakeFiles/test.dir/home/jd/projects/pico/pico-sdk/lib/tinyusb/src/portable/raspberrypi/rp2040/rp2040_usb.c.obj
                0x0000000020000b10                hw_endpoint_reset_transfer
 .time_critical._hw_endpoint_buffer_control_update32
                0x0000000020000b1c       0x58 CMakeFiles/test.dir/home/jd/projects/pico/pico-sdk/lib/tinyusb/src/portable/raspberrypi/rp2040/rp2040_usb.c.obj
                0x0000000020000b1c                _hw_endpoint_buffer_control_update32
 .time_critical.hw_endpoint_start_next_buffer
                0x0000000020000b74       0x6c CMakeFiles/test.dir/home/jd/projects/pico/pico-sdk/lib/tinyusb/src/portable/raspberrypi/rp2040/rp2040_usb.c.obj
                0x0000000020000b74                hw_endpoint_start_next_buffer
 .time_critical.hw_endpoint_xfer_continue
                0x0000000020000be0       0x50 CMakeFiles/test.dir/home/jd/projects/pico/pico-sdk/lib/tinyusb/src/portable/raspberrypi/rp2040/rp2040_usb.c.obj
                0x0000000020000be0                hw_endpoint_xfer_continue
 .time_critical.tinyusb
                0x0000000020000c30      0x170 CMakeFiles/test.dir/home/jd/projects/pico/pico-sdk/lib/tinyusb/src/device/usbd.c.obj
                0x0000000020000c30                dcd_event_handler
 *(.text*)
 .text          0x0000000020000da0        0x4 /usr/lib/gcc/arm-none-eabi/10.3.1/thumb/v6-m/nofp/libgcc.a(_dvmd_tls.o)
                0x0000000020000da0                __aeabi_ldiv0
                0x0000000020000da0                __aeabi_idiv0
 *fill*         0x0000000020000da4        0x4 
 .text.__stub   0x0000000020000da8       0x70 linker stubs
                0x0000000020000e18                . = ALIGN (0x4)
 *(.rodata*)
                0x0000000020000e18                . = ALIGN (0x4)
 *(.data*)
 .data.striped_spin_lock_num
                0x0000000020000e18        0x1 CMakeFiles/test.dir/home/jd/projects/pico/pico-sdk/src/rp2_common/hardware_sync/sync.c.obj
 *fill*         0x0000000020000e19        0x3 
 .data          0x0000000020000e1c       0x48 CMakeFiles/test.dir/home/jd/projects/pico/pico-sdk/src/rp2_common/hardware_irq/irq_handler_chain.S.obj
                0x0000000020000e1c                irq_handler_chain_slots
                0x0000000020000e4c                irq_handler_chain_first_slot
                0x0000000020000e56                irq_handler_chain_remove_tail
 .data.default_alarm_pool
                0x0000000020000e64       0x18 CMakeFiles/test.dir/home/jd/projects/pico/pico-sdk/src/common/pico_time/time.c.obj
 .data.default_alarm_pool_heap
                0x0000000020000e7c       0x10 CMakeFiles/test.dir/home/jd/projects/pico/pico-sdk/src/common/pico_time/time.c.obj
 *fill*         0x0000000020000e8c        0x4 
 .data.aeabi_bits_funcs
                0x0000000020000e90       0x10 CMakeFiles/test.dir/home/jd/projects/pico/pico-sdk/src/rp2_common/pico_bit_ops/bit_ops_aeabi.S.obj
                0x0000000020000e90                aeabi_bits_funcs
                0x0000000020000ea0                aeabi_bits_funcs_end
 .data.aeabi_mem_funcs
                0x0000000020000ea0       0x10 CMakeFiles/test.dir/home/jd/projects/pico/pico-sdk/src/rp2_common/pico_mem_ops/mem_ops_aeabi.S.obj
                0x0000000020000ea0                aeabi_mem_funcs
                0x0000000020000eb0                aeabi_mem_funcs_end
 .data.stdio_uart
                0x0000000020000eb0       0x18 CMakeFiles/test.dir/home/jd/projects/pico/pico-sdk/src/rp2_common/pico_stdio_uart/stdio_uart.c.obj
                0x0000000020000eb0                stdio_uart
 .data.stdio_usb
                0x0000000020000ec8       0x18 CMakeFiles/test.dir/home/jd/projects/pico/pico-sdk/src/rp2_common/pico_stdio_usb/stdio_usb.c.obj
                0x0000000020000ec8                stdio_usb
 .data.ep_dir_string
                0x0000000020000ee0        0x8 CMakeFiles/test.dir/home/jd/projects/pico/pico-sdk/lib/tinyusb/src/portable/raspberrypi/rp2040/rp2040_usb.c.obj
                0x0000000020000ee0                ep_dir_string
 .data._usbd_qdef
                0x0000000020000ee8       0x1c CMakeFiles/test.dir/home/jd/projects/pico/pico-sdk/lib/tinyusb/src/device/usbd.c.obj
                0x0000000020000ee8                _usbd_qdef
 .data._usbd_rhport
                0x0000000020000f04        0x1 CMakeFiles/test.dir/home/jd/projects/pico/pico-sdk/lib/tinyusb/src/device/usbd.c.obj
                0x0000000020000f08                . = ALIGN (0x4)
 *fill*         0x0000000020000f05        0x3 
 *(.after_data.*)
                0x0000000020000f08                . = ALIGN (0x4)
                0x0000000020000f08                PROVIDE (__mutex_array_start = .)
 *(SORT_BY_NAME(.mutex_array.*))
 *(.mutex_array)
 .mutex_array   0x0000000020000f08        0x8 CMakeFiles/test.dir/home/jd/projects/pico/pico-sdk/src/rp2_common/pico_stdio/stdio.c.obj
                0x0000000020000f10                PROVIDE (__mutex_array_end = .)
                0x0000000020000f10                . = ALIGN (0x4)
                0x0000000020000f10                PROVIDE (__preinit_array_start = .)
 *(SORT_BY_NAME(.preinit_array.*))
 .preinit_array.00001
                0x0000000020000f10        0x4 CMakeFiles/test.dir/home/jd/projects/pico/pico-sdk/src/rp2_common/pico_mem_ops/mem_ops_aeabi.S.obj
 .preinit_array.00010
                0x0000000020000f14        0x4 CMakeFiles/test.dir/home/jd/projects/pico/pico-sdk/src/rp2_common/pico_bit_ops/bit_ops_aeabi.S.obj
 .preinit_array.00020
                0x0000000020000f18        0x4 CMakeFiles/test.dir/home/jd/projects/pico/pico-sdk/src/rp2_common/pico_double/double_aeabi.S.obj
 .preinit_array.00020
                0x0000000020000f1c        0x4 CMakeFiles/test.dir/home/jd/projects/pico/pico-sdk/src/rp2_common/pico_float/float_aeabi.S.obj
 *(.preinit_array)
                0x0000000020000f20                PROVIDE (__preinit_array_end = .)
                0x0000000020000f20                . = ALIGN (0x4)
                0x0000000020000f20                PROVIDE (__init_array_start = .)
 *(SORT_BY_NAME(.init_array.*))
 *(.init_array)
 .init_array    0x0000000020000f20        0x4 /usr/lib/gcc/arm-none-eabi/10.3.1/thumb/v6-m/nofp/crtbegin.o
 .init_array    0x0000000020000f24        0x4 CMakeFiles/test.dir/home/jd/projects/pico/pico-sdk/src/rp2_common/pico_unique_id/unique_id.c.obj
                0x0000000020000f28                PROVIDE (__init_array_end = .)
                0x0000000020000f28                . = ALIGN (0x4)
                0x0000000020000f28                PROVIDE (__fini_array_start = .)
 *(SORT_BY_NAME(.fini_array.*))
 *(.fini_array)
                0x0000000020000f28                PROVIDE (__fini_array_end = .)
 *(.jcr)
                0x0000000020000f28                . = ALIGN (0x4)
                0x0000000020000f28                __data_end__ = .

.tm_clone_table
                0x0000000020000f28        0x0 load address 0x0000000010005bf0
 .tm_clone_table
                0x0000000020000f28        0x0 /usr/lib/gcc/arm-none-eabi/10.3.1/thumb/v6-m/nofp/crtbegin.o
 .tm_clone_table
                0x0000000020000f28        0x0 /usr/lib/gcc/arm-none-eabi/10.3.1/thumb/v6-m/nofp/crtend.o

.igot.plt       0x0000000020000f28        0x0 load address 0x0000000010005bf0
 .igot.plt      0x0000000020000f28        0x0 /usr/lib/gcc/arm-none-eabi/10.3.1/thumb/v6-m/nofp/crtbegin.o

.uninitialized_data
                0x0000000020000f28        0x0 load address 0x0000000010005bf0
                0x0000000020000f28                . = ALIGN (0x4)
 *(.uninitialized_data*)

.scratch_x      0x0000000020040000        0x0 load address 0x0000000010005bf0
                0x0000000020040000                __scratch_x_start__ = .
 *(.scratch_x.*)
                0x0000000020040000                . = ALIGN (0x4)
                0x0000000020040000                __scratch_x_end__ = .
                0x0000000010005bf0                __scratch_x_source__ = LOADADDR (.scratch_x)

.scratch_y      0x0000000020041000        0x0 load address 0x0000000010005bf0
                0x0000000020041000                __scratch_y_start__ = .
 *(.scratch_y.*)
                0x0000000020041000                . = ALIGN (0x4)
                0x0000000020041000                __scratch_y_end__ = .
                0x0000000010005bf0                __scratch_y_source__ = LOADADDR (.scratch_y)

.bss            0x0000000020000f28      0xd98
                0x0000000020000f28                . = ALIGN (0x4)
                0x0000000020000f28                __bss_start__ = .
 *(SORT_BY_ALIGNMENT(SORT_BY_NAME(.bss*)))
 .bss.default_alarm_pool_entries
                0x0000000020000f28      0x100 CMakeFiles/test.dir/home/jd/projects/pico/pico-sdk/src/common/pico_time/time.c.obj
 .bss.last_avail_time.1
                0x0000000020001028        0x8 CMakeFiles/test.dir/home/jd/projects/pico/pico-sdk/src/rp2_common/pico_stdio_usb/stdio_usb.c.obj
 .bss.sd_table  0x0000000020001030      0x100 CMakeFiles/test.dir/home/jd/projects/pico/pico-sdk/src/rp2_common/pico_double/double_init_rom.c.obj
                0x0000000020001030                sd_table
 .bss.sf_table  0x0000000020001130      0x100 CMakeFiles/test.dir/home/jd/projects/pico/pico-sdk/src/rp2_common/pico_float/float_init_rom.c.obj
                0x0000000020001130                sf_table
 .bss           0x0000000020001230       0x1c /usr/lib/gcc/arm-none-eabi/10.3.1/thumb/v6-m/nofp/crtbegin.o
 .bss._app_driver
                0x000000002000124c        0x4 CMakeFiles/test.dir/home/jd/projects/pico/pico-sdk/lib/tinyusb/src/device/usbd.c.obj
 .bss._cdcd_itf
                0x0000000020001250      0x2c8 CMakeFiles/test.dir/home/jd/projects/pico/pico-sdk/lib/tinyusb/src/class/cdc/cdc_device.c.obj
 .bss._ctrl_xfer
                0x0000000020001518       0x14 CMakeFiles/test.dir/home/jd/projects/pico/pico-sdk/lib/tinyusb/src/device/usbd_control.c.obj
 .bss._ubsd_mutexdef
                0x000000002000152c        0x8 CMakeFiles/test.dir/home/jd/projects/pico/pico-sdk/lib/tinyusb/src/device/usbd.c.obj
 .bss._usbd_ctrl_buf
                0x0000000020001534       0x40 CMakeFiles/test.dir/home/jd/projects/pico/pico-sdk/lib/tinyusb/src/device/usbd_control.c.obj
 .bss._usbd_dev
                0x0000000020001574       0x53 CMakeFiles/test.dir/home/jd/projects/pico/pico-sdk/lib/tinyusb/src/device/usbd.c.obj
 *fill*         0x00000000200015c7        0x1 
 .bss._usbd_mutex
                0x00000000200015c8        0x4 CMakeFiles/test.dir/home/jd/projects/pico/pico-sdk/lib/tinyusb/src/device/usbd.c.obj
 .bss._usbd_q   0x00000000200015cc        0x4 CMakeFiles/test.dir/home/jd/projects/pico/pico-sdk/lib/tinyusb/src/device/usbd.c.obj
 .bss._usbd_qdef_buf
                0x00000000200015d0       0xc0 CMakeFiles/test.dir/home/jd/projects/pico/pico-sdk/lib/tinyusb/src/device/usbd.c.obj
                0x00000000200015d0                _usbd_qdef_buf
 .bss.alarm_callbacks
                0x0000000020001690       0x10 CMakeFiles/test.dir/home/jd/projects/pico/pico-sdk/src/rp2_common/hardware_timer/timer.c.obj
 .bss.boot2_copyout
                0x00000000200016a0      0x100 CMakeFiles/test.dir/home/jd/projects/pico/pico-sdk/src/rp2_common/hardware_flash/flash.c.obj
 .bss.chars_available_callback
                0x00000000200017a0        0x4 CMakeFiles/test.dir/home/jd/projects/pico/pico-sdk/src/rp2_common/pico_stdio_uart/stdio_uart.c.obj
 .bss.chars_available_callback
                0x00000000200017a4        0x4 CMakeFiles/test.dir/home/jd/projects/pico/pico-sdk/src/rp2_common/pico_stdio_usb/stdio_usb.c.obj
 .bss.chars_available_param
                0x00000000200017a8        0x4 CMakeFiles/test.dir/home/jd/projects/pico/pico-sdk/src/rp2_common/pico_stdio_uart/stdio_uart.c.obj
 .bss.chars_available_param
                0x00000000200017ac        0x4 CMakeFiles/test.dir/home/jd/projects/pico/pico-sdk/src/rp2_common/pico_stdio_usb/stdio_usb.c.obj
 .bss.claimed   0x00000000200017b0        0x4 CMakeFiles/test.dir/home/jd/projects/pico/pico-sdk/src/rp2_common/hardware_sync/sync.c.obj
 .bss.configured_freq
                0x00000000200017b4       0x28 CMakeFiles/test.dir/home/jd/projects/pico/pico-sdk/src/rp2_common/hardware_clocks/clocks.c.obj
 .bss.default_alarm_pool_entry_ids_high
                0x00000000200017dc       0x10 CMakeFiles/test.dir/home/jd/projects/pico/pico-sdk/src/common/pico_time/time.c.obj
 .bss.default_alarm_pool_heap_nodes
                0x00000000200017ec       0x30 CMakeFiles/test.dir/home/jd/projects/pico/pico-sdk/src/common/pico_time/time.c.obj
 .bss.desc_str.0
                0x000000002000181c       0x28 CMakeFiles/test.dir/home/jd/projects/pico/pico-sdk/src/rp2_common/pico_stdio_usb/stdio_usb_descriptors.c.obj
 .bss.drivers   0x0000000020001844        0x4 CMakeFiles/test.dir/home/jd/projects/pico/pico-sdk/src/rp2_common/pico_stdio/stdio.c.obj
 .bss.e15_last_sof
                0x0000000020001848        0x4 CMakeFiles/test.dir/home/jd/projects/pico/pico-sdk/lib/tinyusb/src/portable/raspberrypi/rp2040/rp2040_usb.c.obj
                0x0000000020001848                e15_last_sof
 .bss.filter    0x000000002000184c        0x4 CMakeFiles/test.dir/home/jd/projects/pico/pico-sdk/src/rp2_common/pico_stdio/stdio.c.obj
 .bss.hw_endpoints
                0x0000000020001850      0x400 CMakeFiles/test.dir/home/jd/projects/pico/pico-sdk/lib/tinyusb/src/portable/raspberrypi/rp2040/dcd_rp2040.c.obj
 .bss.lazy_vsnprintf
                0x0000000020001c50        0x4 CMakeFiles/test.dir/home/jd/projects/pico/pico-sdk/src/rp2_common/pico_printf/printf.c.obj
 .bss.load_value
                0x0000000020001c54        0x4 CMakeFiles/test.dir/home/jd/projects/pico/pico-sdk/src/rp2_common/hardware_watchdog/watchdog.c.obj
 .bss.next_buffer_ptr
                0x0000000020001c58        0x4 CMakeFiles/test.dir/home/jd/projects/pico/pico-sdk/lib/tinyusb/src/portable/raspberrypi/rp2040/dcd_rp2040.c.obj
 .bss.one_shot_timer_crit_sec
                0x0000000020001c5c        0x8 CMakeFiles/test.dir/home/jd/projects/pico/pico-sdk/src/rp2_common/pico_stdio_usb/stdio_usb.c.obj
 .bss.pools     0x0000000020001c64       0x10 CMakeFiles/test.dir/home/jd/projects/pico/pico-sdk/src/common/pico_time/time.c.obj
 .bss.retrieved_id
                0x0000000020001c74        0x8 CMakeFiles/test.dir/home/jd/projects/pico/pico-sdk/src/rp2_common/pico_unique_id/unique_id.c.obj
 .bss.sf_clz_func
                0x0000000020001c7c        0x4 CMakeFiles/test.dir/home/jd/projects/pico/pico-sdk/src/rp2_common/pico_double/double_init_rom.c.obj
                0x0000000020001c7c                sf_clz_func
 .bss.sleep_notifier
                0x0000000020001c80        0x4 CMakeFiles/test.dir/home/jd/projects/pico/pico-sdk/src/common/pico_time/time.c.obj
 .bss.stdio_usb_mutex
                0x0000000020001c84        0x8 CMakeFiles/test.dir/home/jd/projects/pico/pico-sdk/src/rp2_common/pico_stdio_usb/stdio_usb.c.obj
 .bss.target_hi
                0x0000000020001c8c       0x10 CMakeFiles/test.dir/home/jd/projects/pico/pico-sdk/src/rp2_common/hardware_timer/timer.c.obj
 .bss.uart_char_to_line_feed
                0x0000000020001c9c        0x4 CMakeFiles/test.dir/home/jd/projects/pico/pico-sdk/src/rp2_common/hardware_uart/uart.c.obj
                0x0000000020001c9c                uart_char_to_line_feed
 .bss.uart_instance
                0x0000000020001ca0        0x4 CMakeFiles/test.dir/home/jd/projects/pico/pico-sdk/src/rp2_common/pico_stdio_uart/stdio_uart.c.obj
 .bss.usbd_serial_str
                0x0000000020001ca4       0x11 CMakeFiles/test.dir/home/jd/projects/pico/pico-sdk/src/rp2_common/pico_stdio_usb/stdio_usb_descriptors.c.obj
 .bss._app_driver_count
                0x0000000020001cb5        0x1 CMakeFiles/test.dir/home/jd/projects/pico/pico-sdk/lib/tinyusb/src/device/usbd.c.obj
 .bss._sof_enable
                0x0000000020001cb6        0x1 CMakeFiles/test.dir/home/jd/projects/pico/pico-sdk/lib/tinyusb/src/portable/raspberrypi/rp2040/dcd_rp2040.c.obj
 .bss.boot2_copyout_valid
                0x0000000020001cb7        0x1 CMakeFiles/test.dir/home/jd/projects/pico/pico-sdk/src/rp2_common/hardware_flash/flash.c.obj
 .bss.claimed   0x0000000020001cb8        0x1 CMakeFiles/test.dir/home/jd/projects/pico/pico-sdk/src/rp2_common/hardware_timer/timer.c.obj
 .bss.irq_hander_chain_free_slot_head
                0x0000000020001cb9        0x1 CMakeFiles/test.dir/home/jd/projects/pico/pico-sdk/src/rp2_common/hardware_irq/irq.c.obj
 .bss.itf_num   0x0000000020001cba        0x1 CMakeFiles/test.dir/home/jd/projects/pico/pico-sdk/src/rp2_common/pico_stdio_usb/reset_interface.c.obj
 .bss.low_priority_irq_num
                0x0000000020001cbb        0x1 CMakeFiles/test.dir/home/jd/projects/pico/pico-sdk/src/rp2_common/pico_stdio_usb/stdio_usb.c.obj
 .bss.one_shot_timer_pending
                0x0000000020001cbc        0x1 CMakeFiles/test.dir/home/jd/projects/pico/pico-sdk/src/rp2_common/pico_stdio_usb/stdio_usb.c.obj
 .bss.timer_callbacks_pending
                0x0000000020001cbd        0x1 CMakeFiles/test.dir/home/jd/projects/pico/pico-sdk/src/rp2_common/hardware_timer/timer.c.obj
 .bss.user_irq_claimed
                0x0000000020001cbe        0x1 CMakeFiles/test.dir/home/jd/projects/pico/pico-sdk/src/rp2_common/hardware_irq/irq.c.obj
 *(COMMON)
                0x0000000020001cc0                . = ALIGN (0x4)
 *fill*         0x0000000020001cbf        0x1 
                0x0000000020001cc0                __bss_end__ = .

.heap           0x0000000020001cc0      0x800
                0x0000000020001cc0                __end__ = .
                0x0000000020001cc0                end = __end__
 *(.heap*)
 .heap          0x0000000020001cc0      0x800 CMakeFiles/test.dir/home/jd/projects/pico/pico-sdk/src/rp2_common/pico_standard_link/crt0.S.obj
                0x00000000200024c0                __HeapLimit = .

.stack1_dummy   0x0000000020040000        0x0
 *(.stack1*)

.stack_dummy    0x0000000020041000      0x800
 *(.stack*)
 .stack         0x0000000020041000      0x800 CMakeFiles/test.dir/home/jd/projects/pico/pico-sdk/src/rp2_common/pico_standard_link/crt0.S.obj

.flash_end      0x0000000010005bf0        0x0
                0x0000000010005bf0                __flash_binary_end = .
                0x0000000020040000                __StackLimit = (ORIGIN (RAM) + LENGTH (RAM))
                0x0000000020041000                __StackOneTop = (ORIGIN (SCRATCH_X) + LENGTH (SCRATCH_X))
                0x0000000020042000                __StackTop = (ORIGIN (SCRATCH_Y) + LENGTH (SCRATCH_Y))
                0x0000000020041000                __StackOneBottom = (__StackOneTop - SIZEOF (.stack1_dummy))
                0x0000000020041800                __StackBottom = (__StackTop - SIZEOF (.stack_dummy))
                0x0000000020042000                PROVIDE (__stack = __StackTop)
                0x0000000000000001                ASSERT ((__StackLimit >= __HeapLimit), region RAM overflowed)
                0x0000000000000001                ASSERT (((__binary_info_header_end - __logical_binary_start) <= 0x100), Binary info must be in first 256 bytes of the binary)
LOAD CMakeFiles/test.dir/test.c.obj
LOAD CMakeFiles/test.dir/home/jd/projects/pico/pico-sdk/src/rp2_common/pico_stdlib/stdlib.c.obj
LOAD CMakeFiles/test.dir/home/jd/projects/pico/pico-sdk/src/rp2_common/hardware_gpio/gpio.c.obj
LOAD CMakeFiles/test.dir/home/jd/projects/pico/pico-sdk/src/rp2_common/pico_platform/platform.c.obj
LOAD CMakeFiles/test.dir/home/jd/projects/pico/pico-sdk/src/rp2_common/hardware_claim/claim.c.obj
LOAD CMakeFiles/test.dir/home/jd/projects/pico/pico-sdk/src/rp2_common/hardware_sync/sync.c.obj
LOAD CMakeFiles/test.dir/home/jd/projects/pico/pico-sdk/src/rp2_common/hardware_irq/irq.c.obj
LOAD CMakeFiles/test.dir/home/jd/projects/pico/pico-sdk/src/rp2_common/hardware_irq/irq_handler_chain.S.obj
LOAD CMakeFiles/test.dir/home/jd/projects/pico/pico-sdk/src/common/pico_sync/sem.c.obj
LOAD CMakeFiles/test.dir/home/jd/projects/pico/pico-sdk/src/common/pico_sync/lock_core.c.obj
LOAD CMakeFiles/test.dir/home/jd/projects/pico/pico-sdk/src/common/pico_sync/mutex.c.obj
LOAD CMakeFiles/test.dir/home/jd/projects/pico/pico-sdk/src/common/pico_sync/critical_section.c.obj
LOAD CMakeFiles/test.dir/home/jd/projects/pico/pico-sdk/src/common/pico_time/time.c.obj
LOAD CMakeFiles/test.dir/home/jd/projects/pico/pico-sdk/src/common/pico_time/timeout_helper.c.obj
LOAD CMakeFiles/test.dir/home/jd/projects/pico/pico-sdk/src/rp2_common/hardware_timer/timer.c.obj
LOAD CMakeFiles/test.dir/home/jd/projects/pico/pico-sdk/src/common/pico_util/datetime.c.obj
LOAD CMakeFiles/test.dir/home/jd/projects/pico/pico-sdk/src/common/pico_util/pheap.c.obj
LOAD CMakeFiles/test.dir/home/jd/projects/pico/pico-sdk/src/common/pico_util/queue.c.obj
LOAD CMakeFiles/test.dir/home/jd/projects/pico/pico-sdk/src/rp2_common/hardware_uart/uart.c.obj
LOAD CMakeFiles/test.dir/home/jd/projects/pico/pico-sdk/src/rp2_common/hardware_clocks/clocks.c.obj
LOAD CMakeFiles/test.dir/home/jd/projects/pico/pico-sdk/src/rp2_common/hardware_pll/pll.c.obj
LOAD CMakeFiles/test.dir/home/jd/projects/pico/pico-sdk/src/rp2_common/hardware_vreg/vreg.c.obj
LOAD CMakeFiles/test.dir/home/jd/projects/pico/pico-sdk/src/rp2_common/hardware_watchdog/watchdog.c.obj
LOAD CMakeFiles/test.dir/home/jd/projects/pico/pico-sdk/src/rp2_common/hardware_xosc/xosc.c.obj
LOAD CMakeFiles/test.dir/home/jd/projects/pico/pico-sdk/src/rp2_common/hardware_divider/divider.S.obj
LOAD CMakeFiles/test.dir/home/jd/projects/pico/pico-sdk/src/rp2_common/pico_runtime/runtime.c.obj
LOAD CMakeFiles/test.dir/home/jd/projects/pico/pico-sdk/src/rp2_common/pico_printf/printf.c.obj
LOAD CMakeFiles/test.dir/home/jd/projects/pico/pico-sdk/src/rp2_common/pico_bit_ops/bit_ops_aeabi.S.obj
LOAD CMakeFiles/test.dir/home/jd/projects/pico/pico-sdk/src/rp2_common/pico_bootrom/bootrom.c.obj
LOAD CMakeFiles/test.dir/home/jd/projects/pico/pico-sdk/src/rp2_common/pico_divider/divider.S.obj
LOAD CMakeFiles/test.dir/home/jd/projects/pico/pico-sdk/src/rp2_common/pico_double/double_aeabi.S.obj
LOAD CMakeFiles/test.dir/home/jd/projects/pico/pico-sdk/src/rp2_common/pico_double/double_init_rom.c.obj
LOAD CMakeFiles/test.dir/home/jd/projects/pico/pico-sdk/src/rp2_common/pico_double/double_math.c.obj
LOAD CMakeFiles/test.dir/home/jd/projects/pico/pico-sdk/src/rp2_common/pico_double/double_v1_rom_shim.S.obj
LOAD CMakeFiles/test.dir/home/jd/projects/pico/pico-sdk/src/rp2_common/pico_int64_ops/pico_int64_ops_aeabi.S.obj
LOAD CMakeFiles/test.dir/home/jd/projects/pico/pico-sdk/src/rp2_common/pico_float/float_aeabi.S.obj
LOAD CMakeFiles/test.dir/home/jd/projects/pico/pico-sdk/src/rp2_common/pico_float/float_init_rom.c.obj
LOAD CMakeFiles/test.dir/home/jd/projects/pico/pico-sdk/src/rp2_common/pico_float/float_math.c.obj
LOAD CMakeFiles/test.dir/home/jd/projects/pico/pico-sdk/src/rp2_common/pico_float/float_v1_rom_shim.S.obj
LOAD CMakeFiles/test.dir/home/jd/projects/pico/pico-sdk/src/rp2_common/pico_malloc/pico_malloc.c.obj
LOAD CMakeFiles/test.dir/home/jd/projects/pico/pico-sdk/src/rp2_common/pico_mem_ops/mem_ops_aeabi.S.obj
LOAD CMakeFiles/test.dir/home/jd/projects/pico/pico-sdk/src/rp2_common/pico_standard_link/crt0.S.obj
LOAD CMakeFiles/test.dir/home/jd/projects/pico/pico-sdk/src/rp2_common/pico_standard_link/new_delete.cpp.obj
LOAD CMakeFiles/test.dir/home/jd/projects/pico/pico-sdk/src/rp2_common/pico_standard_link/binary_info.c.obj
LOAD CMakeFiles/test.dir/home/jd/projects/pico/pico-sdk/src/rp2_common/pico_stdio/stdio.c.obj
LOAD CMakeFiles/test.dir/home/jd/projects/pico/pico-sdk/src/rp2_common/pico_stdio_uart/stdio_uart.c.obj
LOAD CMakeFiles/test.dir/home/jd/projects/pico/pico-sdk/src/rp2_common/pico_stdio_usb/reset_interface.c.obj
LOAD CMakeFiles/test.dir/home/jd/projects/pico/pico-sdk/src/rp2_common/pico_stdio_usb/stdio_usb.c.obj
LOAD CMakeFiles/test.dir/home/jd/projects/pico/pico-sdk/src/rp2_common/pico_stdio_usb/stdio_usb_descriptors.c.obj
LOAD CMakeFiles/test.dir/home/jd/projects/pico/pico-sdk/src/rp2_common/pico_unique_id/unique_id.c.obj
LOAD CMakeFiles/test.dir/home/jd/projects/pico/pico-sdk/src/rp2_common/hardware_flash/flash.c.obj
LOAD CMakeFiles/test.dir/home/jd/projects/pico/pico-sdk/lib/tinyusb/src/portable/raspberrypi/rp2040/dcd_rp2040.c.obj
LOAD CMakeFiles/test.dir/home/jd/projects/pico/pico-sdk/lib/tinyusb/src/portable/raspberrypi/rp2040/rp2040_usb.c.obj
LOAD CMakeFiles/test.dir/home/jd/projects/pico/pico-sdk/lib/tinyusb/src/device/usbd.c.obj
LOAD CMakeFiles/test.dir/home/jd/projects/pico/pico-sdk/lib/tinyusb/src/device/usbd_control.c.obj
LOAD CMakeFiles/test.dir/home/jd/projects/pico/pico-sdk/lib/tinyusb/src/class/audio/audio_device.c.obj
LOAD CMakeFiles/test.dir/home/jd/projects/pico/pico-sdk/lib/tinyusb/src/class/cdc/cdc_device.c.obj
LOAD CMakeFiles/test.dir/home/jd/projects/pico/pico-sdk/lib/tinyusb/src/class/dfu/dfu_device.c.obj
LOAD CMakeFiles/test.dir/home/jd/projects/pico/pico-sdk/lib/tinyusb/src/class/dfu/dfu_rt_device.c.obj
LOAD CMakeFiles/test.dir/home/jd/projects/pico/pico-sdk/lib/tinyusb/src/class/hid/hid_device.c.obj
LOAD CMakeFiles/test.dir/home/jd/projects/pico/pico-sdk/lib/tinyusb/src/class/midi/midi_device.c.obj
LOAD CMakeFiles/test.dir/home/jd/projects/pico/pico-sdk/lib/tinyusb/src/class/msc/msc_device.c.obj
LOAD CMakeFiles/test.dir/home/jd/projects/pico/pico-sdk/lib/tinyusb/src/class/net/ecm_rndis_device.c.obj
LOAD CMakeFiles/test.dir/home/jd/projects/pico/pico-sdk/lib/tinyusb/src/class/net/ncm_device.c.obj
LOAD CMakeFiles/test.dir/home/jd/projects/pico/pico-sdk/lib/tinyusb/src/class/usbtmc/usbtmc_device.c.obj
LOAD CMakeFiles/test.dir/home/jd/projects/pico/pico-sdk/lib/tinyusb/src/class/vendor/vendor_device.c.obj
LOAD CMakeFiles/test.dir/home/jd/projects/pico/pico-sdk/lib/tinyusb/src/class/video/video_device.c.obj
LOAD CMakeFiles/test.dir/home/jd/projects/pico/pico-sdk/lib/tinyusb/src/tusb.c.obj
LOAD CMakeFiles/test.dir/home/jd/projects/pico/pico-sdk/lib/tinyusb/src/common/tusb_fifo.c.obj
LOAD CMakeFiles/test.dir/home/jd/projects/pico/pico-sdk/src/rp2_common/pico_fix/rp2040_usb_device_enumeration/rp2040_usb_device_enumeration.c.obj
LOAD /tmp/cc9In3xy.o
LOAD /usr/lib/gcc/arm-none-eabi/10.3.1/../../../arm-none-eabi/lib/thumb/v6-m/nofp/libstdc++.a
LOAD /usr/lib/gcc/arm-none-eabi/10.3.1/../../../arm-none-eabi/lib/thumb/v6-m/nofp/libm.a
START GROUP
LOAD /usr/lib/gcc/arm-none-eabi/10.3.1/thumb/v6-m/nofp/libgcc.a
LOAD /usr/lib/gcc/arm-none-eabi/10.3.1/../../../arm-none-eabi/lib/thumb/v6-m/nofp/libc.a
END GROUP
START GROUP
LOAD /usr/lib/gcc/arm-none-eabi/10.3.1/thumb/v6-m/nofp/libgcc.a
LOAD /usr/lib/gcc/arm-none-eabi/10.3.1/../../../arm-none-eabi/lib/thumb/v6-m/nofp/libc.a
LOAD /usr/lib/gcc/arm-none-eabi/10.3.1/../../../arm-none-eabi/lib/thumb/v6-m/nofp/libnosys.a
END GROUP
LOAD /usr/lib/gcc/arm-none-eabi/10.3.1/thumb/v6-m/nofp/crtend.o
LOAD /usr/lib/gcc/arm-none-eabi/10.3.1/thumb/v6-m/nofp/crtn.o
OUTPUT(test.elf elf32-littlearm)
LOAD linker stubs

.ARM.attributes
                0x0000000000000000       0x28
 .ARM.attributes
                0x0000000000000000       0x1e /usr/lib/gcc/arm-none-eabi/10.3.1/thumb/v6-m/nofp/crti.o
 .ARM.attributes
                0x000000000000001e       0x2c /usr/lib/gcc/arm-none-eabi/10.3.1/thumb/v6-m/nofp/crtbegin.o
 .ARM.attributes
                0x000000000000004a       0x2c CMakeFiles/test.dir/test.c.obj
 .ARM.attributes
                0x0000000000000076       0x2c CMakeFiles/test.dir/home/jd/projects/pico/pico-sdk/src/rp2_common/hardware_gpio/gpio.c.obj
 .ARM.attributes
                0x00000000000000a2       0x2c CMakeFiles/test.dir/home/jd/projects/pico/pico-sdk/src/rp2_common/pico_platform/platform.c.obj
 .ARM.attributes
                0x00000000000000ce       0x2c CMakeFiles/test.dir/home/jd/projects/pico/pico-sdk/src/rp2_common/hardware_claim/claim.c.obj
 .ARM.attributes
                0x00000000000000fa       0x2c CMakeFiles/test.dir/home/jd/projects/pico/pico-sdk/src/rp2_common/hardware_sync/sync.c.obj
 .ARM.attributes
                0x0000000000000126       0x2c CMakeFiles/test.dir/home/jd/projects/pico/pico-sdk/src/rp2_common/hardware_irq/irq.c.obj
 .ARM.attributes
                0x0000000000000152       0x22 CMakeFiles/test.dir/home/jd/projects/pico/pico-sdk/src/rp2_common/hardware_irq/irq_handler_chain.S.obj
 .ARM.attributes
                0x0000000000000174       0x2c CMakeFiles/test.dir/home/jd/projects/pico/pico-sdk/src/common/pico_sync/lock_core.c.obj
 .ARM.attributes
                0x00000000000001a0       0x2c CMakeFiles/test.dir/home/jd/projects/pico/pico-sdk/src/common/pico_sync/mutex.c.obj
 .ARM.attributes
                0x00000000000001cc       0x2c CMakeFiles/test.dir/home/jd/projects/pico/pico-sdk/src/common/pico_sync/critical_section.c.obj
 .ARM.attributes
                0x00000000000001f8       0x2c CMakeFiles/test.dir/home/jd/projects/pico/pico-sdk/src/common/pico_time/time.c.obj
 .ARM.attributes
                0x0000000000000224       0x2c CMakeFiles/test.dir/home/jd/projects/pico/pico-sdk/src/rp2_common/hardware_timer/timer.c.obj
 .ARM.attributes
                0x0000000000000250       0x2c CMakeFiles/test.dir/home/jd/projects/pico/pico-sdk/src/common/pico_util/pheap.c.obj
 .ARM.attributes
                0x000000000000027c       0x2c CMakeFiles/test.dir/home/jd/projects/pico/pico-sdk/src/rp2_common/hardware_uart/uart.c.obj
 .ARM.attributes
                0x00000000000002a8       0x2c CMakeFiles/test.dir/home/jd/projects/pico/pico-sdk/src/rp2_common/hardware_clocks/clocks.c.obj
 .ARM.attributes
                0x00000000000002d4       0x2c CMakeFiles/test.dir/home/jd/projects/pico/pico-sdk/src/rp2_common/hardware_pll/pll.c.obj
 .ARM.attributes
                0x0000000000000300       0x2c CMakeFiles/test.dir/home/jd/projects/pico/pico-sdk/src/rp2_common/hardware_watchdog/watchdog.c.obj
 .ARM.attributes
                0x000000000000032c       0x2c CMakeFiles/test.dir/home/jd/projects/pico/pico-sdk/src/rp2_common/hardware_xosc/xosc.c.obj
 .ARM.attributes
                0x0000000000000358       0x2c CMakeFiles/test.dir/home/jd/projects/pico/pico-sdk/src/rp2_common/pico_runtime/runtime.c.obj
 .ARM.attributes
                0x0000000000000384       0x2c CMakeFiles/test.dir/home/jd/projects/pico/pico-sdk/src/rp2_common/pico_printf/printf.c.obj
 .ARM.attributes
                0x00000000000003b0       0x22 CMakeFiles/test.dir/home/jd/projects/pico/pico-sdk/src/rp2_common/pico_bit_ops/bit_ops_aeabi.S.obj
 .ARM.attributes
                0x00000000000003d2       0x2c CMakeFiles/test.dir/home/jd/projects/pico/pico-sdk/src/rp2_common/pico_bootrom/bootrom.c.obj
 .ARM.attributes
                0x00000000000003fe       0x22 CMakeFiles/test.dir/home/jd/projects/pico/pico-sdk/src/rp2_common/pico_divider/divider.S.obj
 .ARM.attributes
                0x0000000000000420       0x22 CMakeFiles/test.dir/home/jd/projects/pico/pico-sdk/src/rp2_common/pico_double/double_aeabi.S.obj
 .ARM.attributes
                0x0000000000000442       0x2c CMakeFiles/test.dir/home/jd/projects/pico/pico-sdk/src/rp2_common/pico_double/double_init_rom.c.obj
 .ARM.attributes
                0x000000000000046e       0x22 CMakeFiles/test.dir/home/jd/projects/pico/pico-sdk/src/rp2_common/pico_double/double_v1_rom_shim.S.obj
 .ARM.attributes
                0x0000000000000490       0x22 CMakeFiles/test.dir/home/jd/projects/pico/pico-sdk/src/rp2_common/pico_int64_ops/pico_int64_ops_aeabi.S.obj
 .ARM.attributes
                0x00000000000004b2       0x22 CMakeFiles/test.dir/home/jd/projects/pico/pico-sdk/src/rp2_common/pico_float/float_aeabi.S.obj
 .ARM.attributes
                0x00000000000004d4       0x2c CMakeFiles/test.dir/home/jd/projects/pico/pico-sdk/src/rp2_common/pico_float/float_init_rom.c.obj
 .ARM.attributes
                0x0000000000000500       0x22 CMakeFiles/test.dir/home/jd/projects/pico/pico-sdk/src/rp2_common/pico_float/float_v1_rom_shim.S.obj
 .ARM.attributes
                0x0000000000000522       0x22 CMakeFiles/test.dir/home/jd/projects/pico/pico-sdk/src/rp2_common/pico_mem_ops/mem_ops_aeabi.S.obj
 .ARM.attributes
                0x0000000000000544       0x22 CMakeFiles/test.dir/home/jd/projects/pico/pico-sdk/src/rp2_common/pico_standard_link/crt0.S.obj
 .ARM.attributes
                0x0000000000000566       0x32 CMakeFiles/test.dir/home/jd/projects/pico/pico-sdk/src/rp2_common/pico_standard_link/binary_info.c.obj
 .ARM.attributes
                0x0000000000000598       0x2c CMakeFiles/test.dir/home/jd/projects/pico/pico-sdk/src/rp2_common/pico_stdio/stdio.c.obj
 .ARM.attributes
                0x00000000000005c4       0x2c CMakeFiles/test.dir/home/jd/projects/pico/pico-sdk/src/rp2_common/pico_stdio_uart/stdio_uart.c.obj
 .ARM.attributes
                0x00000000000005f0       0x2c CMakeFiles/test.dir/home/jd/projects/pico/pico-sdk/src/rp2_common/pico_stdio_usb/reset_interface.c.obj
 .ARM.attributes
                0x000000000000061c       0x2c CMakeFiles/test.dir/home/jd/projects/pico/pico-sdk/src/rp2_common/pico_stdio_usb/stdio_usb.c.obj
 .ARM.attributes
                0x0000000000000648       0x2c CMakeFiles/test.dir/home/jd/projects/pico/pico-sdk/src/rp2_common/pico_stdio_usb/stdio_usb_descriptors.c.obj
 .ARM.attributes
                0x0000000000000674       0x2c CMakeFiles/test.dir/home/jd/projects/pico/pico-sdk/src/rp2_common/pico_unique_id/unique_id.c.obj
 .ARM.attributes
                0x00000000000006a0       0x2c CMakeFiles/test.dir/home/jd/projects/pico/pico-sdk/src/rp2_common/hardware_flash/flash.c.obj
 .ARM.attributes
                0x00000000000006cc       0x2c CMakeFiles/test.dir/home/jd/projects/pico/pico-sdk/lib/tinyusb/src/portable/raspberrypi/rp2040/dcd_rp2040.c.obj
 .ARM.attributes
                0x00000000000006f8       0x2c CMakeFiles/test.dir/home/jd/projects/pico/pico-sdk/lib/tinyusb/src/portable/raspberrypi/rp2040/rp2040_usb.c.obj
 .ARM.attributes
                0x0000000000000724       0x2c CMakeFiles/test.dir/home/jd/projects/pico/pico-sdk/lib/tinyusb/src/device/usbd.c.obj
 .ARM.attributes
                0x0000000000000750       0x2c CMakeFiles/test.dir/home/jd/projects/pico/pico-sdk/lib/tinyusb/src/device/usbd_control.c.obj
 .ARM.attributes
                0x000000000000077c       0x2c CMakeFiles/test.dir/home/jd/projects/pico/pico-sdk/lib/tinyusb/src/class/cdc/cdc_device.c.obj
 .ARM.attributes
                0x00000000000007a8       0x2c CMakeFiles/test.dir/home/jd/projects/pico/pico-sdk/lib/tinyusb/src/tusb.c.obj
 .ARM.attributes
                0x00000000000007d4       0x2c CMakeFiles/test.dir/home/jd/projects/pico/pico-sdk/lib/tinyusb/src/common/tusb_fifo.c.obj
 .ARM.attributes
                0x0000000000000800       0x22 /tmp/cc9In3xy.o
 .ARM.attributes
                0x0000000000000822       0x1e /usr/lib/gcc/arm-none-eabi/10.3.1/thumb/v6-m/nofp/libgcc.a(_dvmd_tls.o)
 .ARM.attributes
                0x0000000000000840       0x2c /usr/lib/gcc/arm-none-eabi/10.3.1/../../../arm-none-eabi/lib/thumb/v6-m/nofp/libc.a(lib_a-strlen-stub.o)
 .ARM.attributes
                0x000000000000086c       0x2c /usr/lib/gcc/arm-none-eabi/10.3.1/thumb/v6-m/nofp/crtend.o

.comment        0x0000000000000000       0x33
 .comment       0x0000000000000000       0x33 /usr/lib/gcc/arm-none-eabi/10.3.1/thumb/v6-m/nofp/crtbegin.o
                                         0x34 (size before relaxing)
 .comment       0x0000000000000033       0x34 CMakeFiles/test.dir/test.c.obj
 .comment       0x0000000000000033       0x34 CMakeFiles/test.dir/home/jd/projects/pico/pico-sdk/src/rp2_common/hardware_gpio/gpio.c.obj
 .comment       0x0000000000000033       0x34 CMakeFiles/test.dir/home/jd/projects/pico/pico-sdk/src/rp2_common/pico_platform/platform.c.obj
 .comment       0x0000000000000033       0x34 CMakeFiles/test.dir/home/jd/projects/pico/pico-sdk/src/rp2_common/hardware_claim/claim.c.obj
 .comment       0x0000000000000033       0x34 CMakeFiles/test.dir/home/jd/projects/pico/pico-sdk/src/rp2_common/hardware_sync/sync.c.obj
 .comment       0x0000000000000033       0x34 CMakeFiles/test.dir/home/jd/projects/pico/pico-sdk/src/rp2_common/hardware_irq/irq.c.obj
 .comment       0x0000000000000033       0x34 CMakeFiles/test.dir/home/jd/projects/pico/pico-sdk/src/common/pico_sync/lock_core.c.obj
 .comment       0x0000000000000033       0x34 CMakeFiles/test.dir/home/jd/projects/pico/pico-sdk/src/common/pico_sync/mutex.c.obj
 .comment       0x0000000000000033       0x34 CMakeFiles/test.dir/home/jd/projects/pico/pico-sdk/src/common/pico_sync/critical_section.c.obj
 .comment       0x0000000000000033       0x34 CMakeFiles/test.dir/home/jd/projects/pico/pico-sdk/src/common/pico_time/time.c.obj
 .comment       0x0000000000000033       0x34 CMakeFiles/test.dir/home/jd/projects/pico/pico-sdk/src/rp2_common/hardware_timer/timer.c.obj
 .comment       0x0000000000000033       0x34 CMakeFiles/test.dir/home/jd/projects/pico/pico-sdk/src/common/pico_util/pheap.c.obj
 .comment       0x0000000000000033       0x34 CMakeFiles/test.dir/home/jd/projects/pico/pico-sdk/src/rp2_common/hardware_uart/uart.c.obj
 .comment       0x0000000000000033       0x34 CMakeFiles/test.dir/home/jd/projects/pico/pico-sdk/src/rp2_common/hardware_clocks/clocks.c.obj
 .comment       0x0000000000000033       0x34 CMakeFiles/test.dir/home/jd/projects/pico/pico-sdk/src/rp2_common/hardware_pll/pll.c.obj
 .comment       0x0000000000000033       0x34 CMakeFiles/test.dir/home/jd/projects/pico/pico-sdk/src/rp2_common/hardware_watchdog/watchdog.c.obj
 .comment       0x0000000000000033       0x34 CMakeFiles/test.dir/home/jd/projects/pico/pico-sdk/src/rp2_common/hardware_xosc/xosc.c.obj
 .comment       0x0000000000000033       0x34 CMakeFiles/test.dir/home/jd/projects/pico/pico-sdk/src/rp2_common/pico_runtime/runtime.c.obj
 .comment       0x0000000000000033       0x34 CMakeFiles/test.dir/home/jd/projects/pico/pico-sdk/src/rp2_common/pico_printf/printf.c.obj
 .comment       0x0000000000000033       0x34 CMakeFiles/test.dir/home/jd/projects/pico/pico-sdk/src/rp2_common/pico_bootrom/bootrom.c.obj
 .comment       0x0000000000000033       0x34 CMakeFiles/test.dir/home/jd/projects/pico/pico-sdk/src/rp2_common/pico_double/double_init_rom.c.obj
 .comment       0x0000000000000033       0x34 CMakeFiles/test.dir/home/jd/projects/pico/pico-sdk/src/rp2_common/pico_float/float_init_rom.c.obj
 .comment       0x0000000000000033       0x34 CMakeFiles/test.dir/home/jd/projects/pico/pico-sdk/src/rp2_common/pico_standard_link/binary_info.c.obj
 .comment       0x0000000000000033       0x34 CMakeFiles/test.dir/home/jd/projects/pico/pico-sdk/src/rp2_common/pico_stdio/stdio.c.obj
 .comment       0x0000000000000033       0x34 CMakeFiles/test.dir/home/jd/projects/pico/pico-sdk/src/rp2_common/pico_stdio_uart/stdio_uart.c.obj
 .comment       0x0000000000000033       0x34 CMakeFiles/test.dir/home/jd/projects/pico/pico-sdk/src/rp2_common/pico_stdio_usb/reset_interface.c.obj
 .comment       0x0000000000000033       0x34 CMakeFiles/test.dir/home/jd/projects/pico/pico-sdk/src/rp2_common/pico_stdio_usb/stdio_usb.c.obj
 .comment       0x0000000000000033       0x34 CMakeFiles/test.dir/home/jd/projects/pico/pico-sdk/src/rp2_common/pico_stdio_usb/stdio_usb_descriptors.c.obj
 .comment       0x0000000000000033       0x34 CMakeFiles/test.dir/home/jd/projects/pico/pico-sdk/src/rp2_common/pico_unique_id/unique_id.c.obj