Archive member included to satisfy reference by file (symbol)

/usr/lib/gcc/arm-none-eabi/10.3.1/thumb/v6-m/nofp/libgcc.a(_dvmd_tls.o)
                              CMakeFiles/motorPWM.dir/home/jd/projects/pico/pico-sdk/src/rp2_common/pico_divider/divider.S.obj (__aeabi_idiv0)
/usr/lib/gcc/arm-none-eabi/10.3.1/../../../arm-none-eabi/lib/thumb/v6-m/nofp/libg.a(lib_a-atexit.o)
                              /usr/lib/gcc/arm-none-eabi/10.3.1/../../../arm-none-eabi/lib/thumb/v6-m/nofp/crt0.o (atexit)
/usr/lib/gcc/arm-none-eabi/10.3.1/../../../arm-none-eabi/lib/thumb/v6-m/nofp/libg.a(lib_a-calloc.o)
                              CMakeFiles/motorPWM.dir/home/jd/projects/pico/pico-sdk/src/rp2_common/pico_malloc/pico_malloc.c.obj (calloc)
/usr/lib/gcc/arm-none-eabi/10.3.1/../../../arm-none-eabi/lib/thumb/v6-m/nofp/libg.a(lib_a-callocr.o)
                              /usr/lib/gcc/arm-none-eabi/10.3.1/../../../arm-none-eabi/lib/thumb/v6-m/nofp/libg.a(lib_a-calloc.o) (_calloc_r)
/usr/lib/gcc/arm-none-eabi/10.3.1/../../../arm-none-eabi/lib/thumb/v6-m/nofp/libg.a(lib_a-fini.o)
                              /usr/lib/gcc/arm-none-eabi/10.3.1/../../../arm-none-eabi/lib/thumb/v6-m/nofp/crt0.o (__libc_fini_array)
/usr/lib/gcc/arm-none-eabi/10.3.1/../../../arm-none-eabi/lib/thumb/v6-m/nofp/libg.a(lib_a-impure.o)
                              /usr/lib/gcc/arm-none-eabi/10.3.1/../../../arm-none-eabi/lib/thumb/v6-m/nofp/libg.a(lib_a-calloc.o) (_impure_ptr)
/usr/lib/gcc/arm-none-eabi/10.3.1/../../../arm-none-eabi/lib/thumb/v6-m/nofp/libg.a(lib_a-init.o)
                              /usr/lib/gcc/arm-none-eabi/10.3.1/../../../arm-none-eabi/lib/thumb/v6-m/nofp/crt0.o (__libc_init_array)
/usr/lib/gcc/arm-none-eabi/10.3.1/../../../arm-none-eabi/lib/thumb/v6-m/nofp/libg.a(lib_a-malloc.o)
                              CMakeFiles/motorPWM.dir/home/jd/projects/pico/pico-sdk/src/rp2_common/pico_malloc/pico_malloc.c.obj (malloc)
/usr/lib/gcc/arm-none-eabi/10.3.1/../../../arm-none-eabi/lib/thumb/v6-m/nofp/libg.a(lib_a-mallocr.o)
                              /usr/lib/gcc/arm-none-eabi/10.3.1/../../../arm-none-eabi/lib/thumb/v6-m/nofp/libg.a(lib_a-callocr.o) (_malloc_r)
/usr/lib/gcc/arm-none-eabi/10.3.1/../../../arm-none-eabi/lib/thumb/v6-m/nofp/libg.a(lib_a-mlock.o)
                              /usr/lib/gcc/arm-none-eabi/10.3.1/../../../arm-none-eabi/lib/thumb/v6-m/nofp/libg.a(lib_a-mallocr.o) (__malloc_lock)
/usr/lib/gcc/arm-none-eabi/10.3.1/../../../arm-none-eabi/lib/thumb/v6-m/nofp/libg.a(lib_a-realloc.o)
                              CMakeFiles/motorPWM.dir/home/jd/projects/pico/pico-sdk/src/rp2_common/pico_malloc/pico_malloc.c.obj (realloc)
/usr/lib/gcc/arm-none-eabi/10.3.1/../../../arm-none-eabi/lib/thumb/v6-m/nofp/libg.a(lib_a-reallocr.o)
                              /usr/lib/gcc/arm-none-eabi/10.3.1/../../../arm-none-eabi/lib/thumb/v6-m/nofp/libg.a(lib_a-realloc.o) (_realloc_r)
/usr/lib/gcc/arm-none-eabi/10.3.1/../../../arm-none-eabi/lib/thumb/v6-m/nofp/libg.a(lib_a-sbrkr.o)
                              /usr/lib/gcc/arm-none-eabi/10.3.1/../../../arm-none-eabi/lib/thumb/v6-m/nofp/libg.a(lib_a-mallocr.o) (_sbrk_r)
/usr/lib/gcc/arm-none-eabi/10.3.1/../../../arm-none-eabi/lib/thumb/v6-m/nofp/libg.a(lib_a-strlen-stub.o)
                              CMakeFiles/motorPWM.dir/home/jd/projects/pico/pico-sdk/src/rp2_common/pico_stdio/stdio.c.obj (strlen)
/usr/lib/gcc/arm-none-eabi/10.3.1/../../../arm-none-eabi/lib/thumb/v6-m/nofp/libg.a(lib_a-__atexit.o)
                              /usr/lib/gcc/arm-none-eabi/10.3.1/../../../arm-none-eabi/lib/thumb/v6-m/nofp/libg.a(lib_a-atexit.o) (__register_exitproc)
/usr/lib/gcc/arm-none-eabi/10.3.1/../../../arm-none-eabi/lib/thumb/v6-m/nofp/libg.a(lib_a-freer.o)
                              /usr/lib/gcc/arm-none-eabi/10.3.1/../../../arm-none-eabi/lib/thumb/v6-m/nofp/libg.a(lib_a-malloc.o) (_free_r)
/usr/lib/gcc/arm-none-eabi/10.3.1/../../../arm-none-eabi/lib/thumb/v6-m/nofp/libg.a(lib_a-memmove.o)
                              /usr/lib/gcc/arm-none-eabi/10.3.1/../../../arm-none-eabi/lib/thumb/v6-m/nofp/libg.a(lib_a-reallocr.o) (memmove)
/usr/lib/gcc/arm-none-eabi/10.3.1/../../../arm-none-eabi/lib/thumb/v6-m/nofp/libg.a(lib_a-reent.o)
                              /usr/lib/gcc/arm-none-eabi/10.3.1/../../../arm-none-eabi/lib/thumb/v6-m/nofp/libg.a(lib_a-sbrkr.o) (errno)

Discarded input sections

 .text          0x0000000000000000        0x0 /usr/lib/gcc/arm-none-eabi/10.3.1/thumb/v6-m/nofp/crti.o
 .data          0x0000000000000000        0x0 /usr/lib/gcc/arm-none-eabi/10.3.1/thumb/v6-m/nofp/crti.o
 .bss           0x0000000000000000        0x0 /usr/lib/gcc/arm-none-eabi/10.3.1/thumb/v6-m/nofp/crti.o
 .data          0x0000000000000000        0x4 /usr/lib/gcc/arm-none-eabi/10.3.1/thumb/v6-m/nofp/crtbegin.o
 .rodata        0x0000000000000000       0x24 /usr/lib/gcc/arm-none-eabi/10.3.1/thumb/v6-m/nofp/crtbegin.o
[...]
Memory Configuration

Name             Origin             Length             Attributes
FLASH            0x0000000010000000 0x0000000000200000 xr
RAM              0x0000000020000000 0x0000000000040000 xrw
SCRATCH_X        0x0000000020040000 0x0000000000001000 xrw
SCRATCH_Y        0x0000000020041000 0x0000000000001000 xrw
*default*        0x0000000000000000 0xffffffffffffffff

Linker script and memory map

LOAD /usr/lib/gcc/arm-none-eabi/10.3.1/thumb/v6-m/nofp/crti.o
LOAD /usr/lib/gcc/arm-none-eabi/10.3.1/thumb/v6-m/nofp/crtbegin.o
LOAD /usr/lib/gcc/arm-none-eabi/10.3.1/../../../arm-none-eabi/lib/thumb/v6-m/nofp/crt0.o

.flash_begin    0x0000000010000000        0x0
                0x0000000010000000                __flash_binary_start = .

.boot2          0x0000000010000000      0x100
                0x0000000010000000                __boot2_start__ = .
 *(.boot2)
 .boot2         0x0000000010000000      0x100 /tmp/ccJr5yXg.o
                0x0000000010000100                __boot2_end__ = .
                0x0000000000000001                ASSERT (((__boot2_end__ - __boot2_start__) == 0x100), ERROR: Pico second stage bootloader must be 256 bytes in size)

.text           0x0000000010000100     0x7588
                0x0000000010000100                __logical_binary_start = .
 *(.vectors)
 .vectors       0x0000000010000100       0xd4 CMakeFiles/motorPWM.dir/home/jd/projects/pico/pico-sdk/src/rp2_common/pico_standard_link/crt0.S.obj
                0x0000000010000100                __vectors
                0x0000000010000100                __VECTOR_TABLE
                0x00000000100001c0                isr_invalid
                0x00000000100001c0                __default_isrs_start
                0x00000000100001c2                isr_nmi
                0x00000000100001c4                isr_hardfault
                0x00000000100001c6                isr_svcall
                0x00000000100001c8                isr_pendsv
                0x00000000100001ca                isr_systick
                0x00000000100001cc                isr_irq30
                0x00000000100001cc                __unhandled_user_irq
                0x00000000100001cc                isr_irq13
                0x00000000100001cc                isr_irq27
                0x00000000100001cc                isr_irq31
                0x00000000100001cc                isr_irq5
                0x00000000100001cc                isr_irq11
                0x00000000100001cc                isr_irq23
                0x00000000100001cc                isr_irq18
                0x00000000100001cc                isr_irq28
                0x00000000100001cc                isr_irq19
                0x00000000100001cc                isr_irq0
                0x00000000100001cc                isr_irq6
                0x00000000100001cc                isr_irq22
                0x00000000100001cc                isr_irq17
                0x00000000100001cc                isr_irq14
                0x00000000100001cc                isr_irq2
                0x00000000100001cc                isr_irq10
                0x00000000100001cc                isr_irq8
                0x00000000100001cc                isr_irq24
                0x00000000100001cc                isr_irq1
                0x00000000100001cc                isr_irq7
                0x00000000100001cc                isr_irq21
                0x00000000100001cc                isr_irq20
                0x00000000100001cc                isr_irq15
                0x00000000100001cc                isr_irq25
                0x00000000100001cc                isr_irq4
                0x00000000100001cc                isr_irq16
                0x00000000100001cc                isr_irq29
                0x00000000100001cc                isr_irq26
                0x00000000100001cc                __default_isrs_end
                0x00000000100001cc                isr_irq3
                0x00000000100001cc                isr_irq12
                0x00000000100001cc                isr_irq9
                0x00000000100001d2                unhandled_user_irq_num_in_r0
 *(.binary_info_header)
 .binary_info_header
                0x00000000100001d4       0x14 CMakeFiles/motorPWM.dir/home/jd/projects/pico/pico-sdk/src/rp2_common/pico_standard_link/crt0.S.obj
                0x00000000100001e8                __binary_info_header_end = .
 *(.reset)
 .reset         0x00000000100001e8       0xa0 CMakeFiles/motorPWM.dir/home/jd/projects/pico/pico-sdk/src/rp2_common/pico_standard_link/crt0.S.obj
                0x00000000100001e8                _entry_point
 .reset         0x0000000010000288       0x30 CMakeFiles/motorPWM.dir/home/jd/projects/pico/pico-sdk/src/rp2_common/pico_standard_link/binary_info.c.obj
 *(.init)
 .init          0x00000000100002b8        0x4 /usr/lib/gcc/arm-none-eabi/10.3.1/thumb/v6-m/nofp/crti.o
                0x00000000100002b8                _init
 *(EXCLUDE_FILE(*libm.a: *libc.a:*lib_a-mem*.o *libgcc.a:) .text*)
 .text          0x00000000100002bc       0x98 /usr/lib/gcc/arm-none-eabi/10.3.1/thumb/v6-m/nofp/crtbegin.o
 .text.setupGPIO
                0x0000000010000354       0x8e CMakeFiles/motorPWM.dir/motorPWM.c.obj
                0x0000000010000354                setupGPIO
 *fill*         0x00000000100003e2        0x2 
 .text.initMotor
                0x00000000100003e4       0x5c CMakeFiles/motorPWM.dir/motorPWM.c.obj
                0x00000000100003e4                initMotor
 .text.setupPIO
                0x0000000010000440      0x138 CMakeFiles/motorPWM.dir/motorPWM.c.obj
                0x0000000010000440                setupPIO
 .text.motorPWM_set_period
                0x0000000010000578       0x64 CMakeFiles/motorPWM.dir/motorPWM.c.obj
                0x0000000010000578                motorPWM_set_period
 .text.motorPWM_set_level
                0x00000000100005dc       0x2e CMakeFiles/motorPWM.dir/motorPWM.c.obj
                0x00000000100005dc                motorPWM_set_level
 *fill*         0x000000001000060a        0x2 
 .text.stopMotor
                0x000000001000060c       0x48 CMakeFiles/motorPWM.dir/motorPWM.c.obj
                0x000000001000060c                stopMotor
 .text.setMotorDir
                0x0000000010000654       0x54 CMakeFiles/motorPWM.dir/motorPWM.c.obj
                0x0000000010000654                setMotorDir
 .text.runMotor
                0x00000000100006a8       0x84 CMakeFiles/motorPWM.dir/motorPWM.c.obj
                0x00000000100006a8                runMotor
 .text.init     0x000000001000072c       0xa8 CMakeFiles/motorPWM.dir/motorPWM.c.obj
                0x000000001000072c                init
 .text.loop     0x00000000100007d4       0x2c CMakeFiles/motorPWM.dir/motorPWM.c.obj
                0x00000000100007d4                loop
 .text.main     0x0000000010000800        0xc CMakeFiles/motorPWM.dir/motorPWM.c.obj
                0x0000000010000800                main
 .text.gpio_set_function
                0x000000001000080c       0x30 CMakeFiles/motorPWM.dir/home/jd/projects/pico/pico-sdk/src/rp2_common/hardware_gpio/gpio.c.obj
                0x000000001000080c                gpio_set_function
 .text.gpio_init
                0x000000001000083c       0x16 CMakeFiles/motorPWM.dir/home/jd/projects/pico/pico-sdk/src/rp2_common/hardware_gpio/gpio.c.obj
                0x000000001000083c                gpio_init
 *fill*         0x0000000010000852        0x2 
 .text.running_on_fpga
                0x0000000010000854       0x14 CMakeFiles/motorPWM.dir/home/jd/projects/pico/pico-sdk/src/rp2_common/pico_platform/platform.c.obj
                0x0000000010000854                running_on_fpga
 .text.hw_claim_lock
                0x0000000010000868       0x18 CMakeFiles/motorPWM.dir/home/jd/projects/pico/pico-sdk/src/rp2_common/hardware_claim/claim.c.obj
                0x0000000010000868                hw_claim_lock
 .text.hw_claim_unlock
                0x0000000010000880       0x14 CMakeFiles/motorPWM.dir/home/jd/projects/pico/pico-sdk/src/rp2_common/hardware_claim/claim.c.obj
                0x0000000010000880                hw_claim_unlock
 .text.hw_claim_or_assert
                0x0000000010000894       0x32 CMakeFiles/motorPWM.dir/home/jd/projects/pico/pico-sdk/src/rp2_common/hardware_claim/claim.c.obj
                0x0000000010000894                hw_claim_or_assert
 .text.hw_claim_unused_from_range
                0x00000000100008c6       0x50 CMakeFiles/motorPWM.dir/home/jd/projects/pico/pico-sdk/src/rp2_common/hardware_claim/claim.c.obj
                0x00000000100008c6                hw_claim_unused_from_range
 *fill*         0x0000000010000916        0x2 
 .text.spin_locks_reset
                0x0000000010000918       0x20 CMakeFiles/motorPWM.dir/home/jd/projects/pico/pico-sdk/src/rp2_common/hardware_sync/sync.c.obj
                0x0000000010000918                spin_locks_reset
 .text.next_striped_spin_lock_num
                0x0000000010000938       0x1c CMakeFiles/motorPWM.dir/home/jd/projects/pico/pico-sdk/src/rp2_common/hardware_sync/sync.c.obj
                0x0000000010000938                next_striped_spin_lock_num
 .text.spin_lock_claim_unused
                0x0000000010000954       0x20 CMakeFiles/motorPWM.dir/home/jd/projects/pico/pico-sdk/src/rp2_common/hardware_sync/sync.c.obj
                0x0000000010000954                spin_lock_claim_unused
 .text.set_raw_irq_handler_and_unlock
                0x0000000010000974       0x28 CMakeFiles/motorPWM.dir/home/jd/projects/pico/pico-sdk/src/rp2_common/hardware_irq/irq.c.obj
 .text.make_branch
                0x000000001000099c       0x48 CMakeFiles/motorPWM.dir/home/jd/projects/pico/pico-sdk/src/rp2_common/hardware_irq/irq.c.obj
 .text.insert_branch_and_link
                0x00000000100009e4       0x40 CMakeFiles/motorPWM.dir/home/jd/projects/pico/pico-sdk/src/rp2_common/hardware_irq/irq.c.obj
 .text.irq_is_enabled
                0x0000000010000a24       0x18 CMakeFiles/motorPWM.dir/home/jd/projects/pico/pico-sdk/src/rp2_common/hardware_irq/irq.c.obj
                0x0000000010000a24                irq_is_enabled
 .text.irq_set_mask_enabled
                0x0000000010000a3c       0x20 CMakeFiles/motorPWM.dir/home/jd/projects/pico/pico-sdk/src/rp2_common/hardware_irq/irq.c.obj
                0x0000000010000a3c                irq_set_mask_enabled
 .text.irq_set_enabled
                0x0000000010000a5c        0xe CMakeFiles/motorPWM.dir/home/jd/projects/pico/pico-sdk/src/rp2_common/hardware_irq/irq.c.obj
                0x0000000010000a5c                irq_set_enabled
 *fill*         0x0000000010000a6a        0x2 
 .text.irq_set_pending
                0x0000000010000a6c       0x10 CMakeFiles/motorPWM.dir/home/jd/projects/pico/pico-sdk/src/rp2_common/hardware_irq/irq.c.obj
                0x0000000010000a6c                irq_set_pending
 .text.irq_get_vtable_handler
                0x0000000010000a7c       0x10 CMakeFiles/motorPWM.dir/home/jd/projects/pico/pico-sdk/src/rp2_common/hardware_irq/irq.c.obj
                0x0000000010000a7c                irq_get_vtable_handler
 .text.irq_has_shared_handler
                0x0000000010000a8c       0x24 CMakeFiles/motorPWM.dir/home/jd/projects/pico/pico-sdk/src/rp2_common/hardware_irq/irq.c.obj
                0x0000000010000a8c                irq_has_shared_handler
 .text.irq_set_exclusive_handler
                0x0000000010000ab0       0x54 CMakeFiles/motorPWM.dir/home/jd/projects/pico/pico-sdk/src/rp2_common/hardware_irq/irq.c.obj
                0x0000000010000ab0                irq_set_exclusive_handler
 .text.irq_add_shared_handler
                0x0000000010000b04      0x234 CMakeFiles/motorPWM.dir/home/jd/projects/pico/pico-sdk/src/rp2_common/hardware_irq/irq.c.obj
                0x0000000010000b04                irq_add_shared_handler
 .text.irq_remove_handler
                0x0000000010000d38      0x1ac CMakeFiles/motorPWM.dir/home/jd/projects/pico/pico-sdk/src/rp2_common/hardware_irq/irq.c.obj
                0x0000000010000d38                irq_remove_handler
 .text.irq_add_tail_to_free_list
                0x0000000010000ee4       0xf0 CMakeFiles/motorPWM.dir/home/jd/projects/pico/pico-sdk/src/rp2_common/hardware_irq/irq.c.obj
                0x0000000010000ee4                irq_add_tail_to_free_list
 .text.irq_init_priorities
                0x0000000010000fd4       0x1c CMakeFiles/motorPWM.dir/home/jd/projects/pico/pico-sdk/src/rp2_common/hardware_irq/irq.c.obj
                0x0000000010000fd4                irq_init_priorities
 .text.user_irq_claim_unused
                0x0000000010000ff0       0x28 CMakeFiles/motorPWM.dir/home/jd/projects/pico/pico-sdk/src/rp2_common/hardware_irq/irq.c.obj
                0x0000000010000ff0                user_irq_claim_unused
 .text.lock_init
                0x0000000010001018       0x10 CMakeFiles/motorPWM.dir/home/jd/projects/pico/pico-sdk/src/common/pico_sync/lock_core.c.obj
                0x0000000010001018                lock_init
 .text.mutex_init
                0x0000000010001028       0x1a CMakeFiles/motorPWM.dir/home/jd/projects/pico/pico-sdk/src/common/pico_sync/mutex.c.obj
                0x0000000010001028                mutex_init
 .text.recursive_mutex_init
                0x0000000010001042       0x1e CMakeFiles/motorPWM.dir/home/jd/projects/pico/pico-sdk/src/common/pico_sync/mutex.c.obj
                0x0000000010001042                recursive_mutex_init
 .text.critical_section_init_with_lock_num
                0x0000000010001060       0x14 CMakeFiles/motorPWM.dir/home/jd/projects/pico/pico-sdk/src/common/pico_sync/critical_section.c.obj
                0x0000000010001060                critical_section_init_with_lock_num
 .text.critical_section_init
                0x0000000010001074       0x14 CMakeFiles/motorPWM.dir/home/jd/projects/pico/pico-sdk/src/common/pico_sync/critical_section.c.obj
                0x0000000010001074                critical_section_init
 .text.alarm_pool_post_alloc_init
                0x0000000010001088       0x40 CMakeFiles/motorPWM.dir/home/jd/projects/pico/pico-sdk/src/common/pico_time/time.c.obj
 .text.sleep_until_callback
                0x00000000100010c8       0x30 CMakeFiles/motorPWM.dir/home/jd/projects/pico/pico-sdk/src/common/pico_time/time.c.obj
 .text.timer_pool_entry_comparator
                0x00000000100010f8       0x7c CMakeFiles/motorPWM.dir/home/jd/projects/pico/pico-sdk/src/common/pico_time/time.c.obj
                0x00000000100010f8                timer_pool_entry_comparator
 .text.ph_add_child_node
                0x0000000010001174       0xa4 CMakeFiles/motorPWM.dir/home/jd/projects/pico/pico-sdk/src/common/pico_time/time.c.obj
 .text.ph_merge_nodes
                0x0000000010001218       0x3e CMakeFiles/motorPWM.dir/home/jd/projects/pico/pico-sdk/src/common/pico_time/time.c.obj
 *fill*         0x0000000010001256        0x2 
 .text.add_alarm_under_lock
                0x0000000010001258      0x174 CMakeFiles/motorPWM.dir/home/jd/projects/pico/pico-sdk/src/common/pico_time/time.c.obj
 .text.alarm_pool_alarm_callback
                0x00000000100013cc      0x33c CMakeFiles/motorPWM.dir/home/jd/projects/pico/pico-sdk/src/common/pico_time/time.c.obj
 .text.alarm_pool_init_default
                0x0000000010001708       0x40 CMakeFiles/motorPWM.dir/home/jd/projects/pico/pico-sdk/src/common/pico_time/time.c.obj
                0x0000000010001708                alarm_pool_init_default
 .text.alarm_pool_get_default
                0x0000000010001748       0x2c CMakeFiles/motorPWM.dir/home/jd/projects/pico/pico-sdk/src/common/pico_time/time.c.obj
                0x0000000010001748                alarm_pool_get_default
 .text.alarm_pool_add_alarm_at
                0x0000000010001774      0x168 CMakeFiles/motorPWM.dir/home/jd/projects/pico/pico-sdk/src/common/pico_time/time.c.obj
                0x0000000010001774                alarm_pool_add_alarm_at
 .text.alarm_pool_cancel_alarm
                0x00000000100018dc       0xf0 CMakeFiles/motorPWM.dir/home/jd/projects/pico/pico-sdk/src/common/pico_time/time.c.obj
                0x00000000100018dc                alarm_pool_cancel_alarm
 .text.alarm_pool_core_num
                0x00000000100019cc        0x4 CMakeFiles/motorPWM.dir/home/jd/projects/pico/pico-sdk/src/common/pico_time/time.c.obj
                0x00000000100019cc                alarm_pool_core_num
 .text.sleep_until
                0x00000000100019d0       0xfc CMakeFiles/motorPWM.dir/home/jd/projects/pico/pico-sdk/src/common/pico_time/time.c.obj
                0x00000000100019d0                sleep_until
 .text.sleep_us
                0x0000000010001acc       0x58 CMakeFiles/motorPWM.dir/home/jd/projects/pico/pico-sdk/src/common/pico_time/time.c.obj
                0x0000000010001acc                sleep_us
 .text.sleep_ms
                0x0000000010001b24       0x14 CMakeFiles/motorPWM.dir/home/jd/projects/pico/pico-sdk/src/common/pico_time/time.c.obj
                0x0000000010001b24                sleep_ms
 .text.best_effort_wfe_or_timeout
                0x0000000010001b38       0xac CMakeFiles/motorPWM.dir/home/jd/projects/pico/pico-sdk/src/common/pico_time/time.c.obj
                0x0000000010001b38                best_effort_wfe_or_timeout
 .text.hardware_alarm_irq_handler
                0x0000000010001be4       0x90 CMakeFiles/motorPWM.dir/home/jd/projects/pico/pico-sdk/src/rp2_common/hardware_timer/timer.c.obj
 .text.hardware_alarm_claim
                0x0000000010001c74       0x18 CMakeFiles/motorPWM.dir/home/jd/projects/pico/pico-sdk/src/rp2_common/hardware_timer/timer.c.obj
                0x0000000010001c74                hardware_alarm_claim
 .text.time_us_64
                0x0000000010001c8c       0x18 CMakeFiles/motorPWM.dir/home/jd/projects/pico/pico-sdk/src/rp2_common/hardware_timer/timer.c.obj
                0x0000000010001c8c                time_us_64
 .text.busy_wait_until
                0x0000000010001ca4       0x28 CMakeFiles/motorPWM.dir/home/jd/projects/pico/pico-sdk/src/rp2_common/hardware_timer/timer.c.obj
                0x0000000010001ca4                busy_wait_until
 .text.hardware_alarm_set_callback
                0x0000000010001ccc       0x90 CMakeFiles/motorPWM.dir/home/jd/projects/pico/pico-sdk/src/rp2_common/hardware_timer/timer.c.obj
                0x0000000010001ccc                hardware_alarm_set_callback
 .text.hardware_alarm_set_target
                0x0000000010001d5c       0xe8 CMakeFiles/motorPWM.dir/home/jd/projects/pico/pico-sdk/src/rp2_common/hardware_timer/timer.c.obj
                0x0000000010001d5c                hardware_alarm_set_target
 .text.hardware_alarm_cancel
                0x0000000010001e44       0x40 CMakeFiles/motorPWM.dir/home/jd/projects/pico/pico-sdk/src/rp2_common/hardware_timer/timer.c.obj
                0x0000000010001e44                hardware_alarm_cancel
 .text.ph_add_child_node
                0x0000000010001e84       0xa4 CMakeFiles/motorPWM.dir/home/jd/projects/pico/pico-sdk/src/common/pico_util/pheap.c.obj
 .text.ph_merge_nodes
                0x0000000010001f28       0x3e CMakeFiles/motorPWM.dir/home/jd/projects/pico/pico-sdk/src/common/pico_util/pheap.c.obj
 *fill*         0x0000000010001f66        0x2 
 .text.ph_clear
                0x0000000010001f68       0x70 CMakeFiles/motorPWM.dir/home/jd/projects/pico/pico-sdk/src/common/pico_util/pheap.c.obj
                0x0000000010001f68                ph_clear
 .text.ph_post_alloc_init
                0x0000000010001fd8        0xe CMakeFiles/motorPWM.dir/home/jd/projects/pico/pico-sdk/src/common/pico_util/pheap.c.obj
                0x0000000010001fd8                ph_post_alloc_init
 *fill*         0x0000000010001fe6        0x2 
 .text.ph_merge_two_pass
                0x0000000010001fe8       0xa8 CMakeFiles/motorPWM.dir/home/jd/projects/pico/pico-sdk/src/common/pico_util/pheap.c.obj
                0x0000000010001fe8                ph_merge_two_pass
 .text.ph_remove_any_head
                0x0000000010002090      0x128 CMakeFiles/motorPWM.dir/home/jd/projects/pico/pico-sdk/src/common/pico_util/pheap.c.obj
 .text.ph_remove_head
                0x00000000100021b8       0x14 CMakeFiles/motorPWM.dir/home/jd/projects/pico/pico-sdk/src/common/pico_util/pheap.c.obj
                0x00000000100021b8                ph_remove_head
 .text.ph_remove_and_free_node
                0x00000000100021cc       0xf8 CMakeFiles/motorPWM.dir/home/jd/projects/pico/pico-sdk/src/common/pico_util/pheap.c.obj
                0x00000000100021cc                ph_remove_and_free_node
 .text.clock_configure
                0x00000000100022c4      0x104 CMakeFiles/motorPWM.dir/home/jd/projects/pico/pico-sdk/src/rp2_common/hardware_clocks/clocks.c.obj
                0x00000000100022c4                clock_configure
 .text.clocks_init
                0x00000000100023c8      0x100 CMakeFiles/motorPWM.dir/home/jd/projects/pico/pico-sdk/src/rp2_common/hardware_clocks/clocks.c.obj
                0x00000000100023c8                clocks_init
 .text.clock_get_hz
                0x00000000100024c8        0xc CMakeFiles/motorPWM.dir/home/jd/projects/pico/pico-sdk/src/rp2_common/hardware_clocks/clocks.c.obj
                0x00000000100024c8                clock_get_hz
 .text.pll_init
                0x00000000100024d4      0x12c CMakeFiles/motorPWM.dir/home/jd/projects/pico/pico-sdk/src/rp2_common/hardware_pll/pll.c.obj
                0x00000000100024d4                pll_init
 .text.watchdog_start_tick
                0x0000000010002600       0x10 CMakeFiles/motorPWM.dir/home/jd/projects/pico/pico-sdk/src/rp2_common/hardware_watchdog/watchdog.c.obj
                0x0000000010002600                watchdog_start_tick
 .text.watchdog_update
                0x0000000010002610       0x14 CMakeFiles/motorPWM.dir/home/jd/projects/pico/pico-sdk/src/rp2_common/hardware_watchdog/watchdog.c.obj
                0x0000000010002610                watchdog_update
 .text._watchdog_enable
                0x0000000010002624       0x78 CMakeFiles/motorPWM.dir/home/jd/projects/pico/pico-sdk/src/rp2_common/hardware_watchdog/watchdog.c.obj
                0x0000000010002624                _watchdog_enable
 .text.watchdog_reboot
                0x000000001000269c       0x48 CMakeFiles/motorPWM.dir/home/jd/projects/pico/pico-sdk/src/rp2_common/hardware_watchdog/watchdog.c.obj
                0x000000001000269c                watchdog_reboot
 .text.xosc_init
                0x00000000100026e4       0x28 CMakeFiles/motorPWM.dir/home/jd/projects/pico/pico-sdk/src/rp2_common/hardware_xosc/xosc.c.obj
                0x00000000100026e4                xosc_init
 .text._exit    0x000000001000270c        0x4 CMakeFiles/motorPWM.dir/home/jd/projects/pico/pico-sdk/src/rp2_common/pico_runtime/runtime.c.obj
                0x000000001000270c                _exit
 .text.exit     0x0000000010002710        0x6 CMakeFiles/motorPWM.dir/home/jd/projects/pico/pico-sdk/src/rp2_common/pico_runtime/runtime.c.obj
                0x0000000010002710                exit
 *fill*         0x0000000010002716        0x2 
 .text.__assert_func
                0x0000000010002718       0x3c CMakeFiles/motorPWM.dir/home/jd/projects/pico/pico-sdk/src/rp2_common/pico_runtime/runtime.c.obj
                0x0000000010002718                __assert_func
 .text.runtime_init
                0x0000000010002754       0xf8 CMakeFiles/motorPWM.dir/home/jd/projects/pico/pico-sdk/src/rp2_common/pico_runtime/runtime.c.obj
                0x0000000010002754                runtime_init
 .text.panic    0x000000001000284c       0x30 CMakeFiles/motorPWM.dir/home/jd/projects/pico/pico-sdk/src/rp2_common/pico_runtime/runtime.c.obj
                0x000000001000284c                panic
 .text._out_null
                0x000000001000287c        0x2 CMakeFiles/motorPWM.dir/home/jd/projects/pico/pico-sdk/src/rp2_common/pico_printf/printf.c.obj
 .text._out_fct
                0x000000001000287e        0xe CMakeFiles/motorPWM.dir/home/jd/projects/pico/pico-sdk/src/rp2_common/pico_printf/printf.c.obj
 .text._atoi    0x000000001000288c       0x24 CMakeFiles/motorPWM.dir/home/jd/projects/pico/pico-sdk/src/rp2_common/pico_printf/printf.c.obj
 .text._out_rev
                0x00000000100028b0       0xae CMakeFiles/motorPWM.dir/home/jd/projects/pico/pico-sdk/src/rp2_common/pico_printf/printf.c.obj
 .text._ntoa_format
                0x000000001000295e      0x112 CMakeFiles/motorPWM.dir/home/jd/projects/pico/pico-sdk/src/rp2_common/pico_printf/printf.c.obj
 .text._ntoa_long
                0x0000000010002a70       0xbc CMakeFiles/motorPWM.dir/home/jd/projects/pico/pico-sdk/src/rp2_common/pico_printf/printf.c.obj
 .text._ntoa_long_long
                0x0000000010002b2c       0xe2 CMakeFiles/motorPWM.dir/home/jd/projects/pico/pico-sdk/src/rp2_common/pico_printf/printf.c.obj
 *fill*         0x0000000010002c0e        0x2 
 .text._etoa    0x0000000010002c10      0x414 CMakeFiles/motorPWM.dir/home/jd/projects/pico/pico-sdk/src/rp2_common/pico_printf/printf.c.obj
 .text._ftoa    0x0000000010003024      0x354 CMakeFiles/motorPWM.dir/home/jd/projects/pico/pico-sdk/src/rp2_common/pico_printf/printf.c.obj
 .text._vsnprintf
                0x0000000010003378      0x624 CMakeFiles/motorPWM.dir/home/jd/projects/pico/pico-sdk/src/rp2_common/pico_printf/printf.c.obj
 .text.vfctprintf
                0x000000001000399c       0x20 CMakeFiles/motorPWM.dir/home/jd/projects/pico/pico-sdk/src/rp2_common/pico_printf/printf.c.obj
                0x000000001000399c                vfctprintf
 .text          0x00000000100039bc       0x10 CMakeFiles/motorPWM.dir/home/jd/projects/pico/pico-sdk/src/rp2_common/pico_bit_ops/bit_ops_aeabi.S.obj
 .text.rom_func_lookup
                0x00000000100039cc       0x10 CMakeFiles/motorPWM.dir/home/jd/projects/pico/pico-sdk/src/rp2_common/pico_bootrom/bootrom.c.obj
                0x00000000100039cc                rom_func_lookup
 .text.rom_data_lookup
                0x00000000100039dc       0x10 CMakeFiles/motorPWM.dir/home/jd/projects/pico/pico-sdk/src/rp2_common/pico_bootrom/bootrom.c.obj
                0x00000000100039dc                rom_data_lookup
 .text.rom_funcs_lookup
                0x00000000100039ec       0x36 CMakeFiles/motorPWM.dir/home/jd/projects/pico/pico-sdk/src/rp2_common/pico_bootrom/bootrom.c.obj
                0x00000000100039ec                rom_funcs_lookup
 *fill*         0x0000000010003a22        0x2 
 .text.__wrap___aeabi_idiv
                0x0000000010003a24       0x50 CMakeFiles/motorPWM.dir/home/jd/projects/pico/pico-sdk/src/rp2_common/pico_divider/divider.S.obj
                0x0000000010003a24                __wrap___aeabi_idivmod
                0x0000000010003a24                divmod_s32s32
                0x0000000010003a24                div_s32s32
                0x0000000010003a24                __wrap___aeabi_idiv
                0x0000000010003a2c                divmod_s32s32_unsafe
                0x0000000010003a58                divmod_s32s32_savestate
 .text.__wrap___aeabi_uidiv
                0x0000000010003a74       0x4c CMakeFiles/motorPWM.dir/home/jd/projects/pico/pico-sdk/src/rp2_common/pico_divider/divider.S.obj
                0x0000000010003a74                __wrap___aeabi_uidiv
                0x0000000010003a74                __wrap___aeabi_uidivmod
                0x0000000010003a74                div_u32u32
                0x0000000010003a74                divmod_u32u32
                0x0000000010003a7c                divmod_u32u32_unsafe
                0x0000000010003aa4                divmod_u32u32_savestate
 .text.__wrap___aeabi_ldiv
                0x0000000010003ac0      0x424 CMakeFiles/motorPWM.dir/home/jd/projects/pico/pico-sdk/src/rp2_common/pico_divider/divider.S.obj
                0x0000000010003ac0                div_s64s64
                0x0000000010003ac0                divmod_s64s64
                0x0000000010003ac0                __wrap___aeabi_ldivmod
                0x0000000010003af0                div_u64u64
                0x0000000010003af0                divmod_u64u64
                0x0000000010003af0                __wrap___aeabi_uldivmod
                0x0000000010003b00                divmod_u64u64_savestate
                0x0000000010003b20                divmod_s64s64_unsafe
                0x0000000010003ba8                divmod_u64u64_unsafe
 .text.__wrap___aeabi_darithmetic
                0x0000000010003ee4       0x80 CMakeFiles/motorPWM.dir/home/jd/projects/pico/pico-sdk/src/rp2_common/pico_double/double_aeabi.S.obj
                0x0000000010003ee4                __wrap___aeabi_drsub
                0x0000000010003eea                __wrap___aeabi_dsub
                0x0000000010003efc                __wrap___aeabi_dadd
                0x0000000010003f0e                __wrap___aeabi_ddiv
                0x0000000010003f4a                __wrap___aeabi_dmul
 .text.__wrap___aeabi_cdcmple
                0x0000000010003f64       0x6c CMakeFiles/motorPWM.dir/home/jd/projects/pico/pico-sdk/src/rp2_common/pico_double/double_aeabi.S.obj
                0x0000000010003f64                __wrap___aeabi_cdrcmple
                0x0000000010003f74                __wrap___aeabi_cdcmple
                0x0000000010003f74                __wrap___aeabi_cdcmpeq
 .text.__wrap___aeabi_dcmplt
                0x0000000010003fd0        0xc CMakeFiles/motorPWM.dir/home/jd/projects/pico/pico-sdk/src/rp2_common/pico_double/double_aeabi.S.obj
                0x0000000010003fd0                __wrap___aeabi_dcmplt
 .text.__wrap___aeabi_dcmple
                0x0000000010003fdc       0x10 CMakeFiles/motorPWM.dir/home/jd/projects/pico/pico-sdk/src/rp2_common/pico_double/double_aeabi.S.obj
                0x0000000010003fdc                __wrap___aeabi_dcmple
 .text.__wrap___aeabi_dcmpge
                0x0000000010003fec       0x10 CMakeFiles/motorPWM.dir/home/jd/projects/pico/pico-sdk/src/rp2_common/pico_double/double_aeabi.S.obj
                0x0000000010003fec                __wrap___aeabi_dcmpge
 .text.__wrap___aeabi_dcmpgt
                0x0000000010003ffc        0xa CMakeFiles/motorPWM.dir/home/jd/projects/pico/pico-sdk/src/rp2_common/pico_double/double_aeabi.S.obj
                0x0000000010003ffc                __wrap___aeabi_dcmpgt
 .text.__wrap___aeabi_dcmpun
                0x0000000010004006       0x1c CMakeFiles/motorPWM.dir/home/jd/projects/pico/pico-sdk/src/rp2_common/pico_double/double_aeabi.S.obj
                0x0000000010004006                __wrap___aeabi_dcmpun
 *fill*         0x0000000010004022        0x2 
 .text.__wrap___aeabi_i2d
                0x0000000010004024       0x38 CMakeFiles/motorPWM.dir/home/jd/projects/pico/pico-sdk/src/rp2_common/pico_double/double_aeabi.S.obj
                0x0000000010004024                __wrap___aeabi_ui2d
                0x000000001000402c                __wrap___aeabi_i2d
 .text.__wrap___aeabi_d2iz
                0x000000001000405c       0x48 CMakeFiles/motorPWM.dir/home/jd/projects/pico/pico-sdk/src/rp2_common/pico_double/double_aeabi.S.obj
                0x000000001000405c                __wrap___aeabi_d2iz
                0x000000001000405c                double2int_z
 .text.__wrap___aeabi_d2uiz
                0x00000000100040a4       0x18 CMakeFiles/motorPWM.dir/home/jd/projects/pico/pico-sdk/src/rp2_common/pico_double/double_aeabi.S.obj
                0x00000000100040a4                double2uint
                0x00000000100040a4                __wrap___aeabi_d2uiz
 .text.__aeabi_double_init
                0x00000000100040bc       0xc8 CMakeFiles/motorPWM.dir/home/jd/projects/pico/pico-sdk/src/rp2_common/pico_double/double_init_rom.c.obj
                0x00000000100040bc                __aeabi_double_init
 .text.double_table_shim_on_use_helper
                0x0000000010004184       0x34 CMakeFiles/motorPWM.dir/home/jd/projects/pico/pico-sdk/src/rp2_common/pico_double/double_v1_rom_shim.S.obj
                0x0000000010004184                double_table_shim_on_use_helper
 .text.__wrap___aeabi_dsub
                0x00000000100041b8       0x10 CMakeFiles/motorPWM.dir/home/jd/projects/pico/pico-sdk/src/rp2_common/pico_double/double_v1_rom_shim.S.obj
                0x00000000100041b8                drsub_shim
                0x00000000100041be                dsub_shim
 .text.dadd_shim
                0x00000000100041c8      0x15c CMakeFiles/motorPWM.dir/home/jd/projects/pico/pico-sdk/src/rp2_common/pico_double/double_v1_rom_shim.S.obj
                0x00000000100041c8                dadd_shim
 .text.dmul_shim
                0x0000000010004324      0x15c CMakeFiles/motorPWM.dir/home/jd/projects/pico/pico-sdk/src/rp2_common/pico_double/double_v1_rom_shim.S.obj
                0x0000000010004324                dmul_shim
 .text.ddiv_shim
                0x0000000010004480      0x1b0 CMakeFiles/motorPWM.dir/home/jd/projects/pico/pico-sdk/src/rp2_common/pico_double/double_v1_rom_shim.S.obj
                0x0000000010004480                ddiv_shim
 .text.double2uint_shim
                0x0000000010004630        0xe CMakeFiles/motorPWM.dir/home/jd/projects/pico/pico-sdk/src/rp2_common/pico_double/double_v1_rom_shim.S.obj
                0x0000000010004630                double2uint_shim
                0x0000000010004632                double2ufix_shim
 *fill*         0x000000001000463e        0x2 
 .text.double2uint64_shim
                0x0000000010004640       0x70 CMakeFiles/motorPWM.dir/home/jd/projects/pico/pico-sdk/src/rp2_common/pico_double/double_v1_rom_shim.S.obj
                0x0000000010004640                double2uint64_shim
                0x0000000010004642                double2ufix64_shim
                0x0000000010004662                d2fix_a
 .text.dunpacks
                0x00000000100046b0       0x3c CMakeFiles/motorPWM.dir/home/jd/projects/pico/pico-sdk/src/rp2_common/pico_double/double_v1_rom_shim.S.obj
                0x00000000100046b0                dunpacks
 .text.__aeabi_lmul
                0x00000000100046ec       0x32 CMakeFiles/motorPWM.dir/home/jd/projects/pico/pico-sdk/src/rp2_common/pico_int64_ops/pico_int64_ops_aeabi.S.obj
                0x00000000100046ec                __wrap___aeabi_lmul
 *fill*         0x000000001000471e        0x2 
 .text.__aeabi_float_init
                0x0000000010004720       0xfc CMakeFiles/motorPWM.dir/home/jd/projects/pico/pico-sdk/src/rp2_common/pico_float/float_init_rom.c.obj
                0x0000000010004720                __aeabi_float_init
 .text.float_table_shim_on_use_helper
                0x000000001000481c       0x34 CMakeFiles/motorPWM.dir/home/jd/projects/pico/pico-sdk/src/rp2_common/pico_float/float_v1_rom_shim.S.obj
                0x000000001000481c                float_table_shim_on_use_helper
 .text          0x0000000010004850       0x10 CMakeFiles/motorPWM.dir/home/jd/projects/pico/pico-sdk/src/rp2_common/pico_mem_ops/mem_ops_aeabi.S.obj
                0x0000000010004850                __aeabi_mem_init
 .text.memset   0x0000000010004860        0xc CMakeFiles/motorPWM.dir/home/jd/projects/pico/pico-sdk/src/rp2_common/pico_mem_ops/mem_ops_aeabi.S.obj
                0x0000000010004860                __wrap_memset
 .text.memcpy   0x000000001000486c        0xc CMakeFiles/motorPWM.dir/home/jd/projects/pico/pico-sdk/src/rp2_common/pico_mem_ops/mem_ops_aeabi.S.obj
                0x000000001000486c                __wrap___aeabi_memcpy
                0x000000001000486c                __wrap_memcpy
 .text.stdio_out_chars_no_crlf
                0x0000000010004878        0xe CMakeFiles/motorPWM.dir/home/jd/projects/pico/pico-sdk/src/rp2_common/pico_stdio/stdio.c.obj
 *fill*         0x0000000010004886        0x2 
 .text.stdio_out_chars_crlf
                0x0000000010004888       0x80 CMakeFiles/motorPWM.dir/home/jd/projects/pico/pico-sdk/src/rp2_common/pico_stdio/stdio.c.obj
 .text.stdio_stack_buffer_flush
                0x0000000010004908       0x44 CMakeFiles/motorPWM.dir/home/jd/projects/pico/pico-sdk/src/rp2_common/pico_stdio/stdio.c.obj
 .text.stdio_buffered_printer
                0x000000001000494c       0x20 CMakeFiles/motorPWM.dir/home/jd/projects/pico/pico-sdk/src/rp2_common/pico_stdio/stdio.c.obj
 .text.stdout_serialize_begin
                0x000000001000496c       0x5c CMakeFiles/motorPWM.dir/home/jd/projects/pico/pico-sdk/src/rp2_common/pico_stdio/stdio.c.obj
                0x000000001000496c                stdout_serialize_begin
 .text.stdout_serialize_end
                0x00000000100049c8       0x10 CMakeFiles/motorPWM.dir/home/jd/projects/pico/pico-sdk/src/rp2_common/pico_stdio/stdio.c.obj
                0x00000000100049c8                stdout_serialize_end
 .text.stdio_put_string
                0x00000000100049d8       0x98 CMakeFiles/motorPWM.dir/home/jd/projects/pico/pico-sdk/src/rp2_common/pico_stdio/stdio.c.obj
 .text.stdio_set_driver_enabled
                0x0000000010004a70       0x2c CMakeFiles/motorPWM.dir/home/jd/projects/pico/pico-sdk/src/rp2_common/pico_stdio/stdio.c.obj
                0x0000000010004a70                stdio_set_driver_enabled
 .text.stdio_flush
                0x0000000010004a9c       0x20 CMakeFiles/motorPWM.dir/home/jd/projects/pico/pico-sdk/src/rp2_common/pico_stdio/stdio.c.obj
                0x0000000010004a9c                stdio_flush
 .text.__wrap_puts
                0x0000000010004abc       0x1e CMakeFiles/motorPWM.dir/home/jd/projects/pico/pico-sdk/src/rp2_common/pico_stdio/stdio.c.obj
                0x0000000010004abc                __wrap_puts
 *fill*         0x0000000010004ada        0x2 
 .text.__wrap_vprintf
                0x0000000010004adc       0x40 CMakeFiles/motorPWM.dir/home/jd/projects/pico/pico-sdk/src/rp2_common/pico_stdio/stdio.c.obj
                0x0000000010004adc                __wrap_vprintf
 .text.__wrap_printf
                0x0000000010004b1c       0x18 CMakeFiles/motorPWM.dir/home/jd/projects/pico/pico-sdk/src/rp2_common/pico_stdio/stdio.c.obj
                0x0000000010004b1c                __wrap_printf
 .text.stdio_init_all
                0x0000000010004b34        0x8 CMakeFiles/motorPWM.dir/home/jd/projects/pico/pico-sdk/src/rp2_common/pico_stdio/stdio.c.obj
                0x0000000010004b34                stdio_init_all
 .text.resetd_init
                0x0000000010004b3c        0x2 CMakeFiles/motorPWM.dir/home/jd/projects/pico/pico-sdk/src/rp2_common/pico_stdio_usb/reset_interface.c.obj
 *fill*         0x0000000010004b3e        0x2 
 .text.resetd_reset
                0x0000000010004b40        0xc CMakeFiles/motorPWM.dir/home/jd/projects/pico/pico-sdk/src/rp2_common/pico_stdio_usb/reset_interface.c.obj
 .text.resetd_open
                0x0000000010004b4c       0x34 CMakeFiles/motorPWM.dir/home/jd/projects/pico/pico-sdk/src/rp2_common/pico_stdio_usb/reset_interface.c.obj
 .text.resetd_xfer_cb
                0x0000000010004b80        0x4 CMakeFiles/motorPWM.dir/home/jd/projects/pico/pico-sdk/src/rp2_common/pico_stdio_usb/reset_interface.c.obj
 .text.reset_usb_boot
                0x0000000010004b84       0x18 CMakeFiles/motorPWM.dir/home/jd/projects/pico/pico-sdk/src/rp2_common/pico_stdio_usb/reset_interface.c.obj
 .text.resetd_control_xfer_cb
                0x0000000010004b9c       0x5c CMakeFiles/motorPWM.dir/home/jd/projects/pico/pico-sdk/src/rp2_common/pico_stdio_usb/reset_interface.c.obj
 .text.usbd_app_driver_get_cb
                0x0000000010004bf8        0xc CMakeFiles/motorPWM.dir/home/jd/projects/pico/pico-sdk/src/rp2_common/pico_stdio_usb/reset_interface.c.obj
                0x0000000010004bf8                usbd_app_driver_get_cb
 .text.tud_cdc_line_coding_cb
                0x0000000010004c04       0x28 CMakeFiles/motorPWM.dir/home/jd/projects/pico/pico-sdk/src/rp2_common/pico_stdio_usb/reset_interface.c.obj
                0x0000000010004c04                tud_cdc_line_coding_cb
 .text.stdio_usb_set_chars_available_callback
                0x0000000010004c2c       0x14 CMakeFiles/motorPWM.dir/home/jd/projects/pico/pico-sdk/src/rp2_common/pico_stdio_usb/stdio_usb.c.obj
                0x0000000010004c2c                stdio_usb_set_chars_available_callback
 .text.usb_irq  0x0000000010004c40       0x10 CMakeFiles/motorPWM.dir/home/jd/projects/pico/pico-sdk/src/rp2_common/pico_stdio_usb/stdio_usb.c.obj
 .text.timer_task
                0x0000000010004c50       0x58 CMakeFiles/motorPWM.dir/home/jd/projects/pico/pico-sdk/src/rp2_common/pico_stdio_usb/stdio_usb.c.obj
 .text.low_priority_worker_irq
                0x0000000010004ca8       0xd8 CMakeFiles/motorPWM.dir/home/jd/projects/pico/pico-sdk/src/rp2_common/pico_stdio_usb/stdio_usb.c.obj
 .text.tud_cdc_rx_cb
                0x0000000010004d80       0x20 CMakeFiles/motorPWM.dir/home/jd/projects/pico/pico-sdk/src/rp2_common/pico_stdio_usb/stdio_usb.c.obj
                0x0000000010004d80                tud_cdc_rx_cb
 .text.stdio_usb_init
                0x0000000010004da0      0x12c CMakeFiles/motorPWM.dir/home/jd/projects/pico/pico-sdk/src/rp2_common/pico_stdio_usb/stdio_usb.c.obj
                0x0000000010004da0                stdio_usb_init
 .text.stdio_usb_connected
                0x0000000010004ecc        0xa CMakeFiles/motorPWM.dir/home/jd/projects/pico/pico-sdk/src/rp2_common/pico_stdio_usb/stdio_usb.c.obj
                0x0000000010004ecc                stdio_usb_connected
 *fill*         0x0000000010004ed6        0x2 
 .text.stdio_usb_in_chars
                0x0000000010004ed8       0xc4 CMakeFiles/motorPWM.dir/home/jd/projects/pico/pico-sdk/src/rp2_common/pico_stdio_usb/stdio_usb.c.obj
                0x0000000010004ed8                stdio_usb_in_chars
 .text.stdio_usb_out_chars
                0x0000000010004f9c      0x114 CMakeFiles/motorPWM.dir/home/jd/projects/pico/pico-sdk/src/rp2_common/pico_stdio_usb/stdio_usb.c.obj
 .text.tud_descriptor_device_cb
                0x00000000100050b0        0x8 CMakeFiles/motorPWM.dir/home/jd/projects/pico/pico-sdk/src/rp2_common/pico_stdio_usb/stdio_usb_descriptors.c.obj
                0x00000000100050b0                tud_descriptor_device_cb
 .text.tud_descriptor_configuration_cb
                0x00000000100050b8        0x8 CMakeFiles/motorPWM.dir/home/jd/projects/pico/pico-sdk/src/rp2_common/pico_stdio_usb/stdio_usb_descriptors.c.obj
                0x00000000100050b8                tud_descriptor_configuration_cb
 .text.tud_descriptor_string_cb
                0x00000000100050c0       0x6c CMakeFiles/motorPWM.dir/home/jd/projects/pico/pico-sdk/src/rp2_common/pico_stdio_usb/stdio_usb_descriptors.c.obj
                0x00000000100050c0                tud_descriptor_string_cb
 .text._retrieve_unique_id_on_boot
                0x000000001000512c       0x10 CMakeFiles/motorPWM.dir/home/jd/projects/pico/pico-sdk/src/rp2_common/pico_unique_id/unique_id.c.obj
 .text.pico_get_unique_board_id_string
                0x000000001000513c       0x60 CMakeFiles/motorPWM.dir/home/jd/projects/pico/pico-sdk/src/rp2_common/pico_unique_id/unique_id.c.obj
                0x000000001000513c                pico_get_unique_board_id_string
 .text.flash_get_unique_id
                0x000000001000519c       0x46 CMakeFiles/motorPWM.dir/home/jd/projects/pico/pico-sdk/src/rp2_common/hardware_flash/flash.c.obj
                0x000000001000519c                flash_get_unique_id
 *fill*         0x00000000100051e2        0x2 
 .text.hw_endpoint_get_by_addr
                0x00000000100051e4       0x18 CMakeFiles/motorPWM.dir/home/jd/projects/pico/pico-sdk/lib/tinyusb/src/portable/raspberrypi/rp2040/dcd_rp2040.c.obj
 .text._hw_endpoint_alloc
                0x00000000100051fc       0x70 CMakeFiles/motorPWM.dir/home/jd/projects/pico/pico-sdk/lib/tinyusb/src/portable/raspberrypi/rp2040/dcd_rp2040.c.obj
 .text.hw_endpoint_init
                0x000000001000526c       0x88 CMakeFiles/motorPWM.dir/home/jd/projects/pico/pico-sdk/lib/tinyusb/src/portable/raspberrypi/rp2040/dcd_rp2040.c.obj
 .text.hw_endpoint_xfer
                0x00000000100052f4       0x14 CMakeFiles/motorPWM.dir/home/jd/projects/pico/pico-sdk/lib/tinyusb/src/portable/raspberrypi/rp2040/dcd_rp2040.c.obj
 .text.dcd_int_enable
                0x0000000010005308       0x2c CMakeFiles/motorPWM.dir/home/jd/projects/pico/pico-sdk/lib/tinyusb/src/portable/raspberrypi/rp2040/dcd_rp2040.c.obj
                0x0000000010005308                dcd_int_enable
 .text.dcd_set_address
                0x0000000010005334       0x2c CMakeFiles/motorPWM.dir/home/jd/projects/pico/pico-sdk/lib/tinyusb/src/portable/raspberrypi/rp2040/dcd_rp2040.c.obj
                0x0000000010005334                dcd_set_address
 .text.dcd_connect
                0x0000000010005360       0x10 CMakeFiles/motorPWM.dir/home/jd/projects/pico/pico-sdk/lib/tinyusb/src/portable/raspberrypi/rp2040/dcd_rp2040.c.obj
                0x0000000010005360                dcd_connect
 .text.dcd_init
                0x0000000010005370       0x80 CMakeFiles/motorPWM.dir/home/jd/projects/pico/pico-sdk/lib/tinyusb/src/portable/raspberrypi/rp2040/dcd_rp2040.c.obj
                0x0000000010005370                dcd_init
 .text.dcd_edpt0_status_complete
                0x00000000100053f0       0x1c CMakeFiles/motorPWM.dir/home/jd/projects/pico/pico-sdk/lib/tinyusb/src/portable/raspberrypi/rp2040/dcd_rp2040.c.obj
                0x00000000100053f0                dcd_edpt0_status_complete
 .text.dcd_edpt_open
                0x000000001000540c       0x40 CMakeFiles/motorPWM.dir/home/jd/projects/pico/pico-sdk/lib/tinyusb/src/portable/raspberrypi/rp2040/dcd_rp2040.c.obj
                0x000000001000540c                dcd_edpt_open
 .text.dcd_edpt_close_all
                0x000000001000544c        0x8 CMakeFiles/motorPWM.dir/home/jd/projects/pico/pico-sdk/lib/tinyusb/src/portable/raspberrypi/rp2040/dcd_rp2040.c.obj
                0x000000001000544c                dcd_edpt_close_all
 .text.dcd_edpt_xfer
                0x0000000010005454       0x34 CMakeFiles/motorPWM.dir/home/jd/projects/pico/pico-sdk/lib/tinyusb/src/portable/raspberrypi/rp2040/dcd_rp2040.c.obj
                0x0000000010005454                dcd_edpt_xfer
 .text.dcd_edpt_stall
                0x0000000010005488       0x2c CMakeFiles/motorPWM.dir/home/jd/projects/pico/pico-sdk/lib/tinyusb/src/portable/raspberrypi/rp2040/dcd_rp2040.c.obj
                0x0000000010005488                dcd_edpt_stall
 .text.dcd_edpt_clear_stall
                0x00000000100054b4       0x20 CMakeFiles/motorPWM.dir/home/jd/projects/pico/pico-sdk/lib/tinyusb/src/portable/raspberrypi/rp2040/dcd_rp2040.c.obj
                0x00000000100054b4                dcd_edpt_clear_stall
 .text.rp2040_usb_init
                0x00000000100054d4       0x4c CMakeFiles/motorPWM.dir/home/jd/projects/pico/pico-sdk/lib/tinyusb/src/portable/raspberrypi/rp2040/rp2040_usb.c.obj
                0x00000000100054d4                rp2040_usb_init
 .text.hw_endpoint_xfer_start
                0x0000000010005520       0x50 CMakeFiles/motorPWM.dir/home/jd/projects/pico/pico-sdk/lib/tinyusb/src/portable/raspberrypi/rp2040/rp2040_usb.c.obj
                0x0000000010005520                hw_endpoint_xfer_start
 .text.configuration_reset
                0x0000000010005570       0x84 CMakeFiles/motorPWM.dir/home/jd/projects/pico/pico-sdk/lib/tinyusb/src/device/usbd.c.obj
 .text.usbd_reset
                0x00000000100055f4        0xc CMakeFiles/motorPWM.dir/home/jd/projects/pico/pico-sdk/lib/tinyusb/src/device/usbd.c.obj
 .text.invoke_class_control
                0x0000000010005600       0x1a CMakeFiles/motorPWM.dir/home/jd/projects/pico/pico-sdk/lib/tinyusb/src/device/usbd.c.obj
 *fill*         0x000000001000561a        0x2 
 .text.process_set_config
                0x000000001000561c      0x178 CMakeFiles/motorPWM.dir/home/jd/projects/pico/pico-sdk/lib/tinyusb/src/device/usbd.c.obj
 .text.process_get_descriptor
                0x0000000010005794       0xdc CMakeFiles/motorPWM.dir/home/jd/projects/pico/pico-sdk/lib/tinyusb/src/device/usbd.c.obj
 .text.tud_mounted
                0x0000000010005870       0x10 CMakeFiles/motorPWM.dir/home/jd/projects/pico/pico-sdk/lib/tinyusb/src/device/usbd.c.obj
                0x0000000010005870                tud_mounted
 .text.tud_suspended
                0x0000000010005880       0x10 CMakeFiles/motorPWM.dir/home/jd/projects/pico/pico-sdk/lib/tinyusb/src/device/usbd.c.obj
                0x0000000010005880                tud_suspended
 .text.tud_inited
                0x0000000010005890       0x14 CMakeFiles/motorPWM.dir/home/jd/projects/pico/pico-sdk/lib/tinyusb/src/device/usbd.c.obj
                0x0000000010005890                tud_inited
 .text.tud_init
                0x00000000100058a4       0xcc CMakeFiles/motorPWM.dir/home/jd/projects/pico/pico-sdk/lib/tinyusb/src/device/usbd.c.obj
                0x00000000100058a4                tud_init
 .text.usbd_defer_func
                0x0000000010005970       0x2a CMakeFiles/motorPWM.dir/home/jd/projects/pico/pico-sdk/lib/tinyusb/src/device/usbd.c.obj
                0x0000000010005970                usbd_defer_func
 *fill*         0x000000001000599a        0x2 
 .text.usbd_edpt_open
                0x000000001000599c       0x34 CMakeFiles/motorPWM.dir/home/jd/projects/pico/pico-sdk/lib/tinyusb/src/device/usbd.c.obj
                0x000000001000599c                usbd_edpt_open
 .text.usbd_open_edpt_pair
                0x00000000100059d0       0x62 CMakeFiles/motorPWM.dir/home/jd/projects/pico/pico-sdk/lib/tinyusb/src/device/usbd.c.obj
                0x00000000100059d0                usbd_open_edpt_pair
 *fill*         0x0000000010005a32        0x2 
 .text.usbd_edpt_claim
                0x0000000010005a34       0x28 CMakeFiles/motorPWM.dir/home/jd/projects/pico/pico-sdk/lib/tinyusb/src/device/usbd.c.obj
                0x0000000010005a34                usbd_edpt_claim
 .text.usbd_edpt_release
                0x0000000010005a5c       0x28 CMakeFiles/motorPWM.dir/home/jd/projects/pico/pico-sdk/lib/tinyusb/src/device/usbd.c.obj
                0x0000000010005a5c                usbd_edpt_release
 .text.usbd_edpt_xfer
                0x0000000010005a84       0x78 CMakeFiles/motorPWM.dir/home/jd/projects/pico/pico-sdk/lib/tinyusb/src/device/usbd.c.obj
                0x0000000010005a84                usbd_edpt_xfer
 .text.usbd_edpt_stall
                0x0000000010005afc       0x48 CMakeFiles/motorPWM.dir/home/jd/projects/pico/pico-sdk/lib/tinyusb/src/device/usbd.c.obj
                0x0000000010005afc                usbd_edpt_stall
 .text.usbd_edpt_clear_stall
                0x0000000010005b44       0x48 CMakeFiles/motorPWM.dir/home/jd/projects/pico/pico-sdk/lib/tinyusb/src/device/usbd.c.obj
                0x0000000010005b44                usbd_edpt_clear_stall
 .text.usbd_edpt_stalled
                0x0000000010005b8c       0x1c CMakeFiles/motorPWM.dir/home/jd/projects/pico/pico-sdk/lib/tinyusb/src/device/usbd.c.obj
                0x0000000010005b8c                usbd_edpt_stalled
 .text.process_control_request
                0x0000000010005ba8      0x37c CMakeFiles/motorPWM.dir/home/jd/projects/pico/pico-sdk/lib/tinyusb/src/device/usbd.c.obj
 .text.tud_task_ext
                0x0000000010005f24      0x1b4 CMakeFiles/motorPWM.dir/home/jd/projects/pico/pico-sdk/lib/tinyusb/src/device/usbd.c.obj
                0x0000000010005f24                tud_task_ext
 .text._data_stage_xact
                0x00000000100060d8       0x58 CMakeFiles/motorPWM.dir/home/jd/projects/pico/pico-sdk/lib/tinyusb/src/device/usbd_control.c.obj
 .text.tud_control_status
                0x0000000010006130       0x38 CMakeFiles/motorPWM.dir/home/jd/projects/pico/pico-sdk/lib/tinyusb/src/device/usbd_control.c.obj
                0x0000000010006130                tud_control_status
 .text.tud_control_xfer
                0x0000000010006168       0x74 CMakeFiles/motorPWM.dir/home/jd/projects/pico/pico-sdk/lib/tinyusb/src/device/usbd_control.c.obj
                0x0000000010006168                tud_control_xfer
 .text.usbd_control_reset
                0x00000000100061dc       0x14 CMakeFiles/motorPWM.dir/home/jd/projects/pico/pico-sdk/lib/tinyusb/src/device/usbd_control.c.obj
                0x00000000100061dc                usbd_control_reset
 .text.usbd_control_set_complete_callback
                0x00000000100061f0        0xc CMakeFiles/motorPWM.dir/home/jd/projects/pico/pico-sdk/lib/tinyusb/src/device/usbd_control.c.obj
                0x00000000100061f0                usbd_control_set_complete_callback
 .text.usbd_control_set_request
                0x00000000100061fc       0x1c CMakeFiles/motorPWM.dir/home/jd/projects/pico/pico-sdk/lib/tinyusb/src/device/usbd_control.c.obj
                0x00000000100061fc                usbd_control_set_request
 .text.usbd_control_xfer_cb
                0x0000000010006218       0xcc CMakeFiles/motorPWM.dir/home/jd/projects/pico/pico-sdk/lib/tinyusb/src/device/usbd_control.c.obj
                0x0000000010006218                usbd_control_xfer_cb
 .text._prep_out_transaction
                0x00000000100062e4       0x4a CMakeFiles/motorPWM.dir/home/jd/projects/pico/pico-sdk/lib/tinyusb/src/class/cdc/cdc_device.c.obj
 *fill*         0x000000001000632e        0x2 
 .text.tud_cdc_n_connected
                0x0000000010006330       0x44 CMakeFiles/motorPWM.dir/home/jd/projects/pico/pico-sdk/lib/tinyusb/src/class/cdc/cdc_device.c.obj
                0x0000000010006330                tud_cdc_n_connected
 .text.tud_cdc_n_available
                0x0000000010006374       0x18 CMakeFiles/motorPWM.dir/home/jd/projects/pico/pico-sdk/lib/tinyusb/src/class/cdc/cdc_device.c.obj
                0x0000000010006374                tud_cdc_n_available
 .text.tud_cdc_n_read
                0x000000001000638c       0x28 CMakeFiles/motorPWM.dir/home/jd/projects/pico/pico-sdk/lib/tinyusb/src/class/cdc/cdc_device.c.obj
                0x000000001000638c                tud_cdc_n_read
 .text.tud_cdc_n_write_flush
                0x00000000100063b4       0xb8 CMakeFiles/motorPWM.dir/home/jd/projects/pico/pico-sdk/lib/tinyusb/src/class/cdc/cdc_device.c.obj
                0x00000000100063b4                tud_cdc_n_write_flush
 .text.tud_cdc_n_write
                0x000000001000646c       0x38 CMakeFiles/motorPWM.dir/home/jd/projects/pico/pico-sdk/lib/tinyusb/src/class/cdc/cdc_device.c.obj
                0x000000001000646c                tud_cdc_n_write
 .text.tud_cdc_n_write_available
                0x00000000100064a4       0x1c CMakeFiles/motorPWM.dir/home/jd/projects/pico/pico-sdk/lib/tinyusb/src/class/cdc/cdc_device.c.obj
                0x00000000100064a4                tud_cdc_n_write_available
 .text.cdcd_init
                0x00000000100064c0       0xbc CMakeFiles/motorPWM.dir/home/jd/projects/pico/pico-sdk/lib/tinyusb/src/class/cdc/cdc_device.c.obj
                0x00000000100064c0                cdcd_init
 .text.cdcd_reset
                0x000000001000657c       0x44 CMakeFiles/motorPWM.dir/home/jd/projects/pico/pico-sdk/lib/tinyusb/src/class/cdc/cdc_device.c.obj
                0x000000001000657c                cdcd_reset
 .text.cdcd_open
                0x00000000100065c0       0xcc CMakeFiles/motorPWM.dir/home/jd/projects/pico/pico-sdk/lib/tinyusb/src/class/cdc/cdc_device.c.obj
                0x00000000100065c0                cdcd_open
 .text.cdcd_control_xfer_cb
                0x000000001000668c      0x134 CMakeFiles/motorPWM.dir/home/jd/projects/pico/pico-sdk/lib/tinyusb/src/class/cdc/cdc_device.c.obj
                0x000000001000668c                cdcd_control_xfer_cb
 .text.cdcd_xfer_cb
                0x00000000100067c0      0x130 CMakeFiles/motorPWM.dir/home/jd/projects/pico/pico-sdk/lib/tinyusb/src/class/cdc/cdc_device.c.obj
                0x00000000100067c0                cdcd_xfer_cb
 .text.tusb_init
                0x00000000100068f0        0xa CMakeFiles/motorPWM.dir/home/jd/projects/pico/pico-sdk/lib/tinyusb/src/tusb.c.obj
                0x00000000100068f0                tusb_init
 .text.tusb_inited
                0x00000000100068fa        0xe CMakeFiles/motorPWM.dir/home/jd/projects/pico/pico-sdk/lib/tinyusb/src/tusb.c.obj
                0x00000000100068fa                tusb_inited
 .text.tu_edpt_claim
                0x0000000010006908       0x50 CMakeFiles/motorPWM.dir/home/jd/projects/pico/pico-sdk/lib/tinyusb/src/tusb.c.obj
                0x0000000010006908                tu_edpt_claim
 .text.tu_edpt_release
                0x0000000010006958       0x3c CMakeFiles/motorPWM.dir/home/jd/projects/pico/pico-sdk/lib/tinyusb/src/tusb.c.obj
                0x0000000010006958                tu_edpt_release
 .text.tu_edpt_validate
                0x0000000010006994       0x78 CMakeFiles/motorPWM.dir/home/jd/projects/pico/pico-sdk/lib/tinyusb/src/tusb.c.obj
                0x0000000010006994                tu_edpt_validate
 .text.tu_edpt_bind_driver
                0x0000000010006a0c       0x26 CMakeFiles/motorPWM.dir/home/jd/projects/pico/pico-sdk/lib/tinyusb/src/tusb.c.obj
                0x0000000010006a0c                tu_edpt_bind_driver
 .text.advance_index
                0x0000000010006a32       0x1a CMakeFiles/motorPWM.dir/home/jd/projects/pico/pico-sdk/lib/tinyusb/src/common/tusb_fifo.c.obj
 .text._tu_fifo_peek
                0x0000000010006a4c       0x56 CMakeFiles/motorPWM.dir/home/jd/projects/pico/pico-sdk/lib/tinyusb/src/common/tusb_fifo.c.obj
 .text._ff_pull_const_addr
                0x0000000010006aa2       0x4c CMakeFiles/motorPWM.dir/home/jd/projects/pico/pico-sdk/lib/tinyusb/src/common/tusb_fifo.c.obj
 .text._ff_pull_n
                0x0000000010006aee      0x110 CMakeFiles/motorPWM.dir/home/jd/projects/pico/pico-sdk/lib/tinyusb/src/common/tusb_fifo.c.obj
 .text._tu_fifo_peek_n
                0x0000000010006bfe       0x6a CMakeFiles/motorPWM.dir/home/jd/projects/pico/pico-sdk/lib/tinyusb/src/common/tusb_fifo.c.obj
 .text._tu_fifo_read_n
                0x0000000010006c68       0x4e CMakeFiles/motorPWM.dir/home/jd/projects/pico/pico-sdk/lib/tinyusb/src/common/tusb_fifo.c.obj
 .text._ff_push_const_addr
                0x0000000010006cb6       0x40 CMakeFiles/motorPWM.dir/home/jd/projects/pico/pico-sdk/lib/tinyusb/src/common/tusb_fifo.c.obj
 .text._ff_push_n
                0x0000000010006cf6      0x10c CMakeFiles/motorPWM.dir/home/jd/projects/pico/pico-sdk/lib/tinyusb/src/common/tusb_fifo.c.obj
 .text._tu_fifo_write_n
                0x0000000010006e02       0xf0 CMakeFiles/motorPWM.dir/home/jd/projects/pico/pico-sdk/lib/tinyusb/src/common/tusb_fifo.c.obj
 .text.tu_fifo_config
                0x0000000010006ef2       0x7c CMakeFiles/motorPWM.dir/home/jd/projects/pico/pico-sdk/lib/tinyusb/src/common/tusb_fifo.c.obj
                0x0000000010006ef2                tu_fifo_config
 .text.tu_fifo_count
                0x0000000010006f6e       0x2a CMakeFiles/motorPWM.dir/home/jd/projects/pico/pico-sdk/lib/tinyusb/src/common/tusb_fifo.c.obj
                0x0000000010006f6e                tu_fifo_count
 .text.tu_fifo_empty
                0x0000000010006f98       0x10 CMakeFiles/motorPWM.dir/home/jd/projects/pico/pico-sdk/lib/tinyusb/src/common/tusb_fifo.c.obj
                0x0000000010006f98                tu_fifo_empty
 .text.tu_fifo_full
                0x0000000010006fa8       0x28 CMakeFiles/motorPWM.dir/home/jd/projects/pico/pico-sdk/lib/tinyusb/src/common/tusb_fifo.c.obj
                0x0000000010006fa8                tu_fifo_full
 .text.tu_fifo_remaining
                0x0000000010006fd0       0x2c CMakeFiles/motorPWM.dir/home/jd/projects/pico/pico-sdk/lib/tinyusb/src/common/tusb_fifo.c.obj
                0x0000000010006fd0                tu_fifo_remaining
 .text.tu_fifo_read
                0x0000000010006ffc       0x42 CMakeFiles/motorPWM.dir/home/jd/projects/pico/pico-sdk/lib/tinyusb/src/common/tusb_fifo.c.obj
                0x0000000010006ffc                tu_fifo_read
 .text.tu_fifo_read_n
                0x000000001000703e        0xa CMakeFiles/motorPWM.dir/home/jd/projects/pico/pico-sdk/lib/tinyusb/src/common/tusb_fifo.c.obj
                0x000000001000703e                tu_fifo_read_n
 .text.tu_fifo_write
                0x0000000010007048       0x64 CMakeFiles/motorPWM.dir/home/jd/projects/pico/pico-sdk/lib/tinyusb/src/common/tusb_fifo.c.obj
                0x0000000010007048                tu_fifo_write
 .text.tu_fifo_write_n
                0x00000000100070ac        0xa CMakeFiles/motorPWM.dir/home/jd/projects/pico/pico-sdk/lib/tinyusb/src/common/tusb_fifo.c.obj
                0x00000000100070ac                tu_fifo_write_n
 .text.tu_fifo_clear
                0x00000000100070b6       0x3e CMakeFiles/motorPWM.dir/home/jd/projects/pico/pico-sdk/lib/tinyusb/src/common/tusb_fifo.c.obj
                0x00000000100070b6                tu_fifo_clear
 .text.tu_fifo_set_overwritable
                0x00000000100070f4       0x46 CMakeFiles/motorPWM.dir/home/jd/projects/pico/pico-sdk/lib/tinyusb/src/common/tusb_fifo.c.obj
                0x00000000100070f4                tu_fifo_set_overwritable
 *fill*         0x000000001000713a        0x2 
 .text._pio_can_add_program_at_offset
                0x000000001000713c       0x3c CMakeFiles/motorPWM.dir/home/jd/projects/pico/pico-sdk/src/rp2_common/hardware_pio/pio.c.obj
 .text._pio_find_offset_for_program
                0x0000000010007178       0x7c CMakeFiles/motorPWM.dir/home/jd/projects/pico/pico-sdk/src/rp2_common/hardware_pio/pio.c.obj
 .text._pio_add_program_at_offset
                0x00000000100071f4       0x78 CMakeFiles/motorPWM.dir/home/jd/projects/pico/pico-sdk/src/rp2_common/hardware_pio/pio.c.obj
 .text.pio_claim_unused_sm
                0x000000001000726c       0x3c CMakeFiles/motorPWM.dir/home/jd/projects/pico/pico-sdk/src/rp2_common/hardware_pio/pio.c.obj
                0x000000001000726c                pio_claim_unused_sm
 .text.pio_add_program
                0x00000000100072a8       0x38 CMakeFiles/motorPWM.dir/home/jd/projects/pico/pico-sdk/src/rp2_common/hardware_pio/pio.c.obj
                0x00000000100072a8                pio_add_program
 .text.pio_sm_set_pins
                0x00000000100072e0       0x9e CMakeFiles/motorPWM.dir/home/jd/projects/pico/pico-sdk/src/rp2_common/hardware_pio/pio.c.obj
                0x00000000100072e0                pio_sm_set_pins
 *fill*         0x000000001000737e        0x2 
 .text.pio_sm_set_consecutive_pindirs
                0x0000000010007380       0xa4 CMakeFiles/motorPWM.dir/home/jd/projects/pico/pico-sdk/src/rp2_common/hardware_pio/pio.c.obj
                0x0000000010007380                pio_sm_set_consecutive_pindirs
 .text.pio_sm_init
                0x0000000010007424       0xe4 CMakeFiles/motorPWM.dir/home/jd/projects/pico/pico-sdk/src/rp2_common/hardware_pio/pio.c.obj
                0x0000000010007424                pio_sm_init
 .text.pio_sm_drain_tx_fifo
                0x0000000010007508       0x40 CMakeFiles/motorPWM.dir/home/jd/projects/pico/pico-sdk/src/rp2_common/hardware_pio/pio.c.obj
                0x0000000010007508                pio_sm_drain_tx_fifo
 .text          0x0000000010007548       0x5c /usr/lib/gcc/arm-none-eabi/10.3.1/../../../arm-none-eabi/lib/thumb/v6-m/nofp/libg.a(lib_a-strlen-stub.o)
                0x0000000010007548                strlen
 *(.fini)
 .fini          0x00000000100075a4        0x4 /usr/lib/gcc/arm-none-eabi/10.3.1/thumb/v6-m/nofp/crti.o
                0x00000000100075a4                _fini
 .fini.__stub   0x00000000100075a8       0xe0 linker stubs
 *crtbegin.o(.ctors)
 *crtbegin?.o(.ctors)
 *(EXCLUDE_FILE(*crtend.o *crtend?.o) .ctors)
 *(SORT_BY_NAME(.ctors.*))
 *(.ctors)
 *crtbegin.o(.dtors)
 *crtbegin?.o(.dtors)
 *(EXCLUDE_FILE(*crtend.o *crtend?.o) .dtors)
 *(SORT_BY_NAME(.dtors.*))
 *(.dtors)
 *(.eh_frame*)
 .eh_frame      0x0000000010007688        0x0 /usr/lib/gcc/arm-none-eabi/10.3.1/thumb/v6-m/nofp/crtbegin.o
                0x0000000010007688                . = ALIGN (0x4)

.glue_7         0x0000000010007688        0x0
 .glue_7        0x0000000010007688        0x0 linker stubs

.glue_7t        0x0000000010007688        0x0
 .glue_7t       0x0000000010007688        0x0 linker stubs

.vfp11_veneer   0x0000000010007688        0x0
 .vfp11_veneer  0x0000000010007688        0x0 linker stubs

.v4_bx          0x0000000010007688        0x0
 .v4_bx         0x0000000010007688        0x0 linker stubs

.iplt           0x0000000010007688        0x0
 .iplt          0x0000000010007688        0x0 /usr/lib/gcc/arm-none-eabi/10.3.1/thumb/v6-m/nofp/crtbegin.o

.rodata         0x0000000010007688     0x1798
 *(EXCLUDE_FILE(*libm.a: *libc.a:*lib_a-mem*.o *libgcc.a:) .rodata*)
 .rodata.initMotor.str1.4
                0x0000000010007688       0x30 CMakeFiles/motorPWM.dir/motorPWM.c.obj
 .rodata.setupPIO.str1.4
                0x00000000100076b8       0x1a CMakeFiles/motorPWM.dir/motorPWM.c.obj
 *fill*         0x00000000100076d2        0x2 
 .rodata.stopMotor.str1.4
                0x00000000100076d4        0xf CMakeFiles/motorPWM.dir/motorPWM.c.obj
 *fill*         0x00000000100076e3        0x1 
 .rodata.setMotorDir.str1.4
                0x00000000100076e4       0x28 CMakeFiles/motorPWM.dir/motorPWM.c.obj
 .rodata.runMotor.str1.4
                0x000000001000770c        0xe CMakeFiles/motorPWM.dir/motorPWM.c.obj
 *fill*         0x000000001000771a        0x2 
 .rodata.init.str1.4
                0x000000001000771c       0x65 CMakeFiles/motorPWM.dir/motorPWM.c.obj
 *fill*         0x0000000010007781        0x3 
 .rodata.motorPWM_program
                0x0000000010007784        0x6 CMakeFiles/motorPWM.dir/motorPWM.c.obj
 *fill*         0x000000001000778a        0x2 
 .rodata.motorPWM_program_instructions
                0x000000001000778c       0x12 CMakeFiles/motorPWM.dir/motorPWM.c.obj
 *fill*         0x000000001000779e        0x2 
 .rodata.spin_lock_claim_unused.str1.4
                0x00000000100077a0       0x1b CMakeFiles/motorPWM.dir/home/jd/projects/pico/pico-sdk/src/rp2_common/hardware_sync/sync.c.obj
 *fill*         0x00000000100077bb        0x1 
 .rodata.make_branch.str1.4
                0x00000000100077bc       0x72 CMakeFiles/motorPWM.dir/home/jd/projects/pico/pico-sdk/src/rp2_common/hardware_irq/irq.c.obj
 *fill*         0x000000001000782e        0x2 
 .rodata.insert_branch_and_link.str1.4
                0x0000000010007830       0x10 CMakeFiles/motorPWM.dir/home/jd/projects/pico/pico-sdk/src/rp2_common/hardware_irq/irq.c.obj
 .rodata.irq_set_exclusive_handler.str1.4
                0x0000000010007840       0x36 CMakeFiles/motorPWM.dir/home/jd/projects/pico/pico-sdk/src/rp2_common/hardware_irq/irq.c.obj
 *fill*         0x0000000010007876        0x2 
 .rodata.irq_add_shared_handler.str1.4
                0x0000000010007878       0xd9 CMakeFiles/motorPWM.dir/home/jd/projects/pico/pico-sdk/src/rp2_common/hardware_irq/irq.c.obj
 *fill*         0x0000000010007951        0x3 
 .rodata.irq_remove_handler.str1.4
                0x0000000010007954       0x3a CMakeFiles/motorPWM.dir/home/jd/projects/pico/pico-sdk/src/rp2_common/hardware_irq/irq.c.obj
 *fill*         0x000000001000798e        0x2 
 .rodata.irq_add_tail_to_free_list.str1.4
                0x0000000010007990       0x3a CMakeFiles/motorPWM.dir/home/jd/projects/pico/pico-sdk/src/rp2_common/hardware_irq/irq.c.obj
 *fill*         0x00000000100079ca        0x2 
 .rodata.user_irq_claim_unused.str1.4
                0x00000000100079cc       0x1b CMakeFiles/motorPWM.dir/home/jd/projects/pico/pico-sdk/src/rp2_common/hardware_irq/irq.c.obj
 *fill*         0x00000000100079e7        0x1 
 .rodata.__func__.0
                0x00000000100079e8       0x1a CMakeFiles/motorPWM.dir/home/jd/projects/pico/pico-sdk/src/rp2_common/hardware_irq/irq.c.obj
 *fill*         0x0000000010007a02        0x2 
 .rodata.__func__.1
                0x0000000010007a04       0x17 CMakeFiles/motorPWM.dir/home/jd/projects/pico/pico-sdk/src/rp2_common/hardware_irq/irq.c.obj
 *fill*         0x0000000010007a1b        0x1 
 .rodata.__func__.2
                0x0000000010007a1c       0x13 CMakeFiles/motorPWM.dir/home/jd/projects/pico/pico-sdk/src/rp2_common/hardware_irq/irq.c.obj
 *fill*         0x0000000010007a2f        0x1 
 .rodata.__func__.3
                0x0000000010007a30        0xc CMakeFiles/motorPWM.dir/home/jd/projects/pico/pico-sdk/src/rp2_common/hardware_irq/irq.c.obj
 .rodata.__func__.4
                0x0000000010007a3c        0xf CMakeFiles/motorPWM.dir/home/jd/projects/pico/pico-sdk/src/rp2_common/hardware_irq/irq.c.obj
 *fill*         0x0000000010007a4b        0x1 
 .rodata.__func__.5
                0x0000000010007a4c       0x17 CMakeFiles/motorPWM.dir/home/jd/projects/pico/pico-sdk/src/rp2_common/hardware_irq/irq.c.obj
 *fill*         0x0000000010007a63        0x1 
 .rodata.__func__.6
                0x0000000010007a64       0x1a CMakeFiles/motorPWM.dir/home/jd/projects/pico/pico-sdk/src/rp2_common/hardware_irq/irq.c.obj
 *fill*         0x0000000010007a7e        0x2 
 .rodata.str1.4
                0x0000000010007a80       0xf9 CMakeFiles/motorPWM.dir/home/jd/projects/pico/pico-sdk/src/common/pico_sync/mutex.c.obj
 *fill*         0x0000000010007b79        0x3 
 .rodata.__func__.1
                0x0000000010007b7c        0xb CMakeFiles/motorPWM.dir/home/jd/projects/pico/pico-sdk/src/common/pico_sync/mutex.c.obj
 *fill*         0x0000000010007b87        0x1 
 .rodata.__func__.3
                0x0000000010007b88       0x18 CMakeFiles/motorPWM.dir/home/jd/projects/pico/pico-sdk/src/common/pico_sync/mutex.c.obj
 .rodata.__func__.4
                0x0000000010007ba0       0x15 CMakeFiles/motorPWM.dir/home/jd/projects/pico/pico-sdk/src/common/pico_sync/mutex.c.obj
 *fill*         0x0000000010007bb5        0x3 
 .rodata.repeating_timer_callback.str1.4
                0x0000000010007bb8       0x50 CMakeFiles/motorPWM.dir/home/jd/projects/pico/pico-sdk/src/common/pico_time/time.c.obj
 .rodata.timer_pool_entry_comparator.str1.4
                0x0000000010007c08       0x22 CMakeFiles/motorPWM.dir/home/jd/projects/pico/pico-sdk/src/common/pico_time/time.c.obj
 *fill*         0x0000000010007c2a        0x2 
 .rodata.ph_add_child_node.str1.4
                0x0000000010007c2c       0x9a CMakeFiles/motorPWM.dir/home/jd/projects/pico/pico-sdk/src/common/pico_time/time.c.obj
 *fill*         0x0000000010007cc6        0x2 
 .rodata.add_alarm_under_lock.str1.4
                0x0000000010007cc8       0x28 CMakeFiles/motorPWM.dir/home/jd/projects/pico/pico-sdk/src/common/pico_time/time.c.obj
                                         0x2b (size before relaxing)
 .rodata.alarm_pool_alarm_callback.str1.4
                0x0000000010007cf0       0x98 CMakeFiles/motorPWM.dir/home/jd/projects/pico/pico-sdk/src/common/pico_time/time.c.obj
                                        0x100 (size before relaxing)
 .rodata.alarm_pool_get_default.str1.4
                0x0000000010007d88       0x21 CMakeFiles/motorPWM.dir/home/jd/projects/pico/pico-sdk/src/common/pico_time/time.c.obj
 *fill*         0x0000000010007da9        0x3 
 .rodata.alarm_pool_cancel_alarm.str1.4
                0x0000000010007dac       0x27 CMakeFiles/motorPWM.dir/home/jd/projects/pico/pico-sdk/src/common/pico_time/time.c.obj
 *fill*         0x0000000010007dd3        0x1 
 .rodata.sleep_until.str1.4
                0x0000000010007dd4       0x4d CMakeFiles/motorPWM.dir/home/jd/projects/pico/pico-sdk/src/common/pico_time/time.c.obj
 *fill*         0x0000000010007e21        0x3 
 .rodata.__func__.1
                0x0000000010007e24       0x18 CMakeFiles/motorPWM.dir/home/jd/projects/pico/pico-sdk/src/common/pico_time/time.c.obj
 .rodata.__func__.10
                0x0000000010007e3c       0x15 CMakeFiles/motorPWM.dir/home/jd/projects/pico/pico-sdk/src/common/pico_time/time.c.obj
 *fill*         0x0000000010007e51        0x3 
 .rodata.__func__.11
                0x0000000010007e54       0x1a CMakeFiles/motorPWM.dir/home/jd/projects/pico/pico-sdk/src/common/pico_time/time.c.obj
 *fill*         0x0000000010007e6e        0x2 
 .rodata.__func__.12
                0x0000000010007e70        0xa CMakeFiles/motorPWM.dir/home/jd/projects/pico/pico-sdk/src/common/pico_time/time.c.obj
 *fill*         0x0000000010007e7a        0x2 
 .rodata.__func__.3
                0x0000000010007e7c       0x17 CMakeFiles/motorPWM.dir/home/jd/projects/pico/pico-sdk/src/common/pico_time/time.c.obj
 *fill*         0x0000000010007e93        0x1 
 .rodata.__func__.4
                0x0000000010007e94       0x12 CMakeFiles/motorPWM.dir/home/jd/projects/pico/pico-sdk/src/common/pico_time/time.c.obj
 *fill*         0x0000000010007ea6        0x2 
 .rodata.__func__.5
                0x0000000010007ea8        0xd CMakeFiles/motorPWM.dir/home/jd/projects/pico/pico-sdk/src/common/pico_time/time.c.obj
 *fill*         0x0000000010007eb5        0x3 
 .rodata.__func__.6
                0x0000000010007eb8       0x12 CMakeFiles/motorPWM.dir/home/jd/projects/pico/pico-sdk/src/common/pico_time/time.c.obj
 *fill*         0x0000000010007eca        0x2 
 .rodata.__func__.7
                0x0000000010007ecc        0xf CMakeFiles/motorPWM.dir/home/jd/projects/pico/pico-sdk/src/common/pico_time/time.c.obj
 *fill*         0x0000000010007edb        0x1 
 .rodata.__func__.8
                0x0000000010007edc        0xc CMakeFiles/motorPWM.dir/home/jd/projects/pico/pico-sdk/src/common/pico_time/time.c.obj
 .rodata.__func__.9
                0x0000000010007ee8       0x15 CMakeFiles/motorPWM.dir/home/jd/projects/pico/pico-sdk/src/common/pico_time/time.c.obj
 *fill*         0x0000000010007efd        0x3 
 .rodata.hardware_alarm_claim.str1.4
                0x0000000010007f00       0x22 CMakeFiles/motorPWM.dir/home/jd/projects/pico/pico-sdk/src/rp2_common/hardware_timer/timer.c.obj
 *fill*         0x0000000010007f22        0x2 
 .rodata.hardware_alarm_set_target.str1.4
                0x0000000010007f24       0x6a CMakeFiles/motorPWM.dir/home/jd/projects/pico/pico-sdk/src/rp2_common/hardware_timer/timer.c.obj
 *fill*         0x0000000010007f8e        0x2 
 .rodata.__func__.0
                0x0000000010007f90       0x1a CMakeFiles/motorPWM.dir/home/jd/projects/pico/pico-sdk/src/rp2_common/hardware_timer/timer.c.obj
 .rodata.ph_add_child_node.str1.4
                0x0000000010007faa       0x9a CMakeFiles/motorPWM.dir/home/jd/projects/pico/pico-sdk/src/common/pico_util/pheap.c.obj
 *fill*         0x0000000010007faa        0x2 
 .rodata.ph_remove_any_head.str1.4
                0x0000000010007fac       0x94 CMakeFiles/motorPWM.dir/home/jd/projects/pico/pico-sdk/src/common/pico_util/pheap.c.obj
                                         0xa8 (size before relaxing)
 .rodata.ph_remove_and_free_node.str1.4
                0x0000000010008040       0x1e CMakeFiles/motorPWM.dir/home/jd/projects/pico/pico-sdk/src/common/pico_util/pheap.c.obj
                                         0x26 (size before relaxing)
 *fill*         0x000000001000805e        0x2 
 .rodata.__func__.0
                0x0000000010008060       0x18 CMakeFiles/motorPWM.dir/home/jd/projects/pico/pico-sdk/src/common/pico_util/pheap.c.obj
 .rodata.__func__.1
                0x0000000010008078       0x13 CMakeFiles/motorPWM.dir/home/jd/projects/pico/pico-sdk/src/common/pico_util/pheap.c.obj
 *fill*         0x000000001000808b        0x1 
 .rodata.__func__.2
                0x000000001000808c       0x12 CMakeFiles/motorPWM.dir/home/jd/projects/pico/pico-sdk/src/common/pico_util/pheap.c.obj
 *fill*         0x000000001000809e        0x2 
 .rodata.__func__.3
                0x00000000100080a0        0xc CMakeFiles/motorPWM.dir/home/jd/projects/pico/pico-sdk/src/common/pico_util/pheap.c.obj
 .rodata.clock_configure.str1.4
                0x00000000100080ac       0x5c CMakeFiles/motorPWM.dir/home/jd/projects/pico/pico-sdk/src/rp2_common/hardware_clocks/clocks.c.obj
 .rodata.__func__.1
                0x0000000010008108       0x10 CMakeFiles/motorPWM.dir/home/jd/projects/pico/pico-sdk/src/rp2_common/hardware_clocks/clocks.c.obj
 .rodata.pll_init.str1.4
                0x0000000010008118      0x127 CMakeFiles/motorPWM.dir/home/jd/projects/pico/pico-sdk/src/rp2_common/hardware_pll/pll.c.obj
 *fill*         0x000000001000823f        0x1 
 .rodata.__func__.0
                0x0000000010008240        0x9 CMakeFiles/motorPWM.dir/home/jd/projects/pico/pico-sdk/src/rp2_common/hardware_pll/pll.c.obj
 *fill*         0x0000000010008249        0x3 
 .rodata.__assert_func.str1.4
                0x000000001000824c       0x3f CMakeFiles/motorPWM.dir/home/jd/projects/pico/pico-sdk/src/rp2_common/pico_runtime/runtime.c.obj
                                         0x43 (size before relaxing)
 *fill*         0x000000001000828b        0x1 
 .rodata.runtime_init.str1.4
                0x000000001000828c       0x66 CMakeFiles/motorPWM.dir/home/jd/projects/pico/pico-sdk/src/rp2_common/pico_runtime/runtime.c.obj
 *fill*         0x00000000100082f2        0x2 
 .rodata.panic.str1.4
                0x00000000100082f4       0x10 CMakeFiles/motorPWM.dir/home/jd/projects/pico/pico-sdk/src/rp2_common/pico_runtime/runtime.c.obj
                                         0x12 (size before relaxing)
 .rodata.__func__.2
                0x0000000010008304        0xd CMakeFiles/motorPWM.dir/home/jd/projects/pico/pico-sdk/src/rp2_common/pico_runtime/runtime.c.obj
 *fill*         0x0000000010008311        0x3 
 .rodata._ftoa.str1.4
                0x0000000010008314       0x15 CMakeFiles/motorPWM.dir/home/jd/projects/pico/pico-sdk/src/rp2_common/pico_printf/printf.c.obj
 *fill*         0x0000000010008329        0x3 
 .rodata._vsnprintf
                0x000000001000832c      0x1e0 CMakeFiles/motorPWM.dir/home/jd/projects/pico/pico-sdk/src/rp2_common/pico_printf/printf.c.obj
 *fill*         0x000000001000850c        0x4 
 .rodata.pow10.0
                0x0000000010008510       0x50 CMakeFiles/motorPWM.dir/home/jd/projects/pico/pico-sdk/src/rp2_common/pico_printf/printf.c.obj
 .rodata.__aeabi_double_init.str1.4
                0x0000000010008560       0xad CMakeFiles/motorPWM.dir/home/jd/projects/pico/pico-sdk/src/rp2_common/pico_double/double_init_rom.c.obj
 *fill*         0x000000001000860d        0x3 
 .rodata.__func__.0
                0x0000000010008610       0x14 CMakeFiles/motorPWM.dir/home/jd/projects/pico/pico-sdk/src/rp2_common/pico_double/double_init_rom.c.obj
 .rodata.__aeabi_float_init.str1.4
                0x0000000010008624       0x7f CMakeFiles/motorPWM.dir/home/jd/projects/pico/pico-sdk/src/rp2_common/pico_float/float_init_rom.c.obj
                                         0x83 (size before relaxing)
 *fill*         0x00000000100086a3        0x1 
 .rodata.__func__.0
                0x00000000100086a4       0x13 CMakeFiles/motorPWM.dir/home/jd/projects/pico/pico-sdk/src/rp2_common/pico_float/float_init_rom.c.obj
 *fill*         0x00000000100086b7        0x1 
 .rodata.str1.4
                0x00000000100086b8       0x40 CMakeFiles/motorPWM.dir/home/jd/projects/pico/pico-sdk/src/rp2_common/pico_standard_link/binary_info.c.obj
 .rodata.__bi_44
                0x00000000100086f8        0xc CMakeFiles/motorPWM.dir/home/jd/projects/pico/pico-sdk/src/rp2_common/pico_standard_link/binary_info.c.obj
 .rodata.__bi_75
                0x0000000010008704        0xc CMakeFiles/motorPWM.dir/home/jd/projects/pico/pico-sdk/src/rp2_common/pico_standard_link/binary_info.c.obj
 .rodata.__bi_81
                0x0000000010008710        0xc CMakeFiles/motorPWM.dir/home/jd/projects/pico/pico-sdk/src/rp2_common/pico_standard_link/binary_info.c.obj
 .rodata.stdout_serialize_begin.str1.4
                0x000000001000871c       0x66 CMakeFiles/motorPWM.dir/home/jd/projects/pico/pico-sdk/src/rp2_common/pico_stdio/stdio.c.obj
 .rodata.__func__.3
                0x000000001000871c       0x15 CMakeFiles/motorPWM.dir/home/jd/projects/pico/pico-sdk/src/rp2_common/pico_stdio/stdio.c.obj
 *fill*         0x0000000010008731        0x3 
 .rodata.crlf_str.2
                0x0000000010008734        0x2 CMakeFiles/motorPWM.dir/home/jd/projects/pico/pico-sdk/src/rp2_common/pico_stdio/stdio.c.obj
 *fill*         0x0000000010008736        0x2 
 .rodata._resetd_driver
                0x0000000010008738       0x18 CMakeFiles/motorPWM.dir/home/jd/projects/pico/pico-sdk/src/rp2_common/pico_stdio_usb/reset_interface.c.obj
 .rodata.low_priority_worker_irq.str1.4
                0x0000000010008750       0x66 CMakeFiles/motorPWM.dir/home/jd/projects/pico/pico-sdk/src/rp2_common/pico_stdio_usb/stdio_usb.c.obj
 .rodata.stdio_usb_init.str1.4
                0x0000000010008750       0x4a CMakeFiles/motorPWM.dir/home/jd/projects/pico/pico-sdk/src/rp2_common/pico_stdio_usb/stdio_usb.c.obj
                                         0x52 (size before relaxing)
 *fill*         0x000000001000879a        0x2 
 .rodata.str1.4
                0x000000001000879c       0x13 CMakeFiles/motorPWM.dir/home/jd/projects/pico/pico-sdk/src/rp2_common/pico_stdio_usb/stdio_usb.c.obj
 *fill*         0x00000000100087af        0x1 
 .rodata.__bi_188.0
                0x00000000100087b0        0xc CMakeFiles/motorPWM.dir/home/jd/projects/pico/pico-sdk/src/rp2_common/pico_stdio_usb/stdio_usb.c.obj
 .rodata.__func__.1
                0x00000000100087bc        0xf CMakeFiles/motorPWM.dir/home/jd/projects/pico/pico-sdk/src/rp2_common/pico_stdio_usb/stdio_usb.c.obj
 *fill*         0x00000000100087cb        0x1 
 .rodata.__func__.3
                0x00000000100087cc       0x15 CMakeFiles/motorPWM.dir/home/jd/projects/pico/pico-sdk/src/rp2_common/pico_stdio_usb/stdio_usb.c.obj
 *fill*         0x00000000100087e1        0x3 
 .rodata.str1.4
                0x00000000100087e4       0x2a CMakeFiles/motorPWM.dir/home/jd/projects/pico/pico-sdk/src/rp2_common/pico_stdio_usb/stdio_usb_descriptors.c.obj
 *fill*         0x000000001000880e        0x2 
 .rodata.usbd_desc_cfg
                0x0000000010008810       0x54 CMakeFiles/motorPWM.dir/home/jd/projects/pico/pico-sdk/src/rp2_common/pico_stdio_usb/stdio_usb_descriptors.c.obj
 .rodata.usbd_desc_device
                0x0000000010008864       0x12 CMakeFiles/motorPWM.dir/home/jd/projects/pico/pico-sdk/src/rp2_common/pico_stdio_usb/stdio_usb_descriptors.c.obj
 *fill*         0x0000000010008876        0x2 
 .rodata.usbd_desc_str
                0x0000000010008878       0x18 CMakeFiles/motorPWM.dir/home/jd/projects/pico/pico-sdk/src/rp2_common/pico_stdio_usb/stdio_usb_descriptors.c.obj
 .rodata.pico_get_unique_board_id_string.str1.4
                0x0000000010008890       0x52 CMakeFiles/motorPWM.dir/home/jd/projects/pico/pico-sdk/src/rp2_common/pico_unique_id/unique_id.c.obj
 *fill*         0x00000000100088e2        0x2 
 .rodata.__func__.0
                0x00000000100088e4       0x20 CMakeFiles/motorPWM.dir/home/jd/projects/pico/pico-sdk/src/rp2_common/pico_unique_id/unique_id.c.obj
 .rodata.str1.4
                0x0000000010008904      0x15e CMakeFiles/motorPWM.dir/home/jd/projects/pico/pico-sdk/src/rp2_common/hardware_flash/flash.c.obj
 *fill*         0x0000000010008a62        0x2 
 .rodata.__func__.0
                0x0000000010008a64        0xd CMakeFiles/motorPWM.dir/home/jd/projects/pico/pico-sdk/src/rp2_common/hardware_flash/flash.c.obj
 *fill*         0x0000000010008a71        0x3 
 .rodata._hw_endpoint_alloc.str1.4
                0x0000000010008a74       0xbd CMakeFiles/motorPWM.dir/home/jd/projects/pico/pico-sdk/lib/tinyusb/src/portable/raspberrypi/rp2040/dcd_rp2040.c.obj
 *fill*         0x0000000010008b31        0x3 
 .rodata.str1.4
                0x0000000010008b34       0x14 CMakeFiles/motorPWM.dir/home/jd/projects/pico/pico-sdk/lib/tinyusb/src/portable/raspberrypi/rp2040/dcd_rp2040.c.obj
 .rodata.dcd_int_enable.str1.4
                0x0000000010008b48        0xc CMakeFiles/motorPWM.dir/home/jd/projects/pico/pico-sdk/lib/tinyusb/src/portable/raspberrypi/rp2040/dcd_rp2040.c.obj
 .rodata.__func__.0
                0x0000000010008b54        0xe CMakeFiles/motorPWM.dir/home/jd/projects/pico/pico-sdk/lib/tinyusb/src/portable/raspberrypi/rp2040/dcd_rp2040.c.obj
 *fill*         0x0000000010008b62        0x2 
 .rodata.__func__.1
                0x0000000010008b64        0xe CMakeFiles/motorPWM.dir/home/jd/projects/pico/pico-sdk/lib/tinyusb/src/portable/raspberrypi/rp2040/dcd_rp2040.c.obj
 *fill*         0x0000000010008b72        0x2 
 .rodata.__func__.3
                0x0000000010008b74       0x10 CMakeFiles/motorPWM.dir/home/jd/projects/pico/pico-sdk/lib/tinyusb/src/portable/raspberrypi/rp2040/dcd_rp2040.c.obj
 .rodata.__func__.5
                0x0000000010008b84        0xf CMakeFiles/motorPWM.dir/home/jd/projects/pico/pico-sdk/lib/tinyusb/src/portable/raspberrypi/rp2040/dcd_rp2040.c.obj
 *fill*         0x0000000010008b93        0x1 
 .rodata.__func__.6
                0x0000000010008b94       0x13 CMakeFiles/motorPWM.dir/home/jd/projects/pico/pico-sdk/lib/tinyusb/src/portable/raspberrypi/rp2040/dcd_rp2040.c.obj
 *fill*         0x0000000010008ba7        0x1 
 .rodata.__func__.7
                0x0000000010008ba8        0x9 CMakeFiles/motorPWM.dir/home/jd/projects/pico/pico-sdk/lib/tinyusb/src/portable/raspberrypi/rp2040/dcd_rp2040.c.obj
 *fill*         0x0000000010008bb1        0x3 
 .rodata.str1.4
                0x0000000010008bb4       0xef CMakeFiles/motorPWM.dir/home/jd/projects/pico/pico-sdk/lib/tinyusb/src/portable/raspberrypi/rp2040/rp2040_usb.c.obj
 *fill*         0x0000000010008ca3        0x1 
 .rodata.__func__.0
                0x0000000010008ca4        0xf CMakeFiles/motorPWM.dir/home/jd/projects/pico/pico-sdk/lib/tinyusb/src/portable/raspberrypi/rp2040/rp2040_usb.c.obj
 *fill*         0x0000000010008cb3        0x1 
 .rodata.process_get_descriptor
                0x0000000010008cb4       0x40 CMakeFiles/motorPWM.dir/home/jd/projects/pico/pico-sdk/lib/tinyusb/src/device/usbd.c.obj
 .rodata.process_control_request
                0x0000000010008cf4       0x28 CMakeFiles/motorPWM.dir/home/jd/projects/pico/pico-sdk/lib/tinyusb/src/device/usbd.c.obj
 .rodata.tud_task_ext
                0x0000000010008d1c       0x24 CMakeFiles/motorPWM.dir/home/jd/projects/pico/pico-sdk/lib/tinyusb/src/device/usbd.c.obj
 .rodata._usbd_driver
                0x0000000010008d40       0x18 CMakeFiles/motorPWM.dir/home/jd/projects/pico/pico-sdk/lib/tinyusb/src/device/usbd.c.obj
 .rodata._pio_find_offset_for_program.str1.4
                0x0000000010008d58       0x6e CMakeFiles/motorPWM.dir/home/jd/projects/pico/pico-sdk/src/rp2_common/hardware_pio/pio.c.obj
 *fill*         0x0000000010008dc6        0x2 
 .rodata._pio_add_program_at_offset.str1.4
                0x0000000010008dc8       0x11 CMakeFiles/motorPWM.dir/home/jd/projects/pico/pico-sdk/src/rp2_common/hardware_pio/pio.c.obj
 *fill*         0x0000000010008dd9        0x3 
 .rodata.pio_claim_unused_sm.str1.4
                0x0000000010008ddc       0x24 CMakeFiles/motorPWM.dir/home/jd/projects/pico/pico-sdk/src/rp2_common/hardware_pio/pio.c.obj
 .rodata.__func__.1
                0x0000000010008e00       0x1d CMakeFiles/motorPWM.dir/home/jd/projects/pico/pico-sdk/src/rp2_common/hardware_pio/pio.c.obj
                0x0000000010008e20                . = ALIGN (0x4)
 *fill*         0x0000000010008e1d        0x3 
 *(SORT_BY_ALIGNMENT(SORT_BY_NAME(.flashdata*)))
                0x0000000010008e20                . = ALIGN (0x4)

.rel.dyn        0x0000000010008e20        0x0
 .rel.iplt      0x0000000010008e20        0x0 /usr/lib/gcc/arm-none-eabi/10.3.1/thumb/v6-m/nofp/crtbegin.o

.ARM.extab
 *(.ARM.extab* .gnu.linkonce.armextab.*)
                0x0000000010008e20                __exidx_start = .

.ARM.exidx
 *(.ARM.exidx* .gnu.linkonce.armexidx.*)
                0x0000000010008e20                __exidx_end = .
                0x0000000010008e20                . = ALIGN (0x4)
                0x0000000010008e20                __binary_info_start = .

.binary_info    0x0000000010008e20       0x20
 *(.binary_info.keep.*)
 .binary_info.keep.__bi_ptr22
                0x0000000010008e20        0x4 CMakeFiles/motorPWM.dir/home/jd/projects/pico/pico-sdk/src/rp2_common/pico_standard_link/binary_info.c.obj
 .binary_info.keep.__bi_ptr30
                0x0000000010008e24        0x4 CMakeFiles/motorPWM.dir/home/jd/projects/pico/pico-sdk/src/rp2_common/pico_standard_link/binary_info.c.obj
 .binary_info.keep.__bi_ptr38
                0x0000000010008e28        0x4 CMakeFiles/motorPWM.dir/home/jd/projects/pico/pico-sdk/src/rp2_common/pico_standard_link/binary_info.c.obj
 .binary_info.keep.__bi_ptr44
                0x0000000010008e2c        0x4 CMakeFiles/motorPWM.dir/home/jd/projects/pico/pico-sdk/src/rp2_common/pico_standard_link/binary_info.c.obj
 .binary_info.keep.__bi_ptr50
                0x0000000010008e30        0x4 CMakeFiles/motorPWM.dir/home/jd/projects/pico/pico-sdk/src/rp2_common/pico_standard_link/binary_info.c.obj
 .binary_info.keep.__bi_ptr75
                0x0000000010008e34        0x4 CMakeFiles/motorPWM.dir/home/jd/projects/pico/pico-sdk/src/rp2_common/pico_standard_link/binary_info.c.obj
 .binary_info.keep.__bi_ptr81
                0x0000000010008e38        0x4 CMakeFiles/motorPWM.dir/home/jd/projects/pico/pico-sdk/src/rp2_common/pico_standard_link/binary_info.c.obj
 *(.binary_info.*)
 .binary_info.__bi_ptr188
                0x0000000010008e3c        0x4 CMakeFiles/motorPWM.dir/home/jd/projects/pico/pico-sdk/src/rp2_common/pico_stdio_usb/stdio_usb.c.obj
                0x0000000010008e40                __binary_info_end = .
                0x0000000010008e40                . = ALIGN (0x4)
                0x0000000010008e40                __etext = .

.ram_vector_table
                0x0000000020000000       0xc0
 *(.ram_vector_table)
 .ram_vector_table
                0x0000000020000000       0xc0 CMakeFiles/motorPWM.dir/home/jd/projects/pico/pico-sdk/src/rp2_common/pico_runtime/runtime.c.obj
                0x0000000020000000                ram_vector_table

.data           0x00000000200000c0      0xbe0 load address 0x0000000010008e40
                0x00000000200000c0                __data_start__ = .
 *(vtable)
 *(.time_critical*)
 .time_critical.mutex_try_enter
                0x00000000200000c0       0x46 CMakeFiles/motorPWM.dir/home/jd/projects/pico/pico-sdk/src/common/pico_sync/mutex.c.obj
                0x00000000200000c0                mutex_try_enter
 *fill*         0x0000000020000106        0x2 
 .time_critical.mutex_enter_block_until
                0x0000000020000108       0x8c CMakeFiles/motorPWM.dir/home/jd/projects/pico/pico-sdk/src/common/pico_sync/mutex.c.obj
                0x0000000020000108                mutex_enter_block_until
 .time_critical.mutex_try_enter_block_until
                0x0000000020000194       0x34 CMakeFiles/motorPWM.dir/home/jd/projects/pico/pico-sdk/src/common/pico_sync/mutex.c.obj
                0x0000000020000194                mutex_try_enter_block_until
 .time_critical.mutex_enter_timeout_ms
                0x00000000200001c8       0x68 CMakeFiles/motorPWM.dir/home/jd/projects/pico/pico-sdk/src/common/pico_sync/mutex.c.obj
                0x00000000200001c8                mutex_enter_timeout_ms
 .time_critical.mutex_exit
                0x0000000020000230       0x4c CMakeFiles/motorPWM.dir/home/jd/projects/pico/pico-sdk/src/common/pico_sync/mutex.c.obj
                0x0000000020000230                mutex_exit
 .time_critical.flash_init_boot2_copyout
                0x000000002000027c       0x30 CMakeFiles/motorPWM.dir/home/jd/projects/pico/pico-sdk/src/rp2_common/hardware_flash/flash.c.obj
 .time_critical.flash_enable_xip_via_boot2
                0x00000000200002ac       0x10 CMakeFiles/motorPWM.dir/home/jd/projects/pico/pico-sdk/src/rp2_common/hardware_flash/flash.c.obj
 .time_critical.flash_cs_force
                0x00000000200002bc       0x28 CMakeFiles/motorPWM.dir/home/jd/projects/pico/pico-sdk/src/rp2_common/hardware_flash/flash.c.obj
 .time_critical.flash_do_cmd
                0x00000000200002e4       0xd8 CMakeFiles/motorPWM.dir/home/jd/projects/pico/pico-sdk/src/rp2_common/hardware_flash/flash.c.obj
                0x00000000200002e4                flash_do_cmd
 .time_critical.reset_non_control_endpoints
                0x00000000200003bc       0x40 CMakeFiles/motorPWM.dir/home/jd/projects/pico/pico-sdk/lib/tinyusb/src/portable/raspberrypi/rp2040/dcd_rp2040.c.obj
 .time_critical.hw_handle_buff_status
                0x00000000200003fc       0xa4 CMakeFiles/motorPWM.dir/home/jd/projects/pico/pico-sdk/lib/tinyusb/src/portable/raspberrypi/rp2040/dcd_rp2040.c.obj
 .time_critical.dcd_rp2040_irq
                0x00000000200004a0      0x1cc CMakeFiles/motorPWM.dir/home/jd/projects/pico/pico-sdk/lib/tinyusb/src/portable/raspberrypi/rp2040/dcd_rp2040.c.obj
 .time_critical.e15_is_bulkin_ep
                0x000000002000066c       0x2c CMakeFiles/motorPWM.dir/home/jd/projects/pico/pico-sdk/lib/tinyusb/src/portable/raspberrypi/rp2040/rp2040_usb.c.obj
 .time_critical.e15_is_critical_frame_period
                0x0000000020000698       0x30 CMakeFiles/motorPWM.dir/home/jd/projects/pico/pico-sdk/lib/tinyusb/src/portable/raspberrypi/rp2040/rp2040_usb.c.obj
 .time_critical.prepare_ep_buffer
                0x00000000200006c8       0x70 CMakeFiles/motorPWM.dir/home/jd/projects/pico/pico-sdk/lib/tinyusb/src/portable/raspberrypi/rp2040/rp2040_usb.c.obj
 .time_critical.sync_ep_buffer
                0x0000000020000738       0x80 CMakeFiles/motorPWM.dir/home/jd/projects/pico/pico-sdk/lib/tinyusb/src/portable/raspberrypi/rp2040/rp2040_usb.c.obj
 .time_critical._hw_endpoint_xfer_sync
                0x00000000200007b8       0x28 CMakeFiles/motorPWM.dir/home/jd/projects/pico/pico-sdk/lib/tinyusb/src/portable/raspberrypi/rp2040/rp2040_usb.c.obj
 .time_critical.hw_endpoint_reset_transfer
                0x00000000200007e0        0xc CMakeFiles/motorPWM.dir/home/jd/projects/pico/pico-sdk/lib/tinyusb/src/portable/raspberrypi/rp2040/rp2040_usb.c.obj
                0x00000000200007e0                hw_endpoint_reset_transfer
 .time_critical._hw_endpoint_buffer_control_update32
                0x00000000200007ec       0x58 CMakeFiles/motorPWM.dir/home/jd/projects/pico/pico-sdk/lib/tinyusb/src/portable/raspberrypi/rp2040/rp2040_usb.c.obj
                0x00000000200007ec                _hw_endpoint_buffer_control_update32
 .time_critical.hw_endpoint_start_next_buffer
                0x0000000020000844       0x88 CMakeFiles/motorPWM.dir/home/jd/projects/pico/pico-sdk/lib/tinyusb/src/portable/raspberrypi/rp2040/rp2040_usb.c.obj
                0x0000000020000844                hw_endpoint_start_next_buffer
 .time_critical.hw_endpoint_xfer_continue
                0x00000000200008cc       0x50 CMakeFiles/motorPWM.dir/home/jd/projects/pico/pico-sdk/lib/tinyusb/src/portable/raspberrypi/rp2040/rp2040_usb.c.obj