Archive member included to satisfy reference by file (symbol)

/usr/lib/gcc/arm-none-eabi/10.3.1/thumb/v6-m/nofp/libgcc.a(_dvmd_tls.o)
                              CMakeFiles/motorPWM.dir/home/jd/projects/pico/pico-sdk/src/rp2_common/pico_divider/divider.S.obj (__aeabi_idiv0)
/usr/lib/gcc/arm-none-eabi/10.3.1/../../../arm-none-eabi/lib/thumb/v6-m/nofp/libc.a(lib_a-atexit.o)
                              /usr/lib/gcc/arm-none-eabi/10.3.1/../../../arm-none-eabi/lib/thumb/v6-m/nofp/crt0.o (atexit)
/usr/lib/gcc/arm-none-eabi/10.3.1/../../../arm-none-eabi/lib/thumb/v6-m/nofp/libc.a(lib_a-calloc.o)
                              CMakeFiles/motorPWM.dir/home/jd/projects/pico/pico-sdk/src/rp2_common/pico_malloc/pico_malloc.c.obj (calloc)
/usr/lib/gcc/arm-none-eabi/10.3.1/../../../arm-none-eabi/lib/thumb/v6-m/nofp/libc.a(lib_a-callocr.o)
                              /usr/lib/gcc/arm-none-eabi/10.3.1/../../../arm-none-eabi/lib/thumb/v6-m/nofp/libc.a(lib_a-calloc.o) (_calloc_r)
/usr/lib/gcc/arm-none-eabi/10.3.1/../../../arm-none-eabi/lib/thumb/v6-m/nofp/libc.a(lib_a-fini.o)
                              /usr/lib/gcc/arm-none-eabi/10.3.1/../../../arm-none-eabi/lib/thumb/v6-m/nofp/crt0.o (__libc_fini_array)
/usr/lib/gcc/arm-none-eabi/10.3.1/../../../arm-none-eabi/lib/thumb/v6-m/nofp/libc.a(lib_a-fprintf.o)
                              CMakeFiles/motorPWM.dir/motorPWM.c.obj (fprintf)
/usr/lib/gcc/arm-none-eabi/10.3.1/../../../arm-none-eabi/lib/thumb/v6-m/nofp/libc.a(lib_a-fwrite.o)
                              CMakeFiles/motorPWM.dir/motorPWM.c.obj (fwrite)
/usr/lib/gcc/arm-none-eabi/10.3.1/../../../arm-none-eabi/lib/thumb/v6-m/nofp/libc.a(lib_a-impure.o)
                              CMakeFiles/motorPWM.dir/motorPWM.c.obj (_impure_ptr)
/usr/lib/gcc/arm-none-eabi/10.3.1/../../../arm-none-eabi/lib/thumb/v6-m/nofp/libc.a(lib_a-init.o)
                              /usr/lib/gcc/arm-none-eabi/10.3.1/../../../arm-none-eabi/lib/thumb/v6-m/nofp/crt0.o (__libc_init_array)
/usr/lib/gcc/arm-none-eabi/10.3.1/../../../arm-none-eabi/lib/thumb/v6-m/nofp/libc.a(lib_a-malloc.o)
                              CMakeFiles/motorPWM.dir/home/jd/projects/pico/pico-sdk/src/rp2_common/pico_malloc/pico_malloc.c.obj (malloc)
/usr/lib/gcc/arm-none-eabi/10.3.1/../../../arm-none-eabi/lib/thumb/v6-m/nofp/libc.a(lib_a-mallocr.o)
                              /usr/lib/gcc/arm-none-eabi/10.3.1/../../../arm-none-eabi/lib/thumb/v6-m/nofp/libc.a(lib_a-callocr.o) (_malloc_r)
/usr/lib/gcc/arm-none-eabi/10.3.1/../../../arm-none-eabi/lib/thumb/v6-m/nofp/libc.a(lib_a-mlock.o)
                              /usr/lib/gcc/arm-none-eabi/10.3.1/../../../arm-none-eabi/lib/thumb/v6-m/nofp/libc.a(lib_a-mallocr.o) (__malloc_lock)
/usr/lib/gcc/arm-none-eabi/10.3.1/../../../arm-none-eabi/lib/thumb/v6-m/nofp/libc.a(lib_a-realloc.o)
                              CMakeFiles/motorPWM.dir/home/jd/projects/pico/pico-sdk/src/rp2_common/pico_malloc/pico_malloc.c.obj (realloc)
/usr/lib/gcc/arm-none-eabi/10.3.1/../../../arm-none-eabi/lib/thumb/v6-m/nofp/libc.a(lib_a-reallocr.o)
                              /usr/lib/gcc/arm-none-eabi/10.3.1/../../../arm-none-eabi/lib/thumb/v6-m/nofp/libc.a(lib_a-realloc.o) (_realloc_r)
/usr/lib/gcc/arm-none-eabi/10.3.1/../../../arm-none-eabi/lib/thumb/v6-m/nofp/libc.a(lib_a-sbrkr.o)
                              /usr/lib/gcc/arm-none-eabi/10.3.1/../../../arm-none-eabi/lib/thumb/v6-m/nofp/libc.a(lib_a-mallocr.o) (_sbrk_r)
/usr/lib/gcc/arm-none-eabi/10.3.1/../../../arm-none-eabi/lib/thumb/v6-m/nofp/libc.a(lib_a-strlen-stub.o)
                              CMakeFiles/motorPWM.dir/home/jd/projects/pico/pico-sdk/src/rp2_common/pico_stdio/stdio.c.obj (strlen)
/usr/lib/gcc/arm-none-eabi/10.3.1/../../../arm-none-eabi/lib/thumb/v6-m/nofp/libc.a(lib_a-vfprintf.o)
                              /usr/lib/gcc/arm-none-eabi/10.3.1/../../../arm-none-eabi/lib/thumb/v6-m/nofp/libc.a(lib_a-fprintf.o) (_vfprintf_r)
/usr/lib/gcc/arm-none-eabi/10.3.1/../../../arm-none-eabi/lib/thumb/v6-m/nofp/libc.a(lib_a-wsetup.o)
                              /usr/lib/gcc/arm-none-eabi/10.3.1/../../../arm-none-eabi/lib/thumb/v6-m/nofp/libc.a(lib_a-vfprintf.o) (__swsetup_r)
/usr/lib/gcc/arm-none-eabi/10.3.1/../../../arm-none-eabi/lib/thumb/v6-m/nofp/libc.a(lib_a-__atexit.o)
                              /usr/lib/gcc/arm-none-eabi/10.3.1/../../../arm-none-eabi/lib/thumb/v6-m/nofp/libc.a(lib_a-atexit.o) (__register_exitproc)
/usr/lib/gcc/arm-none-eabi/10.3.1/../../../arm-none-eabi/lib/thumb/v6-m/nofp/libc.a(lib_a-dtoa.o)
                              /usr/lib/gcc/arm-none-eabi/10.3.1/../../../arm-none-eabi/lib/thumb/v6-m/nofp/libc.a(lib_a-vfprintf.o) (_dtoa_r)
/usr/lib/gcc/arm-none-eabi/10.3.1/../../../arm-none-eabi/lib/thumb/v6-m/nofp/libc.a(lib_a-fflush.o)
                              /usr/lib/gcc/arm-none-eabi/10.3.1/../../../arm-none-eabi/lib/thumb/v6-m/nofp/libc.a(lib_a-vfprintf.o) (_fflush_r)
[...]
Memory Configuration

Name             Origin             Length             Attributes
FLASH            0x0000000010000000 0x0000000000200000 xr
RAM              0x0000000020000000 0x0000000000040000 xrw
SCRATCH_X        0x0000000020040000 0x0000000000001000 xrw
SCRATCH_Y        0x0000000020041000 0x0000000000001000 xrw
*default*        0x0000000000000000 0xffffffffffffffff

Linker script and memory map

LOAD /usr/lib/gcc/arm-none-eabi/10.3.1/thumb/v6-m/nofp/crti.o
LOAD /usr/lib/gcc/arm-none-eabi/10.3.1/thumb/v6-m/nofp/crtbegin.o
LOAD /usr/lib/gcc/arm-none-eabi/10.3.1/../../../arm-none-eabi/lib/thumb/v6-m/nofp/crt0.o

.flash_begin    0x0000000010000000        0x0
                0x0000000010000000                __flash_binary_start = .

.boot2          0x0000000010000000      0x100
                0x0000000010000000                __boot2_start__ = .
 *(.boot2)
 .boot2         0x0000000010000000      0x100 /tmp/ccJYiusZ.o
                0x0000000010000100                __boot2_end__ = .
                0x0000000000000001                ASSERT (((__boot2_end__ - __boot2_start__) == 0x100), ERROR: Pico second stage bootloader must be 256 bytes in size)

.text           0x0000000010000100     0xb880
                0x0000000010000100                __logical_binary_start = .
 *(.vectors)
 .vectors       0x0000000010000100       0xd4 CMakeFiles/motorPWM.dir/home/jd/projects/pico/pico-sdk/src/rp2_common/pico_standard_link/crt0.S.obj
                0x0000000010000100                __vectors
                0x0000000010000100                __VECTOR_TABLE
                0x00000000100001c0                isr_invalid
                0x00000000100001c0                __default_isrs_start
                0x00000000100001c2                isr_nmi
                0x00000000100001c4                isr_hardfault
                0x00000000100001c6                isr_svcall
                0x00000000100001c8                isr_pendsv
                0x00000000100001ca                isr_systick
                0x00000000100001cc                isr_irq30
                0x00000000100001cc                __unhandled_user_irq
                0x00000000100001cc                isr_irq13
                0x00000000100001cc                isr_irq27
                0x00000000100001cc                isr_irq31
                0x00000000100001cc                isr_irq5
                0x00000000100001cc                isr_irq11
                0x00000000100001cc                isr_irq23
                0x00000000100001cc                isr_irq18
                0x00000000100001cc                isr_irq28
                0x00000000100001cc                isr_irq19
                0x00000000100001cc                isr_irq0
                0x00000000100001cc                isr_irq6
                0x00000000100001cc                isr_irq22
                0x00000000100001cc                isr_irq17
                0x00000000100001cc                isr_irq14
                0x00000000100001cc                isr_irq2
                0x00000000100001cc                isr_irq10
                0x00000000100001cc                isr_irq8
                0x00000000100001cc                isr_irq24
                0x00000000100001cc                isr_irq1
                0x00000000100001cc                isr_irq7
                0x00000000100001cc                isr_irq21
                0x00000000100001cc                isr_irq20
                0x00000000100001cc                isr_irq15
                0x00000000100001cc                isr_irq25
                0x00000000100001cc                isr_irq4
                0x00000000100001cc                isr_irq16
                0x00000000100001cc                isr_irq29
                0x00000000100001cc                isr_irq26
                0x00000000100001cc                __default_isrs_end
                0x00000000100001cc                isr_irq3
                0x00000000100001cc                isr_irq12
                0x00000000100001cc                isr_irq9
                0x00000000100001d2                unhandled_user_irq_num_in_r0
 *(.binary_info_header)
 .binary_info_header
                0x00000000100001d4       0x14 CMakeFiles/motorPWM.dir/home/jd/projects/pico/pico-sdk/src/rp2_common/pico_standard_link/crt0.S.obj
                0x00000000100001e8                __binary_info_header_end = .
 *(.reset)
 .reset         0x00000000100001e8       0xa0 CMakeFiles/motorPWM.dir/home/jd/projects/pico/pico-sdk/src/rp2_common/pico_standard_link/crt0.S.obj
                0x00000000100001e8                _entry_point
 .reset         0x0000000010000288       0x30 CMakeFiles/motorPWM.dir/home/jd/projects/pico/pico-sdk/src/rp2_common/pico_standard_link/binary_info.c.obj
 *(.init)
 .init          0x00000000100002b8        0x4 /usr/lib/gcc/arm-none-eabi/10.3.1/thumb/v6-m/nofp/crti.o
                0x00000000100002b8                _init
 *(EXCLUDE_FILE(*libm.a: *libc.a:*lib_a-mem*.o *libgcc.a:) .text*)
 .text          0x00000000100002bc       0x98 /usr/lib/gcc/arm-none-eabi/10.3.1/thumb/v6-m/nofp/crtbegin.o
 .text.initMotor
                0x0000000010000354       0x98 CMakeFiles/motorPWM.dir/motorPWM.c.obj
                0x0000000010000354                initMotor
 .text.setupPIO
                0x00000000100003ec       0xc4 CMakeFiles/motorPWM.dir/motorPWM.c.obj
                0x00000000100003ec                setupPIO
 .text.init     0x00000000100004b0       0xc4 CMakeFiles/motorPWM.dir/motorPWM.c.obj
                0x00000000100004b0                init
 .text.loop     0x0000000010000574      0x1c4 CMakeFiles/motorPWM.dir/motorPWM.c.obj
                0x0000000010000574                loop
 .text.startup.main
                0x0000000010000738        0xc CMakeFiles/motorPWM.dir/motorPWM.c.obj
                0x0000000010000738                main
 .text.gpio_set_function
                0x0000000010000744       0x30 CMakeFiles/motorPWM.dir/home/jd/projects/pico/pico-sdk/src/rp2_common/hardware_gpio/gpio.c.obj
                0x0000000010000744                gpio_set_function
 .text.gpio_init
                0x0000000010000774       0x3c CMakeFiles/motorPWM.dir/home/jd/projects/pico/pico-sdk/src/rp2_common/hardware_gpio/gpio.c.obj
                0x0000000010000774                gpio_init
 .text.running_on_fpga
                0x00000000100007b0       0x10 CMakeFiles/motorPWM.dir/home/jd/projects/pico/pico-sdk/src/rp2_common/pico_platform/platform.c.obj
                0x00000000100007b0                running_on_fpga
 .text.hw_claim_lock
                0x00000000100007c0       0x18 CMakeFiles/motorPWM.dir/home/jd/projects/pico/pico-sdk/src/rp2_common/hardware_claim/claim.c.obj
                0x00000000100007c0                hw_claim_lock
 .text.hw_claim_unlock
                0x00000000100007d8       0x14 CMakeFiles/motorPWM.dir/home/jd/projects/pico/pico-sdk/src/rp2_common/hardware_claim/claim.c.obj
                0x00000000100007d8                hw_claim_unlock
 .text.hw_claim_or_assert
                0x00000000100007ec       0x44 CMakeFiles/motorPWM.dir/home/jd/projects/pico/pico-sdk/src/rp2_common/hardware_claim/claim.c.obj
                0x00000000100007ec                hw_claim_or_assert
 .text.hw_claim_unused_from_range
                0x0000000010000830       0x9c CMakeFiles/motorPWM.dir/home/jd/projects/pico/pico-sdk/src/rp2_common/hardware_claim/claim.c.obj
                0x0000000010000830                hw_claim_unused_from_range
 .text.spin_locks_reset
                0x00000000100008cc       0x1c CMakeFiles/motorPWM.dir/home/jd/projects/pico/pico-sdk/src/rp2_common/hardware_sync/sync.c.obj
                0x00000000100008cc                spin_locks_reset
 .text.next_striped_spin_lock_num
                0x00000000100008e8       0x18 CMakeFiles/motorPWM.dir/home/jd/projects/pico/pico-sdk/src/rp2_common/hardware_sync/sync.c.obj
                0x00000000100008e8                next_striped_spin_lock_num
 .text.spin_lock_claim_unused
                0x0000000010000900       0x20 CMakeFiles/motorPWM.dir/home/jd/projects/pico/pico-sdk/src/rp2_common/hardware_sync/sync.c.obj
                0x0000000010000900                spin_lock_claim_unused
 .text.irq_set_enabled
                0x0000000010000920       0x24 CMakeFiles/motorPWM.dir/home/jd/projects/pico/pico-sdk/src/rp2_common/hardware_irq/irq.c.obj
                0x0000000010000920                irq_set_enabled
 .text.irq_set_pending
                0x0000000010000944       0x10 CMakeFiles/motorPWM.dir/home/jd/projects/pico/pico-sdk/src/rp2_common/hardware_irq/irq.c.obj
                0x0000000010000944                irq_set_pending
 .text.irq_has_shared_handler
                0x0000000010000954       0x2c CMakeFiles/motorPWM.dir/home/jd/projects/pico/pico-sdk/src/rp2_common/hardware_irq/irq.c.obj
                0x0000000010000954                irq_has_shared_handler
 .text.irq_get_vtable_handler
                0x0000000010000980       0x10 CMakeFiles/motorPWM.dir/home/jd/projects/pico/pico-sdk/src/rp2_common/hardware_irq/irq.c.obj
                0x0000000010000980                irq_get_vtable_handler
 .text.irq_set_exclusive_handler
                0x0000000010000990       0x54 CMakeFiles/motorPWM.dir/home/jd/projects/pico/pico-sdk/src/rp2_common/hardware_irq/irq.c.obj
                0x0000000010000990                irq_set_exclusive_handler
 .text.irq_add_shared_handler
                0x00000000100009e4      0x1e8 CMakeFiles/motorPWM.dir/home/jd/projects/pico/pico-sdk/src/rp2_common/hardware_irq/irq.c.obj
                0x00000000100009e4                irq_add_shared_handler
 .text.irq_remove_handler
                0x0000000010000bcc      0x1b0 CMakeFiles/motorPWM.dir/home/jd/projects/pico/pico-sdk/src/rp2_common/hardware_irq/irq.c.obj
                0x0000000010000bcc                irq_remove_handler
 .text.irq_add_tail_to_free_list
                0x0000000010000d7c       0xb4 CMakeFiles/motorPWM.dir/home/jd/projects/pico/pico-sdk/src/rp2_common/hardware_irq/irq.c.obj
                0x0000000010000d7c                irq_add_tail_to_free_list
 .text.irq_init_priorities
                0x0000000010000e30       0x24 CMakeFiles/motorPWM.dir/home/jd/projects/pico/pico-sdk/src/rp2_common/hardware_irq/irq.c.obj
                0x0000000010000e30                irq_init_priorities
 .text.user_irq_claim_unused
                0x0000000010000e54       0x28 CMakeFiles/motorPWM.dir/home/jd/projects/pico/pico-sdk/src/rp2_common/hardware_irq/irq.c.obj
                0x0000000010000e54                user_irq_claim_unused
 .text.lock_init
                0x0000000010000e7c       0x10 CMakeFiles/motorPWM.dir/home/jd/projects/pico/pico-sdk/src/common/pico_sync/lock_core.c.obj
                0x0000000010000e7c                lock_init
 .text.mutex_init
                0x0000000010000e8c       0x1c CMakeFiles/motorPWM.dir/home/jd/projects/pico/pico-sdk/src/common/pico_sync/mutex.c.obj
                0x0000000010000e8c                mutex_init
 .text.recursive_mutex_init
                0x0000000010000ea8       0x1c CMakeFiles/motorPWM.dir/home/jd/projects/pico/pico-sdk/src/common/pico_sync/mutex.c.obj
                0x0000000010000ea8                recursive_mutex_init
 .text.critical_section_init
                0x0000000010000ec4       0x20 CMakeFiles/motorPWM.dir/home/jd/projects/pico/pico-sdk/src/common/pico_sync/critical_section.c.obj
                0x0000000010000ec4                critical_section_init
 .text.critical_section_init_with_lock_num
                0x0000000010000ee4       0x14 CMakeFiles/motorPWM.dir/home/jd/projects/pico/pico-sdk/src/common/pico_sync/critical_section.c.obj
                0x0000000010000ee4                critical_section_init_with_lock_num
 .text.timer_pool_entry_comparator
                0x0000000010000ef8       0x34 CMakeFiles/motorPWM.dir/home/jd/projects/pico/pico-sdk/src/common/pico_time/time.c.obj
                0x0000000010000ef8                timer_pool_entry_comparator
 .text.sleep_until_callback
                0x0000000010000f2c       0x30 CMakeFiles/motorPWM.dir/home/jd/projects/pico/pico-sdk/src/common/pico_time/time.c.obj
 .text.add_alarm_under_lock.isra.0
                0x0000000010000f5c      0x100 CMakeFiles/motorPWM.dir/home/jd/projects/pico/pico-sdk/src/common/pico_time/time.c.obj
 .text.alarm_pool_alarm_callback
                0x000000001000105c      0x1b8 CMakeFiles/motorPWM.dir/home/jd/projects/pico/pico-sdk/src/common/pico_time/time.c.obj
 .text.alarm_pool_init_default
                0x0000000010001214       0x6c CMakeFiles/motorPWM.dir/home/jd/projects/pico/pico-sdk/src/common/pico_time/time.c.obj
                0x0000000010001214                alarm_pool_init_default
 .text.alarm_pool_get_default
                0x0000000010001280        0x8 CMakeFiles/motorPWM.dir/home/jd/projects/pico/pico-sdk/src/common/pico_time/time.c.obj
                0x0000000010001280                alarm_pool_get_default
 .text.alarm_pool_add_alarm_at
                0x0000000010001288      0x17c CMakeFiles/motorPWM.dir/home/jd/projects/pico/pico-sdk/src/common/pico_time/time.c.obj
                0x0000000010001288                alarm_pool_add_alarm_at
 .text.alarm_pool_cancel_alarm
                0x0000000010001404       0x74 CMakeFiles/motorPWM.dir/home/jd/projects/pico/pico-sdk/src/common/pico_time/time.c.obj
                0x0000000010001404                alarm_pool_cancel_alarm
 .text.alarm_pool_core_num
                0x0000000010001478        0x4 CMakeFiles/motorPWM.dir/home/jd/projects/pico/pico-sdk/src/common/pico_time/time.c.obj
                0x0000000010001478                alarm_pool_core_num
 .text.sleep_until
                0x000000001000147c       0xc4 CMakeFiles/motorPWM.dir/home/jd/projects/pico/pico-sdk/src/common/pico_time/time.c.obj
                0x000000001000147c                sleep_until
 .text.sleep_ms
                0x0000000010001540       0x34 CMakeFiles/motorPWM.dir/home/jd/projects/pico/pico-sdk/src/common/pico_time/time.c.obj
                0x0000000010001540                sleep_ms
 .text.best_effort_wfe_or_timeout
                0x0000000010001574       0x78 CMakeFiles/motorPWM.dir/home/jd/projects/pico/pico-sdk/src/common/pico_time/time.c.obj
                0x0000000010001574                best_effort_wfe_or_timeout
 .text.hardware_alarm_irq_handler
                0x00000000100015ec       0xbc CMakeFiles/motorPWM.dir/home/jd/projects/pico/pico-sdk/src/rp2_common/hardware_timer/timer.c.obj
 .text.hardware_alarm_claim
                0x00000000100016a8       0x18 CMakeFiles/motorPWM.dir/home/jd/projects/pico/pico-sdk/src/rp2_common/hardware_timer/timer.c.obj
                0x00000000100016a8                hardware_alarm_claim
 .text.time_us_64
                0x00000000100016c0       0x14 CMakeFiles/motorPWM.dir/home/jd/projects/pico/pico-sdk/src/rp2_common/hardware_timer/timer.c.obj
                0x00000000100016c0                time_us_64
 .text.busy_wait_us
                0x00000000100016d4       0x54 CMakeFiles/motorPWM.dir/home/jd/projects/pico/pico-sdk/src/rp2_common/hardware_timer/timer.c.obj
                0x00000000100016d4                busy_wait_us
 .text.busy_wait_until
                0x0000000010001728       0x20 CMakeFiles/motorPWM.dir/home/jd/projects/pico/pico-sdk/src/rp2_common/hardware_timer/timer.c.obj
                0x0000000010001728                busy_wait_until
 .text.hardware_alarm_set_callback
                0x0000000010001748       0x8c CMakeFiles/motorPWM.dir/home/jd/projects/pico/pico-sdk/src/rp2_common/hardware_timer/timer.c.obj
                0x0000000010001748                hardware_alarm_set_callback
 .text.hardware_alarm_set_target
                0x00000000100017d4       0xe0 CMakeFiles/motorPWM.dir/home/jd/projects/pico/pico-sdk/src/rp2_common/hardware_timer/timer.c.obj
                0x00000000100017d4                hardware_alarm_set_target
 .text.hardware_alarm_cancel
                0x00000000100018b4       0x3c CMakeFiles/motorPWM.dir/home/jd/projects/pico/pico-sdk/src/rp2_common/hardware_timer/timer.c.obj
                0x00000000100018b4                hardware_alarm_cancel
 .text.ph_merge_nodes
                0x00000000100018f0       0x68 CMakeFiles/motorPWM.dir/home/jd/projects/pico/pico-sdk/src/common/pico_util/pheap.c.obj
 .text.ph_post_alloc_init
                0x0000000010001958       0x3c CMakeFiles/motorPWM.dir/home/jd/projects/pico/pico-sdk/src/common/pico_util/pheap.c.obj
                0x0000000010001958                ph_post_alloc_init
 .text.ph_merge_two_pass
                0x0000000010001994       0x90 CMakeFiles/motorPWM.dir/home/jd/projects/pico/pico-sdk/src/common/pico_util/pheap.c.obj
                0x0000000010001994                ph_merge_two_pass
 .text.ph_remove_any_head
                0x0000000010001a24      0x100 CMakeFiles/motorPWM.dir/home/jd/projects/pico/pico-sdk/src/common/pico_util/pheap.c.obj
 .text.ph_remove_head
                0x0000000010001b24      0x104 CMakeFiles/motorPWM.dir/home/jd/projects/pico/pico-sdk/src/common/pico_util/pheap.c.obj
                0x0000000010001b24                ph_remove_head
 .text.ph_remove_and_free_node
                0x0000000010001c28       0x7c CMakeFiles/motorPWM.dir/home/jd/projects/pico/pico-sdk/src/common/pico_util/pheap.c.obj
                0x0000000010001c28                ph_remove_and_free_node
 .text.clocks_init
                0x0000000010001ca4      0x2bc CMakeFiles/motorPWM.dir/home/jd/projects/pico/pico-sdk/src/rp2_common/hardware_clocks/clocks.c.obj
                0x0000000010001ca4                clocks_init
 .text.clock_get_hz
                0x0000000010001f60        0xc CMakeFiles/motorPWM.dir/home/jd/projects/pico/pico-sdk/src/rp2_common/hardware_clocks/clocks.c.obj
                0x0000000010001f60                clock_get_hz
 .text.pll_init
                0x0000000010001f6c       0xb0 CMakeFiles/motorPWM.dir/home/jd/projects/pico/pico-sdk/src/rp2_common/hardware_pll/pll.c.obj
                0x0000000010001f6c                pll_init
 .text.watchdog_start_tick
                0x000000001000201c       0x10 CMakeFiles/motorPWM.dir/home/jd/projects/pico/pico-sdk/src/rp2_common/hardware_watchdog/watchdog.c.obj
                0x000000001000201c                watchdog_start_tick
 .text.watchdog_reboot
                0x000000001000202c       0x98 CMakeFiles/motorPWM.dir/home/jd/projects/pico/pico-sdk/src/rp2_common/hardware_watchdog/watchdog.c.obj
                0x000000001000202c                watchdog_reboot
 .text.xosc_init
                0x00000000100020c4       0x28 CMakeFiles/motorPWM.dir/home/jd/projects/pico/pico-sdk/src/rp2_common/hardware_xosc/xosc.c.obj
                0x00000000100020c4                xosc_init
 .text.runtime_init
                0x00000000100020ec       0xf0 CMakeFiles/motorPWM.dir/home/jd/projects/pico/pico-sdk/src/rp2_common/pico_runtime/runtime.c.obj
                0x00000000100020ec                runtime_init
 .text._exit    0x00000000100021dc        0x4 CMakeFiles/motorPWM.dir/home/jd/projects/pico/pico-sdk/src/rp2_common/pico_runtime/runtime.c.obj
                0x00000000100021dc                _exit
 .text._sbrk    0x00000000100021e0       0x34 CMakeFiles/motorPWM.dir/home/jd/projects/pico/pico-sdk/src/rp2_common/pico_runtime/runtime.c.obj
                0x00000000100021e0                _sbrk
 .text.exit     0x0000000010002214        0x8 CMakeFiles/motorPWM.dir/home/jd/projects/pico/pico-sdk/src/rp2_common/pico_runtime/runtime.c.obj
                0x0000000010002214                exit
 .text.__assert_func
                0x000000001000221c       0x34 CMakeFiles/motorPWM.dir/home/jd/projects/pico/pico-sdk/src/rp2_common/pico_runtime/runtime.c.obj
                0x000000001000221c                __assert_func
 .text.panic    0x0000000010002250       0x30 CMakeFiles/motorPWM.dir/home/jd/projects/pico/pico-sdk/src/rp2_common/pico_runtime/runtime.c.obj
                0x0000000010002250                panic
 .text.hard_assertion_failure
                0x0000000010002280        0xc CMakeFiles/motorPWM.dir/home/jd/projects/pico/pico-sdk/src/rp2_common/pico_runtime/runtime.c.obj
                0x0000000010002280                hard_assertion_failure
 .text._out_char
                0x000000001000228c       0x10 CMakeFiles/motorPWM.dir/home/jd/projects/pico/pico-sdk/src/rp2_common/pico_printf/printf.c.obj
 .text.weak_raw_printf
                0x000000001000229c       0x40 CMakeFiles/motorPWM.dir/home/jd/projects/pico/pico-sdk/src/rp2_common/pico_printf/printf.c.obj
                0x000000001000229c                weak_raw_printf
 .text.weak_raw_vprintf
                0x00000000100022dc       0x30 CMakeFiles/motorPWM.dir/home/jd/projects/pico/pico-sdk/src/rp2_common/pico_printf/printf.c.obj
                0x00000000100022dc                weak_raw_vprintf
 .text          0x000000001000230c       0x10 CMakeFiles/motorPWM.dir/home/jd/projects/pico/pico-sdk/src/rp2_common/pico_bit_ops/bit_ops_aeabi.S.obj
 .text.rom_func_lookup
                0x000000001000231c       0x10 CMakeFiles/motorPWM.dir/home/jd/projects/pico/pico-sdk/src/rp2_common/pico_bootrom/bootrom.c.obj
                0x000000001000231c                rom_func_lookup
 .text.rom_data_lookup
                0x000000001000232c       0x10 CMakeFiles/motorPWM.dir/home/jd/projects/pico/pico-sdk/src/rp2_common/pico_bootrom/bootrom.c.obj
                0x000000001000232c                rom_data_lookup
 .text.rom_funcs_lookup
                0x000000001000233c       0x44 CMakeFiles/motorPWM.dir/home/jd/projects/pico/pico-sdk/src/rp2_common/pico_bootrom/bootrom.c.obj
                0x000000001000233c                rom_funcs_lookup
 .text.__wrap___aeabi_idiv
                0x0000000010002380       0x50 CMakeFiles/motorPWM.dir/home/jd/projects/pico/pico-sdk/src/rp2_common/pico_divider/divider.S.obj
                0x0000000010002380                __wrap___aeabi_idivmod
                0x0000000010002380                divmod_s32s32
                0x0000000010002380                div_s32s32
                0x0000000010002380                __wrap___aeabi_idiv
                0x0000000010002388                divmod_s32s32_unsafe
                0x00000000100023b4                divmod_s32s32_savestate
 .text.__wrap___aeabi_uidiv
                0x00000000100023d0       0x4c CMakeFiles/motorPWM.dir/home/jd/projects/pico/pico-sdk/src/rp2_common/pico_divider/divider.S.obj
                0x00000000100023d0                __wrap___aeabi_uidiv
                0x00000000100023d0                __wrap___aeabi_uidivmod
                0x00000000100023d0                div_u32u32
                0x00000000100023d0                divmod_u32u32
                0x00000000100023d8                divmod_u32u32_unsafe
                0x0000000010002400                divmod_u32u32_savestate
 .text.__wrap___aeabi_ldiv
                0x000000001000241c      0x424 CMakeFiles/motorPWM.dir/home/jd/projects/pico/pico-sdk/src/rp2_common/pico_divider/divider.S.obj
                0x000000001000241c                div_s64s64
                0x000000001000241c                divmod_s64s64
                0x000000001000241c                __wrap___aeabi_ldivmod
                0x000000001000244c                div_u64u64
                0x000000001000244c                divmod_u64u64
                0x000000001000244c                __wrap___aeabi_uldivmod
                0x000000001000245c                divmod_u64u64_savestate
                0x000000001000247c                divmod_s64s64_unsafe
                0x0000000010002504                divmod_u64u64_unsafe
 .text.__wrap___aeabi_darithmetic
                0x0000000010002840       0x80 CMakeFiles/motorPWM.dir/home/jd/projects/pico/pico-sdk/src/rp2_common/pico_double/double_aeabi.S.obj
                0x0000000010002840                __wrap___aeabi_drsub
                0x0000000010002846                __wrap___aeabi_dsub
                0x0000000010002858                __wrap___aeabi_dadd
                0x000000001000286a                __wrap___aeabi_ddiv
                0x00000000100028a6                __wrap___aeabi_dmul
 .text.__wrap___aeabi_cdcmple
                0x00000000100028c0       0x6c CMakeFiles/motorPWM.dir/home/jd/projects/pico/pico-sdk/src/rp2_common/pico_double/double_aeabi.S.obj
                0x00000000100028c0                __wrap___aeabi_cdrcmple
                0x00000000100028d0                __wrap___aeabi_cdcmple
                0x00000000100028d0                __wrap___aeabi_cdcmpeq
 .text.__wrap___aeabi_dcmpeq
                0x000000001000292c       0x10 CMakeFiles/motorPWM.dir/home/jd/projects/pico/pico-sdk/src/rp2_common/pico_double/double_aeabi.S.obj
                0x000000001000292c                __wrap___aeabi_dcmpeq
 .text.__wrap___aeabi_dcmplt
                0x000000001000293c        0xc CMakeFiles/motorPWM.dir/home/jd/projects/pico/pico-sdk/src/rp2_common/pico_double/double_aeabi.S.obj
                0x000000001000293c                __wrap___aeabi_dcmplt
 .text.__wrap___aeabi_dcmple
                0x0000000010002948       0x10 CMakeFiles/motorPWM.dir/home/jd/projects/pico/pico-sdk/src/rp2_common/pico_double/double_aeabi.S.obj
                0x0000000010002948                __wrap___aeabi_dcmple
 .text.__wrap___aeabi_dcmpgt
                0x0000000010002958        0xa CMakeFiles/motorPWM.dir/home/jd/projects/pico/pico-sdk/src/rp2_common/pico_double/double_aeabi.S.obj
                0x0000000010002958                __wrap___aeabi_dcmpgt
 .text.__wrap___aeabi_dcmpun
                0x0000000010002962       0x1c CMakeFiles/motorPWM.dir/home/jd/projects/pico/pico-sdk/src/rp2_common/pico_double/double_aeabi.S.obj
                0x0000000010002962                __wrap___aeabi_dcmpun
 *fill*         0x000000001000297e        0x2 
 .text.__wrap___aeabi_i2d
                0x0000000010002980       0x38 CMakeFiles/motorPWM.dir/home/jd/projects/pico/pico-sdk/src/rp2_common/pico_double/double_aeabi.S.obj
                0x0000000010002980                __wrap___aeabi_ui2d
                0x0000000010002988                __wrap___aeabi_i2d
 .text.__wrap___aeabi_d2iz
                0x00000000100029b8       0x48 CMakeFiles/motorPWM.dir/home/jd/projects/pico/pico-sdk/src/rp2_common/pico_double/double_aeabi.S.obj
                0x00000000100029b8                __wrap___aeabi_d2iz
                0x00000000100029b8                double2int_z
 .text.__aeabi_double_init
                0x0000000010002a00       0x94 CMakeFiles/motorPWM.dir/home/jd/projects/pico/pico-sdk/src/rp2_common/pico_double/double_init_rom.c.obj
                0x0000000010002a00                __aeabi_double_init
 .text.double_table_shim_on_use_helper
                0x0000000010002a94       0x2c CMakeFiles/motorPWM.dir/home/jd/projects/pico/pico-sdk/src/rp2_common/pico_double/double_v1_rom_shim.S.obj
                0x0000000010002a94                double_table_shim_on_use_helper
 .text.__wrap___aeabi_dsub
                0x0000000010002ac0       0x10 CMakeFiles/motorPWM.dir/home/jd/projects/pico/pico-sdk/src/rp2_common/pico_double/double_v1_rom_shim.S.obj
                0x0000000010002ac0                drsub_shim
                0x0000000010002ac6                dsub_shim
 .text.dadd_shim
                0x0000000010002ad0      0x15c CMakeFiles/motorPWM.dir/home/jd/projects/pico/pico-sdk/src/rp2_common/pico_double/double_v1_rom_shim.S.obj
                0x0000000010002ad0                dadd_shim
 .text.dmul_shim
                0x0000000010002c2c      0x15c CMakeFiles/motorPWM.dir/home/jd/projects/pico/pico-sdk/src/rp2_common/pico_double/double_v1_rom_shim.S.obj
                0x0000000010002c2c                dmul_shim
 .text.ddiv_shim
                0x0000000010002d88      0x1b0 CMakeFiles/motorPWM.dir/home/jd/projects/pico/pico-sdk/src/rp2_common/pico_double/double_v1_rom_shim.S.obj
                0x0000000010002d88                ddiv_shim
 .text.__aeabi_lmul
                0x0000000010002f38       0x32 CMakeFiles/motorPWM.dir/home/jd/projects/pico/pico-sdk/src/rp2_common/pico_int64_ops/pico_int64_ops_aeabi.S.obj
                0x0000000010002f38                __wrap___aeabi_lmul
 *fill*         0x0000000010002f6a        0x2 
 .text.__wrap___aeabi_f2d
                0x0000000010002f6c       0x14 CMakeFiles/motorPWM.dir/home/jd/projects/pico/pico-sdk/src/rp2_common/pico_float/float_aeabi.S.obj
                0x0000000010002f6c                __wrap___aeabi_f2d
 .text.__aeabi_float_init
                0x0000000010002f80       0x64 CMakeFiles/motorPWM.dir/home/jd/projects/pico/pico-sdk/src/rp2_common/pico_float/float_init_rom.c.obj
                0x0000000010002f80                __aeabi_float_init
 .text.float_table_shim_on_use_helper
                0x0000000010002fe4       0x2c CMakeFiles/motorPWM.dir/home/jd/projects/pico/pico-sdk/src/rp2_common/pico_float/float_v1_rom_shim.S.obj
                0x0000000010002fe4                float_table_shim_on_use_helper
 .text.float2double_shim
                0x0000000010003010       0x30 CMakeFiles/motorPWM.dir/home/jd/projects/pico/pico-sdk/src/rp2_common/pico_float/float_v1_rom_shim.S.obj
                0x0000000010003010                float2double_shim
 .text          0x0000000010003040       0x10 CMakeFiles/motorPWM.dir/home/jd/projects/pico/pico-sdk/src/rp2_common/pico_mem_ops/mem_ops_aeabi.S.obj
                0x0000000010003040                __aeabi_mem_init
 .text.memset   0x0000000010003050        0xc CMakeFiles/motorPWM.dir/home/jd/projects/pico/pico-sdk/src/rp2_common/pico_mem_ops/mem_ops_aeabi.S.obj
                0x0000000010003050                __wrap_memset
 .text.memcpy   0x000000001000305c        0xc CMakeFiles/motorPWM.dir/home/jd/projects/pico/pico-sdk/src/rp2_common/pico_mem_ops/mem_ops_aeabi.S.obj
                0x000000001000305c                __wrap___aeabi_memcpy
                0x000000001000305c                __wrap_memcpy
 .text.stdio_out_chars_no_crlf
                0x0000000010003068       0x10 CMakeFiles/motorPWM.dir/home/jd/projects/pico/pico-sdk/src/rp2_common/pico_stdio/stdio.c.obj
 .text.stdio_out_chars_crlf
                0x0000000010003078       0xb4 CMakeFiles/motorPWM.dir/home/jd/projects/pico/pico-sdk/src/rp2_common/pico_stdio/stdio.c.obj
 .text.stdio_put_string.isra.0
                0x000000001000312c       0xfc CMakeFiles/motorPWM.dir/home/jd/projects/pico/pico-sdk/src/rp2_common/pico_stdio/stdio.c.obj
 .text.__wrap_putchar
                0x0000000010003228       0x98 CMakeFiles/motorPWM.dir/home/jd/projects/pico/pico-sdk/src/rp2_common/pico_stdio/stdio.c.obj
                0x0000000010003228                __wrap_putchar
 .text.__wrap_puts
                0x00000000100032c0       0x3c CMakeFiles/motorPWM.dir/home/jd/projects/pico/pico-sdk/src/rp2_common/pico_stdio/stdio.c.obj
                0x00000000100032c0                __wrap_puts
 .text._read    0x00000000100032fc       0x94 CMakeFiles/motorPWM.dir/home/jd/projects/pico/pico-sdk/src/rp2_common/pico_stdio/stdio.c.obj
                0x00000000100032fc                _read
 .text._write   0x0000000010003390       0xac CMakeFiles/motorPWM.dir/home/jd/projects/pico/pico-sdk/src/rp2_common/pico_stdio/stdio.c.obj
                0x0000000010003390                _write
 .text._close   0x000000001000343c        0x8 CMakeFiles/motorPWM.dir/home/jd/projects/pico/pico-sdk/src/rp2_common/pico_stdio/stdio.c.obj
                0x000000001000343c                _close
 .text._lseek   0x0000000010003444        0x8 CMakeFiles/motorPWM.dir/home/jd/projects/pico/pico-sdk/src/rp2_common/pico_stdio/stdio.c.obj
                0x0000000010003444                _lseek
 .text._fstat   0x000000001000344c        0x8 CMakeFiles/motorPWM.dir/home/jd/projects/pico/pico-sdk/src/rp2_common/pico_stdio/stdio.c.obj
                0x000000001000344c                _fstat
 .text._isatty  0x0000000010003454        0xc CMakeFiles/motorPWM.dir/home/jd/projects/pico/pico-sdk/src/rp2_common/pico_stdio/stdio.c.obj
                0x0000000010003454                _isatty
 .text.stdio_set_driver_enabled
                0x0000000010003460       0x30 CMakeFiles/motorPWM.dir/home/jd/projects/pico/pico-sdk/src/rp2_common/pico_stdio/stdio.c.obj
                0x0000000010003460                stdio_set_driver_enabled
 .text.stdio_init_all
                0x0000000010003490        0x8 CMakeFiles/motorPWM.dir/home/jd/projects/pico/pico-sdk/src/rp2_common/pico_stdio/stdio.c.obj
                0x0000000010003490                stdio_init_all
 .text.resetd_init
                0x0000000010003498        0x4 CMakeFiles/motorPWM.dir/home/jd/projects/pico/pico-sdk/src/rp2_common/pico_stdio_usb/reset_interface.c.obj
 .text.resetd_reset
                0x000000001000349c        0xc CMakeFiles/motorPWM.dir/home/jd/projects/pico/pico-sdk/src/rp2_common/pico_stdio_usb/reset_interface.c.obj
 .text.resetd_open
                0x00000000100034a8       0x28 CMakeFiles/motorPWM.dir/home/jd/projects/pico/pico-sdk/src/rp2_common/pico_stdio_usb/reset_interface.c.obj
 .text.resetd_xfer_cb
                0x00000000100034d0        0x4 CMakeFiles/motorPWM.dir/home/jd/projects/pico/pico-sdk/src/rp2_common/pico_stdio_usb/reset_interface.c.obj
 .text.resetd_control_xfer_cb
                0x00000000100034d4       0x64 CMakeFiles/motorPWM.dir/home/jd/projects/pico/pico-sdk/src/rp2_common/pico_stdio_usb/reset_interface.c.obj
 .text.usbd_app_driver_get_cb
                0x0000000010003538        0xc CMakeFiles/motorPWM.dir/home/jd/projects/pico/pico-sdk/src/rp2_common/pico_stdio_usb/reset_interface.c.obj
                0x0000000010003538                usbd_app_driver_get_cb
 .text.tud_cdc_line_coding_cb
                0x0000000010003544       0x34 CMakeFiles/motorPWM.dir/home/jd/projects/pico/pico-sdk/src/rp2_common/pico_stdio_usb/reset_interface.c.obj
                0x0000000010003544                tud_cdc_line_coding_cb
 .text.stdio_usb_set_chars_available_callback
                0x0000000010003578       0x14 CMakeFiles/motorPWM.dir/home/jd/projects/pico/pico-sdk/src/rp2_common/pico_stdio_usb/stdio_usb.c.obj
                0x0000000010003578                stdio_usb_set_chars_available_callback
 .text.usb_irq  0x000000001000358c       0x10 CMakeFiles/motorPWM.dir/home/jd/projects/pico/pico-sdk/src/rp2_common/pico_stdio_usb/stdio_usb.c.obj
 .text.timer_task
                0x000000001000359c       0x54 CMakeFiles/motorPWM.dir/home/jd/projects/pico/pico-sdk/src/rp2_common/pico_stdio_usb/stdio_usb.c.obj
 .text.stdio_usb_in_chars
                0x00000000100035f0       0x90 CMakeFiles/motorPWM.dir/home/jd/projects/pico/pico-sdk/src/rp2_common/pico_stdio_usb/stdio_usb.c.obj
                0x00000000100035f0                stdio_usb_in_chars
 .text.stdio_usb_out_chars
                0x0000000010003680      0x100 CMakeFiles/motorPWM.dir/home/jd/projects/pico/pico-sdk/src/rp2_common/pico_stdio_usb/stdio_usb.c.obj
 .text.low_priority_worker_irq
                0x0000000010003780       0xa8 CMakeFiles/motorPWM.dir/home/jd/projects/pico/pico-sdk/src/rp2_common/pico_stdio_usb/stdio_usb.c.obj
 .text.tud_cdc_rx_cb
                0x0000000010003828       0x20 CMakeFiles/motorPWM.dir/home/jd/projects/pico/pico-sdk/src/rp2_common/pico_stdio_usb/stdio_usb.c.obj
                0x0000000010003828                tud_cdc_rx_cb
 .text.stdio_usb_init
                0x0000000010003848       0xdc CMakeFiles/motorPWM.dir/home/jd/projects/pico/pico-sdk/src/rp2_common/pico_stdio_usb/stdio_usb.c.obj
                0x0000000010003848                stdio_usb_init
 .text.tud_descriptor_device_cb
                0x0000000010003924        0x8 CMakeFiles/motorPWM.dir/home/jd/projects/pico/pico-sdk/src/rp2_common/pico_stdio_usb/stdio_usb_descriptors.c.obj
                0x0000000010003924                tud_descriptor_device_cb
 .text.tud_descriptor_configuration_cb
                0x000000001000392c        0x8 CMakeFiles/motorPWM.dir/home/jd/projects/pico/pico-sdk/src/rp2_common/pico_stdio_usb/stdio_usb_descriptors.c.obj
                0x000000001000392c                tud_descriptor_configuration_cb
 .text.tud_descriptor_string_cb
                0x0000000010003934       0x74 CMakeFiles/motorPWM.dir/home/jd/projects/pico/pico-sdk/src/rp2_common/pico_stdio_usb/stdio_usb_descriptors.c.obj
                0x0000000010003934                tud_descriptor_string_cb
 .text.startup._retrieve_unique_id_on_boot
                0x00000000100039a8       0x10 CMakeFiles/motorPWM.dir/home/jd/projects/pico/pico-sdk/src/rp2_common/pico_unique_id/unique_id.c.obj
 .text.pico_get_unique_board_id_string
                0x00000000100039b8      0x1a8 CMakeFiles/motorPWM.dir/home/jd/projects/pico/pico-sdk/src/rp2_common/pico_unique_id/unique_id.c.obj
                0x00000000100039b8                pico_get_unique_board_id_string
 .text.flash_get_unique_id
                0x0000000010003b60       0x40 CMakeFiles/motorPWM.dir/home/jd/projects/pico/pico-sdk/src/rp2_common/hardware_flash/flash.c.obj
                0x0000000010003b60                flash_get_unique_id
 .text.dcd_int_enable
                0x0000000010003ba0        0xc CMakeFiles/motorPWM.dir/home/jd/projects/pico/pico-sdk/lib/tinyusb/src/portable/raspberrypi/rp2040/dcd_rp2040.c.obj
                0x0000000010003ba0                dcd_int_enable
 .text.dcd_set_address
                0x0000000010003bac       0x14 CMakeFiles/motorPWM.dir/home/jd/projects/pico/pico-sdk/lib/tinyusb/src/portable/raspberrypi/rp2040/dcd_rp2040.c.obj
                0x0000000010003bac                dcd_set_address
 .text.dcd_connect
                0x0000000010003bc0       0x10 CMakeFiles/motorPWM.dir/home/jd/projects/pico/pico-sdk/lib/tinyusb/src/portable/raspberrypi/rp2040/dcd_rp2040.c.obj
                0x0000000010003bc0                dcd_connect
 .text.dcd_init
                0x0000000010003bd0       0x98 CMakeFiles/motorPWM.dir/home/jd/projects/pico/pico-sdk/lib/tinyusb/src/portable/raspberrypi/rp2040/dcd_rp2040.c.obj
                0x0000000010003bd0                dcd_init
 .text.dcd_edpt0_status_complete
                0x0000000010003c68       0x1c CMakeFiles/motorPWM.dir/home/jd/projects/pico/pico-sdk/lib/tinyusb/src/portable/raspberrypi/rp2040/dcd_rp2040.c.obj
                0x0000000010003c68                dcd_edpt0_status_complete
 .text.dcd_edpt_open
                0x0000000010003c84      0x108 CMakeFiles/motorPWM.dir/home/jd/projects/pico/pico-sdk/lib/tinyusb/src/portable/raspberrypi/rp2040/dcd_rp2040.c.obj
                0x0000000010003c84                dcd_edpt_open
 .text.dcd_edpt_close_all
                0x0000000010003d8c        0x8 CMakeFiles/motorPWM.dir/home/jd/projects/pico/pico-sdk/lib/tinyusb/src/portable/raspberrypi/rp2040/dcd_rp2040.c.obj
                0x0000000010003d8c                dcd_edpt_close_all
 .text.dcd_edpt_xfer
                0x0000000010003d94       0x24 CMakeFiles/motorPWM.dir/home/jd/projects/pico/pico-sdk/lib/tinyusb/src/portable/raspberrypi/rp2040/dcd_rp2040.c.obj
                0x0000000010003d94                dcd_edpt_xfer
 .text.dcd_edpt_stall
                0x0000000010003db8       0x38 CMakeFiles/motorPWM.dir/home/jd/projects/pico/pico-sdk/lib/tinyusb/src/portable/raspberrypi/rp2040/dcd_rp2040.c.obj
                0x0000000010003db8                dcd_edpt_stall
 .text.dcd_edpt_clear_stall
                0x0000000010003df0       0x30 CMakeFiles/motorPWM.dir/home/jd/projects/pico/pico-sdk/lib/tinyusb/src/portable/raspberrypi/rp2040/dcd_rp2040.c.obj
                0x0000000010003df0                dcd_edpt_clear_stall
 .text.rp2040_usb_init
                0x0000000010003e20       0x4c CMakeFiles/motorPWM.dir/home/jd/projects/pico/pico-sdk/lib/tinyusb/src/portable/raspberrypi/rp2040/rp2040_usb.c.obj
                0x0000000010003e20                rp2040_usb_init
 .text.hw_endpoint_xfer_start
                0x0000000010003e6c       0x50 CMakeFiles/motorPWM.dir/home/jd/projects/pico/pico-sdk/lib/tinyusb/src/portable/raspberrypi/rp2040/rp2040_usb.c.obj
                0x0000000010003e6c                hw_endpoint_xfer_start
 .text.tud_mounted
                0x0000000010003ebc       0x10 CMakeFiles/motorPWM.dir/home/jd/projects/pico/pico-sdk/lib/tinyusb/src/device/usbd.c.obj
                0x0000000010003ebc                tud_mounted
 .text.tud_suspended
                0x0000000010003ecc       0x10 CMakeFiles/motorPWM.dir/home/jd/projects/pico/pico-sdk/lib/tinyusb/src/device/usbd.c.obj
                0x0000000010003ecc                tud_suspended
 .text.tud_inited
                0x0000000010003edc       0x14 CMakeFiles/motorPWM.dir/home/jd/projects/pico/pico-sdk/lib/tinyusb/src/device/usbd.c.obj
                0x0000000010003edc                tud_inited
 .text.tud_init
                0x0000000010003ef0       0xe4 CMakeFiles/motorPWM.dir/home/jd/projects/pico/pico-sdk/lib/tinyusb/src/device/usbd.c.obj
                0x0000000010003ef0                tud_init
 .text.tud_task_ext
                0x0000000010003fd4      0x854 CMakeFiles/motorPWM.dir/home/jd/projects/pico/pico-sdk/lib/tinyusb/src/device/usbd.c.obj
                0x0000000010003fd4                tud_task_ext
 .text.usbd_open_edpt_pair
                0x0000000010004828       0x9c CMakeFiles/motorPWM.dir/home/jd/projects/pico/pico-sdk/lib/tinyusb/src/device/usbd.c.obj
                0x0000000010004828                usbd_open_edpt_pair
 .text.usbd_defer_func
                0x00000000100048c4       0x48 CMakeFiles/motorPWM.dir/home/jd/projects/pico/pico-sdk/lib/tinyusb/src/device/usbd.c.obj
                0x00000000100048c4                usbd_defer_func
 .text.usbd_edpt_open
                0x000000001000490c       0x34 CMakeFiles/motorPWM.dir/home/jd/projects/pico/pico-sdk/lib/tinyusb/src/device/usbd.c.obj
                0x000000001000490c                usbd_edpt_open
 .text.usbd_edpt_claim
                0x0000000010004940       0x28 CMakeFiles/motorPWM.dir/home/jd/projects/pico/pico-sdk/lib/tinyusb/src/device/usbd.c.obj
                0x0000000010004940                usbd_edpt_claim
 .text.usbd_edpt_release
                0x0000000010004968       0x28 CMakeFiles/motorPWM.dir/home/jd/projects/pico/pico-sdk/lib/tinyusb/src/device/usbd.c.obj
                0x0000000010004968                usbd_edpt_release
 .text.usbd_edpt_xfer
                0x0000000010004990       0x4c CMakeFiles/motorPWM.dir/home/jd/projects/pico/pico-sdk/lib/tinyusb/src/device/usbd.c.obj
                0x0000000010004990                usbd_edpt_xfer
 .text.tud_control_status
                0x00000000100049dc       0x30 CMakeFiles/motorPWM.dir/home/jd/projects/pico/pico-sdk/lib/tinyusb/src/device/usbd_control.c.obj
                0x00000000100049dc                tud_control_status
 .text.tud_control_xfer
                0x0000000010004a0c       0xbc CMakeFiles/motorPWM.dir/home/jd/projects/pico/pico-sdk/lib/tinyusb/src/device/usbd_control.c.obj
                0x0000000010004a0c                tud_control_xfer
 .text.usbd_control_reset
                0x0000000010004ac8       0x14 CMakeFiles/motorPWM.dir/home/jd/projects/pico/pico-sdk/lib/tinyusb/src/device/usbd_control.c.obj
                0x0000000010004ac8                usbd_control_reset
 .text.usbd_control_set_complete_callback
                0x0000000010004adc        0xc CMakeFiles/motorPWM.dir/home/jd/projects/pico/pico-sdk/lib/tinyusb/src/device/usbd_control.c.obj
                0x0000000010004adc                usbd_control_set_complete_callback
 .text.usbd_control_set_request
                0x0000000010004ae8       0x1c CMakeFiles/motorPWM.dir/home/jd/projects/pico/pico-sdk/lib/tinyusb/src/device/usbd_control.c.obj
                0x0000000010004ae8                usbd_control_set_request
 .text.usbd_control_xfer_cb
                0x0000000010004b04       0xfc CMakeFiles/motorPWM.dir/home/jd/projects/pico/pico-sdk/lib/tinyusb/src/device/usbd_control.c.obj
                0x0000000010004b04                usbd_control_xfer_cb
 .text.tud_cdc_n_connected
                0x0000000010004c00       0x30 CMakeFiles/motorPWM.dir/home/jd/projects/pico/pico-sdk/lib/tinyusb/src/class/cdc/cdc_device.c.obj
                0x0000000010004c00                tud_cdc_n_connected
 .text.tud_cdc_n_available
                0x0000000010004c30       0x18 CMakeFiles/motorPWM.dir/home/jd/projects/pico/pico-sdk/lib/tinyusb/src/class/cdc/cdc_device.c.obj
                0x0000000010004c30                tud_cdc_n_available
 .text.tud_cdc_n_read
                0x0000000010004c48       0x70 CMakeFiles/motorPWM.dir/home/jd/projects/pico/pico-sdk/lib/tinyusb/src/class/cdc/cdc_device.c.obj
                0x0000000010004c48                tud_cdc_n_read
 .text.tud_cdc_n_write_flush
                0x0000000010004cb8       0x78 CMakeFiles/motorPWM.dir/home/jd/projects/pico/pico-sdk/lib/tinyusb/src/class/cdc/cdc_device.c.obj
                0x0000000010004cb8                tud_cdc_n_write_flush
 .text.tud_cdc_n_write
                0x0000000010004d30       0x34 CMakeFiles/motorPWM.dir/home/jd/projects/pico/pico-sdk/lib/tinyusb/src/class/cdc/cdc_device.c.obj
                0x0000000010004d30                tud_cdc_n_write
 .text.tud_cdc_n_write_available
                0x0000000010004d64       0x18 CMakeFiles/motorPWM.dir/home/jd/projects/pico/pico-sdk/lib/tinyusb/src/class/cdc/cdc_device.c.obj
                0x0000000010004d64                tud_cdc_n_write_available
 .text.cdcd_init
                0x0000000010004d7c       0x7c CMakeFiles/motorPWM.dir/home/jd/projects/pico/pico-sdk/lib/tinyusb/src/class/cdc/cdc_device.c.obj
                0x0000000010004d7c                cdcd_init
 .text.cdcd_reset
                0x0000000010004df8       0x2c CMakeFiles/motorPWM.dir/home/jd/projects/pico/pico-sdk/lib/tinyusb/src/class/cdc/cdc_device.c.obj
                0x0000000010004df8                cdcd_reset
 .text.cdcd_open
                0x0000000010004e24       0xe8 CMakeFiles/motorPWM.dir/home/jd/projects/pico/pico-sdk/lib/tinyusb/src/class/cdc/cdc_device.c.obj
                0x0000000010004e24                cdcd_open
 .text.cdcd_control_xfer_cb
                0x0000000010004f0c       0xe4 CMakeFiles/motorPWM.dir/home/jd/projects/pico/pico-sdk/lib/tinyusb/src/class/cdc/cdc_device.c.obj
                0x0000000010004f0c                cdcd_control_xfer_cb
 .text.cdcd_xfer_cb
                0x0000000010004ff0      0x148 CMakeFiles/motorPWM.dir/home/jd/projects/pico/pico-sdk/lib/tinyusb/src/class/cdc/cdc_device.c.obj
                0x0000000010004ff0                cdcd_xfer_cb
 .text.tusb_init
                0x0000000010005138        0xc CMakeFiles/motorPWM.dir/home/jd/projects/pico/pico-sdk/lib/tinyusb/src/tusb.c.obj
                0x0000000010005138                tusb_init
 .text.tusb_inited
                0x0000000010005144        0x8 CMakeFiles/motorPWM.dir/home/jd/projects/pico/pico-sdk/lib/tinyusb/src/tusb.c.obj
                0x0000000010005144                tusb_inited
 .text.tu_edpt_claim
                0x000000001000514c       0x50 CMakeFiles/motorPWM.dir/home/jd/projects/pico/pico-sdk/lib/tinyusb/src/tusb.c.obj
                0x000000001000514c                tu_edpt_claim
 .text.tu_edpt_release
                0x000000001000519c       0x38 CMakeFiles/motorPWM.dir/home/jd/projects/pico/pico-sdk/lib/tinyusb/src/tusb.c.obj
                0x000000001000519c                tu_edpt_release
 .text.tu_edpt_validate
                0x00000000100051d4       0x78 CMakeFiles/motorPWM.dir/home/jd/projects/pico/pico-sdk/lib/tinyusb/src/tusb.c.obj
                0x00000000100051d4                tu_edpt_validate
 .text.tu_edpt_bind_driver
                0x000000001000524c       0x34 CMakeFiles/motorPWM.dir/home/jd/projects/pico/pico-sdk/lib/tinyusb/src/tusb.c.obj
                0x000000001000524c                tu_edpt_bind_driver
 .text.tu_fifo_config
                0x0000000010005280       0x70 CMakeFiles/motorPWM.dir/home/jd/projects/pico/pico-sdk/lib/tinyusb/src/common/tusb_fifo.c.obj
                0x0000000010005280                tu_fifo_config
 .text.tu_fifo_count
                0x00000000100052f0       0x2c CMakeFiles/motorPWM.dir/home/jd/projects/pico/pico-sdk/lib/tinyusb/src/common/tusb_fifo.c.obj
                0x00000000100052f0                tu_fifo_count
 .text.tu_fifo_empty
                0x000000001000531c       0x10 CMakeFiles/motorPWM.dir/home/jd/projects/pico/pico-sdk/lib/tinyusb/src/common/tusb_fifo.c.obj
                0x000000001000531c                tu_fifo_empty
 .text.tu_fifo_remaining
                0x000000001000532c       0x2c CMakeFiles/motorPWM.dir/home/jd/projects/pico/pico-sdk/lib/tinyusb/src/common/tusb_fifo.c.obj
                0x000000001000532c                tu_fifo_remaining
 .text.tu_fifo_read
                0x0000000010005358       0xa0 CMakeFiles/motorPWM.dir/home/jd/projects/pico/pico-sdk/lib/tinyusb/src/common/tusb_fifo.c.obj
                0x0000000010005358                tu_fifo_read
 .text.tu_fifo_read_n
                0x00000000100053f8       0xec CMakeFiles/motorPWM.dir/home/jd/projects/pico/pico-sdk/lib/tinyusb/src/common/tusb_fifo.c.obj
                0x00000000100053f8                tu_fifo_read_n
 .text.tu_fifo_write
                0x00000000100054e4       0x88 CMakeFiles/motorPWM.dir/home/jd/projects/pico/pico-sdk/lib/tinyusb/src/common/tusb_fifo.c.obj
                0x00000000100054e4                tu_fifo_write
 .text.tu_fifo_write_n
                0x000000001000556c      0x168 CMakeFiles/motorPWM.dir/home/jd/projects/pico/pico-sdk/lib/tinyusb/src/common/tusb_fifo.c.obj
                0x000000001000556c                tu_fifo_write_n
 .text.tu_fifo_clear
                0x00000000100056d4       0x40 CMakeFiles/motorPWM.dir/home/jd/projects/pico/pico-sdk/lib/tinyusb/src/common/tusb_fifo.c.obj
                0x00000000100056d4                tu_fifo_clear
 .text.tu_fifo_set_overwritable
                0x0000000010005714       0x48 CMakeFiles/motorPWM.dir/home/jd/projects/pico/pico-sdk/lib/tinyusb/src/common/tusb_fifo.c.obj
                0x0000000010005714                tu_fifo_set_overwritable
 .text.pio_claim_unused_sm
                0x000000001000575c       0x3c CMakeFiles/motorPWM.dir/home/jd/projects/pico/pico-sdk/src/rp2_common/hardware_pio/pio.c.obj
                0x000000001000575c                pio_claim_unused_sm
 .text.pio_add_program
                0x0000000010005798       0xc8 CMakeFiles/motorPWM.dir/home/jd/projects/pico/pico-sdk/src/rp2_common/hardware_pio/pio.c.obj
                0x0000000010005798                pio_add_program
 .text.pio_sm_set_pins
                0x0000000010005860       0x90 CMakeFiles/motorPWM.dir/home/jd/projects/pico/pico-sdk/src/rp2_common/hardware_pio/pio.c.obj
                0x0000000010005860                pio_sm_set_pins
 .text.pio_sm_set_consecutive_pindirs
                0x00000000100058f0       0xb0 CMakeFiles/motorPWM.dir/home/jd/projects/pico/pico-sdk/src/rp2_common/hardware_pio/pio.c.obj
                0x00000000100058f0                pio_sm_set_consecutive_pindirs
 .text.pio_sm_init
                0x00000000100059a0       0x8c CMakeFiles/motorPWM.dir/home/jd/projects/pico/pico-sdk/src/rp2_common/hardware_pio/pio.c.obj
                0x00000000100059a0                pio_sm_init
 .text.pio_sm_drain_tx_fifo
                0x0000000010005a2c       0x40 CMakeFiles/motorPWM.dir/home/jd/projects/pico/pico-sdk/src/rp2_common/hardware_pio/pio.c.obj
                0x0000000010005a2c                pio_sm_drain_tx_fifo
 .text          0x0000000010005a6c       0x5c /usr/lib/gcc/arm-none-eabi/10.3.1/../../../arm-none-eabi/lib/thumb/v6-m/nofp/libc.a(lib_a-callocr.o)
                0x0000000010005a6c                _calloc_r
 .text          0x0000000010005ac8       0x3c /usr/lib/gcc/arm-none-eabi/10.3.1/../../../arm-none-eabi/lib/thumb/v6-m/nofp/libc.a(lib_a-fprintf.o)
                0x0000000010005ac8                _fprintf_r
                0x0000000010005ae0                fprintf
 .text          0x0000000010005b04       0xfc /usr/lib/gcc/arm-none-eabi/10.3.1/../../../arm-none-eabi/lib/thumb/v6-m/nofp/libc.a(lib_a-fwrite.o)
                0x0000000010005b04                _fwrite_r
                0x0000000010005b80                fwrite
 .text          0x0000000010005c00      0x574 /usr/lib/gcc/arm-none-eabi/10.3.1/../../../arm-none-eabi/lib/thumb/v6-m/nofp/libc.a(lib_a-mallocr.o)
                0x0000000010005c00                _malloc_r
 .text          0x0000000010006174        0x8 /usr/lib/gcc/arm-none-eabi/10.3.1/../../../arm-none-eabi/lib/thumb/v6-m/nofp/libc.a(lib_a-mlock.o)
                0x0000000010006174                __malloc_lock
                0x0000000010006178                __malloc_unlock
 .text          0x000000001000617c      0x354 /usr/lib/gcc/arm-none-eabi/10.3.1/../../../arm-none-eabi/lib/thumb/v6-m/nofp/libc.a(lib_a-reallocr.o)
                0x000000001000617c                _realloc_r
 .text          0x00000000100064d0       0x24 /usr/lib/gcc/arm-none-eabi/10.3.1/../../../arm-none-eabi/lib/thumb/v6-m/nofp/libc.a(lib_a-sbrkr.o)
                0x00000000100064d0                _sbrk_r
 .text          0x00000000100064f4       0x5c /usr/lib/gcc/arm-none-eabi/10.3.1/../../../arm-none-eabi/lib/thumb/v6-m/nofp/libc.a(lib_a-strlen-stub.o)
                0x00000000100064f4                strlen
 .text          0x0000000010006550     0x16e4 /usr/lib/gcc/arm-none-eabi/10.3.1/../../../arm-none-eabi/lib/thumb/v6-m/nofp/libc.a(lib_a-vfprintf.o)
                0x0000000010006550                _vfprintf_r
                0x0000000010007ba8                vfprintf
 .text          0x0000000010007c34       0xdc /usr/lib/gcc/arm-none-eabi/10.3.1/../../../arm-none-eabi/lib/thumb/v6-m/nofp/libc.a(lib_a-wsetup.o)
                0x0000000010007c34                __swsetup_r
 .text          0x0000000010007d10     0x1104 /usr/lib/gcc/arm-none-eabi/10.3.1/../../../arm-none-eabi/lib/thumb/v6-m/nofp/libc.a(lib_a-dtoa.o)
                0x0000000010007e58                _dtoa_r
 .text          0x0000000010008e14      0x1c0 /usr/lib/gcc/arm-none-eabi/10.3.1/../../../arm-none-eabi/lib/thumb/v6-m/nofp/libc.a(lib_a-fflush.o)
                0x0000000010008e14                __sflush_r
                0x0000000010008f54                _fflush_r
                0x0000000010008f80                fflush
 .text          0x0000000010008fd4      0x248 /usr/lib/gcc/arm-none-eabi/10.3.1/../../../arm-none-eabi/lib/thumb/v6-m/nofp/libc.a(lib_a-findfp.o)
                0x0000000010008fd8                _cleanup_r
                0x00000000100090d4                __sfmoreglue
                0x0000000010009104                __sfp
                0x00000000100091b4                _cleanup
                0x00000000100091cc                __sinit
                0x00000000100091dc                __sfp_lock_acquire
                0x00000000100091e0                __sfp_lock_release
                0x00000000100091e4                __sinit_lock_acquire
                0x00000000100091e8                __sinit_lock_release
                0x00000000100091ec                __fp_lock_all
                0x0000000010009204                __fp_unlock_all
 .text          0x000000001000921c      0x260 /usr/lib/gcc/arm-none-eabi/10.3.1/../../../arm-none-eabi/lib/thumb/v6-m/nofp/libc.a(lib_a-freer.o)
                0x000000001000921c                _malloc_trim_r
                0x00000000100092b8                _free_r
 .text          0x000000001000947c      0x2f4 /usr/lib/gcc/arm-none-eabi/10.3.1/../../../arm-none-eabi/lib/thumb/v6-m/nofp/libc.a(lib_a-fvwrite.o)
                0x000000001000947c                __sfvwrite_r
 .text          0x0000000010009770       0x88 /usr/lib/gcc/arm-none-eabi/10.3.1/../../../arm-none-eabi/lib/thumb/v6-m/nofp/libc.a(lib_a-fwalk.o)
                0x0000000010009770                _fwalk
                0x00000000100097b0                _fwalk_reent
 .text          0x00000000100097f8       0x14 /usr/lib/gcc/arm-none-eabi/10.3.1/../../../arm-none-eabi/lib/thumb/v6-m/nofp/libc.a(lib_a-localeconv.o)
                0x00000000100097f8                __localeconv_l
                0x00000000100097fc                _localeconv_r
                0x0000000010009804                localeconv
 .text          0x000000001000980c      0x144 /usr/lib/gcc/arm-none-eabi/10.3.1/../../../arm-none-eabi/lib/thumb/v6-m/nofp/libc.a(lib_a-makebuf.o)
                0x000000001000980c                __smakebuf_r
                0x00000000100098f0                __swhatbuf_r
 .text          0x0000000010009950      0xafc /usr/lib/gcc/arm-none-eabi/10.3.1/../../../arm-none-eabi/lib/thumb/v6-m/nofp/libc.a(lib_a-mprec.o)
                0x0000000010009950                _Balloc
                0x00000000100099a0                _Bfree
                0x00000000100099b4                __multadd
                0x0000000010009a5c                __s2b
                0x0000000010009b0c                __hi0bits
                0x0000000010009b44                __lo0bits
                0x0000000010009ba0                __i2b
                0x0000000010009c00                __multiply
                0x0000000010009da4                __pow5mult
                0x0000000010009e7c                __lshift
                0x0000000010009f78                __mcmp
                0x0000000010009fac                __mdiff
                0x000000001000a138                __ulp
                0x000000001000a180                __b2d
                0x000000001000a248                __d2b
                0x000000001000a320                __ratio
                0x000000001000a388                _mprec_log10
                0x000000001000a3bc                __copybits
                0x000000001000a3fc                __any_on
 .text          0x000000001000a44c       0xa4 /usr/lib/gcc/arm-none-eabi/10.3.1/../../../arm-none-eabi/lib/thumb/v6-m/nofp/libc.a(lib_a-stdio.o)
                0x000000001000a44c                __sread
                0x000000001000a474                __seofread
                0x000000001000a478                __swrite
                0x000000001000a4b8                __sseek
                0x000000001000a4e4                __sclose
 .text          0x000000001000a4f0      0xdd8 /usr/lib/gcc/arm-none-eabi/10.3.1/../../../arm-none-eabi/lib/thumb/v6-m/nofp/libc.a(lib_a-vfiprintf.o)
                0x000000001000a578                __sprint_r
                0x000000001000a58c                _vfiprintf_r
                0x000000001000b23c                vfiprintf
 .text          0x000000001000b2c8       0x28 /usr/lib/gcc/arm-none-eabi/10.3.1/../../../arm-none-eabi/lib/thumb/v6-m/nofp/libc.a(lib_a-writer.o)
                0x000000001000b2c8                _write_r
 .text          0x000000001000b2f0       0x24 /usr/lib/gcc/arm-none-eabi/10.3.1/../../../arm-none-eabi/lib/thumb/v6-m/nofp/libc.a(lib_a-closer.o)
                0x000000001000b2f0                _close_r
 .text          0x000000001000b314       0xe8 /usr/lib/gcc/arm-none-eabi/10.3.1/../../../arm-none-eabi/lib/thumb/v6-m/nofp/libc.a(lib_a-fclose.o)
                0x000000001000b384                _fclose_r
                0x000000001000b3bc                fclose
 .text          0x000000001000b3fc       0xfc /usr/lib/gcc/arm-none-eabi/10.3.1/../../../arm-none-eabi/lib/thumb/v6-m/nofp/libc.a(lib_a-fputwc.o)
                0x000000001000b3fc                __fputwc
                0x000000001000b494                _fputwc_r
                0x000000001000b4b4                fputwc
 .text          0x000000001000b4f8       0x28 /usr/lib/gcc/arm-none-eabi/10.3.1/../../../arm-none-eabi/lib/thumb/v6-m/nofp/libc.a(lib_a-fstatr.o)
                0x000000001000b4f8                _fstat_r
 .text          0x000000001000b520       0x24 /usr/lib/gcc/arm-none-eabi/10.3.1/../../../arm-none-eabi/lib/thumb/v6-m/nofp/libc.a(lib_a-isattyr.o)
                0x000000001000b520                _isatty_r
 .text          0x000000001000b544       0x98 /usr/lib/gcc/arm-none-eabi/10.3.1/../../../arm-none-eabi/lib/thumb/v6-m/nofp/libc.a(lib_a-locale.o)
                0x000000001000b544                _setlocale_r
                0x000000001000b588                __locale_mb_cur_max
                0x000000001000b598                setlocale
 .text          0x000000001000b5dc       0x28 /usr/lib/gcc/arm-none-eabi/10.3.1/../../../arm-none-eabi/lib/thumb/v6-m/nofp/libc.a(lib_a-lseekr.o)
                0x000000001000b5dc                _lseek_r
 .text          0x000000001000b604       0x44 /usr/lib/gcc/arm-none-eabi/10.3.1/../../../arm-none-eabi/lib/thumb/v6-m/nofp/libc.a(lib_a-mbtowc_r.o)
                0x000000001000b604                _mbtowc_r
                0x000000001000b61c                __ascii_mbtowc
 .text          0x000000001000b648       0x28 /usr/lib/gcc/arm-none-eabi/10.3.1/../../../arm-none-eabi/lib/thumb/v6-m/nofp/libc.a(lib_a-readr.o)
                0x000000001000b648                _read_r
 .text          0x000000001000b670       0x88 /usr/lib/gcc/arm-none-eabi/10.3.1/../../../arm-none-eabi/lib/thumb/v6-m/nofp/libc.a(lib_a-strcmp.o)
                0x000000001000b670                strcmp
 .text          0x000000001000b6f8       0xe0 /usr/lib/gcc/arm-none-eabi/10.3.1/../../../arm-none-eabi/lib/thumb/v6-m/nofp/libc.a(lib_a-wbuf.o)
                0x000000001000b6f8                __swbuf_r
                0x000000001000b7c0                __swbuf
 .text          0x000000001000b7d8       0x84 /usr/lib/gcc/arm-none-eabi/10.3.1/../../../arm-none-eabi/lib/thumb/v6-m/nofp/libc.a(lib_a-wcrtomb.o)
                0x000000001000b7d8                _wcrtomb_r
                0x000000001000b818                wcrtomb
 .text          0x000000001000b85c       0x2c /usr/lib/gcc/arm-none-eabi/10.3.1/../../../arm-none-eabi/lib/thumb/v6-m/nofp/libc.a(lib_a-wctomb_r.o)
                0x000000001000b85c                _wctomb_r
                0x000000001000b86c                __ascii_wctomb
 *(.fini)
 .fini          0x000000001000b888        0x4 /usr/lib/gcc/arm-none-eabi/10.3.1/thumb/v6-m/nofp/crti.o
                0x000000001000b888                _fini
 *fill*         0x000000001000b88c        0x4 
 .fini.__stub   0x000000001000b890       0xf0 linker stubs
 *crtbegin.o(.ctors)
 *crtbegin?.o(.ctors)
 *(EXCLUDE_FILE(*crtend.o *crtend?.o) .ctors)
 *(SORT_BY_NAME(.ctors.*))
 *(.ctors)
 *crtbegin.o(.dtors)
 *crtbegin?.o(.dtors)
 *(EXCLUDE_FILE(*crtend.o *crtend?.o) .dtors)
 *(SORT_BY_NAME(.dtors.*))
 *(.dtors)
 *(.eh_frame*)
 .eh_frame      0x000000001000b980        0x0 /usr/lib/gcc/arm-none-eabi/10.3.1/thumb/v6-m/nofp/crtbegin.o
                0x000000001000b980                . = ALIGN (0x4)

.glue_7         0x000000001000b980        0x0
 .glue_7        0x000000001000b980        0x0 linker stubs

.glue_7t        0x000000001000b980        0x0
 .glue_7t       0x000000001000b980        0x0 linker stubs

.vfp11_veneer   0x000000001000b980        0x0
 .vfp11_veneer  0x000000001000b980        0x0 linker stubs

.v4_bx          0x000000001000b980        0x0
 .v4_bx         0x000000001000b980        0x0 linker stubs

.iplt           0x000000001000b980        0x0
 .iplt          0x000000001000b980        0x0 /usr/lib/gcc/arm-none-eabi/10.3.1/thumb/v6-m/nofp/crtbegin.o

.rodata         0x000000001000b980      0xa8c
 *(EXCLUDE_FILE(*libm.a: *libc.a:*lib_a-mem*.o *libgcc.a:) .rodata*)
 .rodata.initMotor.str1.4
                0x000000001000b980       0x6b CMakeFiles/motorPWM.dir/motorPWM.c.obj
 *fill*         0x000000001000b9eb        0x1 
 .rodata.setupPIO.str1.4
                0x000000001000b9ec       0x1a CMakeFiles/motorPWM.dir/motorPWM.c.obj
 *fill*         0x000000001000ba06        0x2 
 .rodata.stopMotor.str1.4
                0x000000001000ba08       0x10 CMakeFiles/motorPWM.dir/motorPWM.c.obj
 .rodata.runMotor.str1.4
                0x000000001000ba18        0xf CMakeFiles/motorPWM.dir/motorPWM.c.obj
 *fill*         0x000000001000ba27        0x1 
 .rodata.init.str1.4
                0x000000001000ba28       0x65 CMakeFiles/motorPWM.dir/motorPWM.c.obj
 *fill*         0x000000001000ba8d        0x3 
 .rodata.motorPWM_program
                0x000000001000ba90        0x6 CMakeFiles/motorPWM.dir/motorPWM.c.obj
 *fill*         0x000000001000ba96        0x2 
 .rodata.motorPWM_program_instructions
                0x000000001000ba98        0xe CMakeFiles/motorPWM.dir/motorPWM.c.obj
 *fill*         0x000000001000baa6        0x2 
 .rodata.spin_lock_claim_unused.str1.4
                0x000000001000baa8       0x1b CMakeFiles/motorPWM.dir/home/jd/projects/pico/pico-sdk/src/rp2_common/hardware_sync/sync.c.obj
 *fill*         0x000000001000bac3        0x1 
 .rodata.user_irq_claim_unused.str1.4
                0x000000001000bac4       0x1b CMakeFiles/motorPWM.dir/home/jd/projects/pico/pico-sdk/src/rp2_common/hardware_irq/irq.c.obj
 *fill*         0x000000001000badf        0x1 
 .rodata.at_the_end_of_time
                0x000000001000bae0        0x8 CMakeFiles/motorPWM.dir/home/jd/projects/pico/pico-sdk/src/common/pico_time/time.c.obj
                0x000000001000bae0                at_the_end_of_time
 .rodata.hardware_alarm_claim.str1.4
                0x000000001000bae8       0x22 CMakeFiles/motorPWM.dir/home/jd/projects/pico/pico-sdk/src/rp2_common/hardware_timer/timer.c.obj
 *fill*         0x000000001000bb0a        0x2 
 .rodata.__assert_func.str1.4
                0x000000001000bb0c       0x3f CMakeFiles/motorPWM.dir/home/jd/projects/pico/pico-sdk/src/rp2_common/pico_runtime/runtime.c.obj
                                         0x43 (size before relaxing)
 *fill*         0x000000001000bb4b        0x1 
 .rodata.panic.str1.4
                0x000000001000bb4c       0x10 CMakeFiles/motorPWM.dir/home/jd/projects/pico/pico-sdk/src/rp2_common/pico_runtime/runtime.c.obj
                                         0x12 (size before relaxing)
 .rodata.hard_assertion_failure.str1.4
                0x000000001000bb5c        0xc CMakeFiles/motorPWM.dir/home/jd/projects/pico/pico-sdk/src/rp2_common/pico_runtime/runtime.c.obj
 .rodata.str1.4
                0x000000001000bb68       0x40 CMakeFiles/motorPWM.dir/home/jd/projects/pico/pico-sdk/src/rp2_common/pico_standard_link/binary_info.c.obj
 .rodata.__bi_44
                0x000000001000bba8        0xc CMakeFiles/motorPWM.dir/home/jd/projects/pico/pico-sdk/src/rp2_common/pico_standard_link/binary_info.c.obj
 .rodata.__bi_75
                0x000000001000bbb4        0xc CMakeFiles/motorPWM.dir/home/jd/projects/pico/pico-sdk/src/rp2_common/pico_standard_link/binary_info.c.obj
 .rodata.__bi_81
                0x000000001000bbc0        0xc CMakeFiles/motorPWM.dir/home/jd/projects/pico/pico-sdk/src/rp2_common/pico_standard_link/binary_info.c.obj
 .rodata.crlf_str.0
                0x000000001000bbcc        0x2 CMakeFiles/motorPWM.dir/home/jd/projects/pico/pico-sdk/src/rp2_common/pico_stdio/stdio.c.obj
 *fill*         0x000000001000bbce        0x2 
 .rodata._resetd_driver
                0x000000001000bbd0       0x18 CMakeFiles/motorPWM.dir/home/jd/projects/pico/pico-sdk/src/rp2_common/pico_stdio_usb/reset_interface.c.obj
 .rodata.str1.4
                0x000000001000bbe8       0x13 CMakeFiles/motorPWM.dir/home/jd/projects/pico/pico-sdk/src/rp2_common/pico_stdio_usb/stdio_usb.c.obj
 *fill*         0x000000001000bbfb        0x1 
 .rodata.__bi_188.0
                0x000000001000bbfc        0xc CMakeFiles/motorPWM.dir/home/jd/projects/pico/pico-sdk/src/rp2_common/pico_stdio_usb/stdio_usb.c.obj
 .rodata.str1.4
                0x000000001000bc08       0x2a CMakeFiles/motorPWM.dir/home/jd/projects/pico/pico-sdk/src/rp2_common/pico_stdio_usb/stdio_usb_descriptors.c.obj
 *fill*         0x000000001000bc32        0x2 
 .rodata.usbd_desc_cfg
                0x000000001000bc34       0x54 CMakeFiles/motorPWM.dir/home/jd/projects/pico/pico-sdk/src/rp2_common/pico_stdio_usb/stdio_usb_descriptors.c.obj
 .rodata.usbd_desc_device
                0x000000001000bc88       0x12 CMakeFiles/motorPWM.dir/home/jd/projects/pico/pico-sdk/src/rp2_common/pico_stdio_usb/stdio_usb_descriptors.c.obj
 *fill*         0x000000001000bc9a        0x2 
 .rodata.usbd_desc_str
                0x000000001000bc9c       0x18 CMakeFiles/motorPWM.dir/home/jd/projects/pico/pico-sdk/src/rp2_common/pico_stdio_usb/stdio_usb_descriptors.c.obj
 .rodata.str1.4
                0x000000001000bcb4       0x14 CMakeFiles/motorPWM.dir/home/jd/projects/pico/pico-sdk/lib/tinyusb/src/portable/raspberrypi/rp2040/dcd_rp2040.c.obj
 .rodata.str1.4
                0x000000001000bcc8       0x53 CMakeFiles/motorPWM.dir/home/jd/projects/pico/pico-sdk/lib/tinyusb/src/portable/raspberrypi/rp2040/rp2040_usb.c.obj
 *fill*         0x000000001000bd1b        0x1 
 .rodata.tud_task_ext
                0x000000001000bd1c       0x8c CMakeFiles/motorPWM.dir/home/jd/projects/pico/pico-sdk/lib/tinyusb/src/device/usbd.c.obj
 .rodata._usbd_driver
                0x000000001000bda8       0x18 CMakeFiles/motorPWM.dir/home/jd/projects/pico/pico-sdk/lib/tinyusb/src/device/usbd.c.obj
 .rodata.pio_claim_unused_sm.str1.4
                0x000000001000bdc0       0x24 CMakeFiles/motorPWM.dir/home/jd/projects/pico/pico-sdk/src/rp2_common/hardware_pio/pio.c.obj
 .rodata.pio_add_program.str1.4
                0x000000001000bde4       0x11 CMakeFiles/motorPWM.dir/home/jd/projects/pico/pico-sdk/src/rp2_common/hardware_pio/pio.c.obj
 *fill*         0x000000001000bdf5        0x3 
 .rodata        0x000000001000bdf8        0x4 /usr/lib/gcc/arm-none-eabi/10.3.1/../../../arm-none-eabi/lib/thumb/v6-m/nofp/libc.a(lib_a-impure.o)
                0x000000001000bdf8                _global_impure_ptr
 .rodata.str1.4
                0x000000001000bdfc       0x3f /usr/lib/gcc/arm-none-eabi/10.3.1/../../../arm-none-eabi/lib/thumb/v6-m/nofp/libc.a(lib_a-vfprintf.o)
                                         0x42 (size before relaxing)
 *fill*         0x000000001000be3b        0x1 
 .rodata        0x000000001000be3c      0x184 /usr/lib/gcc/arm-none-eabi/10.3.1/../../../arm-none-eabi/lib/thumb/v6-m/nofp/libc.a(lib_a-vfprintf.o)
 .rodata.str1.4
                0x000000001000bfc0       0x56 /usr/lib/gcc/arm-none-eabi/10.3.1/../../../arm-none-eabi/lib/thumb/v6-m/nofp/libc.a(lib_a-dtoa.o)
                                         0x5a (size before relaxing)
 *fill*         0x000000001000c016        0x2 
 .rodata.str1.4
                0x000000001000c018       0x33 /usr/lib/gcc/arm-none-eabi/10.3.1/../../../arm-none-eabi/lib/thumb/v6-m/nofp/libc.a(lib_a-mprec.o)
                                         0x47 (size before relaxing)
 *fill*         0x000000001000c04b        0x5 
 .rodata        0x000000001000c050      0x128 /usr/lib/gcc/arm-none-eabi/10.3.1/../../../arm-none-eabi/lib/thumb/v6-m/nofp/libc.a(lib_a-mprec.o)
                0x000000001000c060                __mprec_tinytens
                0x000000001000c088                __mprec_bigtens
                0x000000001000c0b0                __mprec_tens
 .rodata.str1.4
                0x000000001000c178       0x2f /usr/lib/gcc/arm-none-eabi/10.3.1/../../../arm-none-eabi/lib/thumb/v6-m/nofp/libc.a(lib_a-vfiprintf.o)
 .rodata        0x000000001000c178      0x184 /usr/lib/gcc/arm-none-eabi/10.3.1/../../../arm-none-eabi/lib/thumb/v6-m/nofp/libc.a(lib_a-vfiprintf.o)
 .rodata.str1.4
                0x000000001000c2fc        0xa /usr/lib/gcc/arm-none-eabi/10.3.1/../../../arm-none-eabi/lib/thumb/v6-m/nofp/libc.a(lib_a-locale.o)
                                         0x12 (size before relaxing)
 *fill*         0x000000001000c306        0x2 
 .rodata        0x000000001000c308      0x101 /usr/lib/gcc/arm-none-eabi/10.3.1/../../../arm-none-eabi/lib/thumb/v6-m/nofp/libc.a(lib_a-ctype_.o)
                0x000000001000c308                _ctype_
                0x000000001000c40c                . = ALIGN (0x4)
 *fill*         0x000000001000c409        0x3 
 *(SORT_BY_ALIGNMENT(SORT_BY_NAME(.flashdata*)))
                0x000000001000c40c                . = ALIGN (0x4)

.rel.dyn        0x000000001000c40c        0x0
 .rel.iplt      0x000000001000c40c        0x0 /usr/lib/gcc/arm-none-eabi/10.3.1/thumb/v6-m/nofp/crtbegin.o

.ARM.extab
 *(.ARM.extab* .gnu.linkonce.armextab.*)
                0x000000001000c40c                __exidx_start = .

.ARM.exidx
 *(.ARM.exidx* .gnu.linkonce.armexidx.*)
                0x000000001000c40c                __exidx_end = .
                0x000000001000c40c                . = ALIGN (0x4)
                0x000000001000c40c                __binary_info_start = .

.binary_info    0x000000001000c40c       0x20
 *(.binary_info.keep.*)
 .binary_info.keep.__bi_ptr22
                0x000000001000c40c        0x4 CMakeFiles/motorPWM.dir/home/jd/projects/pico/pico-sdk/src/rp2_common/pico_standard_link/binary_info.c.obj
 .binary_info.keep.__bi_ptr30
                0x000000001000c410        0x4 CMakeFiles/motorPWM.dir/home/jd/projects/pico/pico-sdk/src/rp2_common/pico_standard_link/binary_info.c.obj
 .binary_info.keep.__bi_ptr38
                0x000000001000c414        0x4 CMakeFiles/motorPWM.dir/home/jd/projects/pico/pico-sdk/src/rp2_common/pico_standard_link/binary_info.c.obj
 .binary_info.keep.__bi_ptr44
                0x000000001000c418        0x4 CMakeFiles/motorPWM.dir/home/jd/projects/pico/pico-sdk/src/rp2_common/pico_standard_link/binary_info.c.obj
 .binary_info.keep.__bi_ptr50
                0x000000001000c41c        0x4 CMakeFiles/motorPWM.dir/home/jd/projects/pico/pico-sdk/src/rp2_common/pico_standard_link/binary_info.c.obj
 .binary_info.keep.__bi_ptr75
                0x000000001000c420        0x4 CMakeFiles/motorPWM.dir/home/jd/projects/pico/pico-sdk/src/rp2_common/pico_standard_link/binary_info.c.obj
 .binary_info.keep.__bi_ptr81
                0x000000001000c424        0x4 CMakeFiles/motorPWM.dir/home/jd/projects/pico/pico-sdk/src/rp2_common/pico_standard_link/binary_info.c.obj
 *(.binary_info.*)
 .binary_info.__bi_ptr188
                0x000000001000c428        0x4 CMakeFiles/motorPWM.dir/home/jd/projects/pico/pico-sdk/src/rp2_common/pico_stdio_usb/stdio_usb.c.obj
                0x000000001000c42c                __binary_info_end = .
                0x000000001000c42c                . = ALIGN (0x4)
                0x000000001000c42c                __etext = .

.ram_vector_table
                0x0000000020000000       0xc0
 *(.ram_vector_table)
 .ram_vector_table
                0x0000000020000000       0xc0 CMakeFiles/motorPWM.dir/home/jd/projects/pico/pico-sdk/src/rp2_common/pico_runtime/runtime.c.obj
                0x0000000020000000                ram_vector_table

.data           0x00000000200000c0     0x191c load address 0x000000001000c42c
                0x00000000200000c0                __data_start__ = .
 *(vtable)
 *(.time_critical*)
 .time_critical.mutex_try_enter
                0x00000000200000c0       0x44 CMakeFiles/motorPWM.dir/home/jd/projects/pico/pico-sdk/src/common/pico_sync/mutex.c.obj
                0x00000000200000c0                mutex_try_enter
 .time_critical.mutex_try_enter_block_until
                0x0000000020000104       0x9c CMakeFiles/motorPWM.dir/home/jd/projects/pico/pico-sdk/src/common/pico_sync/mutex.c.obj
                0x0000000020000104                mutex_try_enter_block_until
 .time_critical.mutex_enter_timeout_ms
                0x00000000200001a0       0x90 CMakeFiles/motorPWM.dir/home/jd/projects/pico/pico-sdk/src/common/pico_sync/mutex.c.obj
                0x00000000200001a0                mutex_enter_timeout_ms
 .time_critical.mutex_exit
                0x0000000020000230       0x28 CMakeFiles/motorPWM.dir/home/jd/projects/pico/pico-sdk/src/common/pico_sync/mutex.c.obj
                0x0000000020000230                mutex_exit
 .time_critical.flash_init_boot2_copyout
                0x0000000020000258       0x30 CMakeFiles/motorPWM.dir/home/jd/projects/pico/pico-sdk/src/rp2_common/hardware_flash/flash.c.obj
 .time_critical.flash_enable_xip_via_boot2
                0x0000000020000288       0x10 CMakeFiles/motorPWM.dir/home/jd/projects/pico/pico-sdk/src/rp2_common/hardware_flash/flash.c.obj
 .time_critical.flash_cs_force
                0x0000000020000298       0x38 CMakeFiles/motorPWM.dir/home/jd/projects/pico/pico-sdk/src/rp2_common/hardware_flash/flash.c.obj
 .time_critical.flash_do_cmd
                0x00000000200002d0       0xc4 CMakeFiles/motorPWM.dir/home/jd/projects/pico/pico-sdk/src/rp2_common/hardware_flash/flash.c.obj
                0x00000000200002d0                flash_do_cmd
 .time_critical.reset_non_control_endpoints
                0x0000000020000394       0xbc CMakeFiles/motorPWM.dir/home/jd/projects/pico/pico-sdk/lib/tinyusb/src/portable/raspberrypi/rp2040/dcd_rp2040.c.obj
 .time_critical.hw_handle_buff_status
                0x0000000020000450       0xa8 CMakeFiles/motorPWM.dir/home/jd/projects/pico/pico-sdk/lib/tinyusb/src/portable/raspberrypi/rp2040/dcd_rp2040.c.obj
 .time_critical.dcd_rp2040_irq
                0x00000000200004f8      0x4d8 CMakeFiles/motorPWM.dir/home/jd/projects/pico/pico-sdk/lib/tinyusb/src/portable/raspberrypi/rp2040/dcd_rp2040.c.obj
 .time_critical.e15_is_bulkin_ep
                0x00000000200009d0       0x28 CMakeFiles/motorPWM.dir/home/jd/projects/pico/pico-sdk/lib/tinyusb/src/portable/raspberrypi/rp2040/rp2040_usb.c.obj
 .time_critical.e15_is_critical_frame_period
                0x00000000200009f8       0x34 CMakeFiles/motorPWM.dir/home/jd/projects/pico/pico-sdk/lib/tinyusb/src/portable/raspberrypi/rp2040/rp2040_usb.c.obj
 .time_critical.prepare_ep_buffer
                0x0000000020000a2c       0x70 CMakeFiles/motorPWM.dir/home/jd/projects/pico/pico-sdk/lib/tinyusb/src/portable/raspberrypi/rp2040/rp2040_usb.c.obj
 .time_critical.sync_ep_buffer
                0x0000000020000a9c       0x4c CMakeFiles/motorPWM.dir/home/jd/projects/pico/pico-sdk/lib/tinyusb/src/portable/raspberrypi/rp2040/rp2040_usb.c.obj
 .time_critical._hw_endpoint_xfer_sync
                0x0000000020000ae8       0x28 CMakeFiles/motorPWM.dir/home/jd/projects/pico/pico-sdk/lib/tinyusb/src/portable/raspberrypi/rp2040/rp2040_usb.c.obj
 .time_critical.hw_endpoint_reset_transfer
                0x0000000020000b10        0xc CMakeFiles/motorPWM.dir/home/jd/projects/pico/pico-sdk/lib/tinyusb/src/portable/raspberrypi/rp2040/rp2040_usb.c.obj
                0x0000000020000b10                hw_endpoint_reset_transfer
 .time_critical._hw_endpoint_buffer_control_update32
                0x0000000020000b1c       0x58 CMakeFiles/motorPWM.dir/home/jd/projects/pico/pico-sdk/lib/tinyusb/src/portable/raspberrypi/rp2040/rp2040_usb.c.obj
                0x0000000020000b1c                _hw_endpoint_buffer_control_update32
 .time_critical.hw_endpoint_start_next_buffer
                0x0000000020000b74       0x6c CMakeFiles/motorPWM.dir/home/jd/projects/pico/pico-sdk/lib/tinyusb/src/portable/raspberrypi/rp2040/rp2040_usb.c.obj
                0x0000000020000b74                hw_endpoint_start_next_buffer
 .time_critical.hw_endpoint_xfer_continue
                0x0000000020000be0       0x50 CMakeFiles/motorPWM.dir/home/jd/projects/pico/pico-sdk/lib/tinyusb/src/portable/raspberrypi/rp2040/rp2040_usb.c.obj
                0x0000000020000be0                hw_endpoint_xfer_continue
 .time_critical.tinyusb
                0x0000000020000c30      0x170 CMakeFiles/motorPWM.dir/home/jd/projects/pico/pico-sdk/lib/tinyusb/src/device/usbd.c.obj
                0x0000000020000c30                dcd_event_handler
 *(.text*)
 .text          0x0000000020000da0        0x4 /usr/lib/gcc/arm-none-eabi/10.3.1/thumb/v6-m/nofp/libgcc.a(_dvmd_tls.o)
                0x0000000020000da0                __aeabi_ldiv0
                0x0000000020000da0                __aeabi_idiv0
 .text          0x0000000020000da4       0x74 /usr/lib/gcc/arm-none-eabi/10.3.1/../../../arm-none-eabi/lib/thumb/v6-m/nofp/libc.a(lib_a-memchr-stub.o)
                0x0000000020000da4                memchr
 .text          0x0000000020000e18       0xac /usr/lib/gcc/arm-none-eabi/10.3.1/../../../arm-none-eabi/lib/thumb/v6-m/nofp/libc.a(lib_a-memmove.o)
                0x0000000020000e18                memmove
 *fill*         0x0000000020000ec4        0x4 
 .text.__stub   0x0000000020000ec8       0x70 linker stubs
                0x0000000020000f38                . = ALIGN (0x4)
 *(.rodata*)
                0x0000000020000f38                . = ALIGN (0x4)
 *(.data*)
 .data.striped_spin_lock_num
                0x0000000020000f38        0x1 CMakeFiles/motorPWM.dir/home/jd/projects/pico/pico-sdk/src/rp2_common/hardware_sync/sync.c.obj
 *fill*         0x0000000020000f39        0x3 
 .data          0x0000000020000f3c       0x48 CMakeFiles/motorPWM.dir/home/jd/projects/pico/pico-sdk/src/rp2_common/hardware_irq/irq_handler_chain.S.obj
                0x0000000020000f3c                irq_handler_chain_slots
                0x0000000020000f6c                irq_handler_chain_first_slot
                0x0000000020000f76                irq_handler_chain_remove_tail
 .data.default_alarm_pool
                0x0000000020000f84       0x18 CMakeFiles/motorPWM.dir/home/jd/projects/pico/pico-sdk/src/common/pico_time/time.c.obj
 .data.default_alarm_pool_heap
                0x0000000020000f9c       0x10 CMakeFiles/motorPWM.dir/home/jd/projects/pico/pico-sdk/src/common/pico_time/time.c.obj
 *fill*         0x0000000020000fac        0x4 
 .data.aeabi_bits_funcs
                0x0000000020000fb0       0x10 CMakeFiles/motorPWM.dir/home/jd/projects/pico/pico-sdk/src/rp2_common/pico_bit_ops/bit_ops_aeabi.S.obj
                0x0000000020000fb0                aeabi_bits_funcs
                0x0000000020000fc0                aeabi_bits_funcs_end
 .data.aeabi_mem_funcs
                0x0000000020000fc0       0x10 CMakeFiles/motorPWM.dir/home/jd/projects/pico/pico-sdk/src/rp2_common/pico_mem_ops/mem_ops_aeabi.S.obj
                0x0000000020000fc0                aeabi_mem_funcs
                0x0000000020000fd0                aeabi_mem_funcs_end
 .data.stdio_usb
                0x0000000020000fd0       0x18 CMakeFiles/motorPWM.dir/home/jd/projects/pico/pico-sdk/src/rp2_common/pico_stdio_usb/stdio_usb.c.obj
                0x0000000020000fd0                stdio_usb
 .data.ep_dir_string
                0x0000000020000fe8        0x8 CMakeFiles/motorPWM.dir/home/jd/projects/pico/pico-sdk/lib/tinyusb/src/portable/raspberrypi/rp2040/rp2040_usb.c.obj
                0x0000000020000fe8                ep_dir_string
 .data._usbd_qdef
                0x0000000020000ff0       0x1c CMakeFiles/motorPWM.dir/home/jd/projects/pico/pico-sdk/lib/tinyusb/src/device/usbd.c.obj
                0x0000000020000ff0                _usbd_qdef
 .data._usbd_rhport
                0x000000002000100c        0x1 CMakeFiles/motorPWM.dir/home/jd/projects/pico/pico-sdk/lib/tinyusb/src/device/usbd.c.obj
 *fill*         0x000000002000100d        0x3 
 .data          0x0000000020001010      0x430 /usr/lib/gcc/arm-none-eabi/10.3.1/../../../arm-none-eabi/lib/thumb/v6-m/nofp/libc.a(lib_a-impure.o)
                0x0000000020001010                _impure_ptr
 .data          0x0000000020001440      0x410 /usr/lib/gcc/arm-none-eabi/10.3.1/../../../arm-none-eabi/lib/thumb/v6-m/nofp/libc.a(lib_a-mallocr.o)
                0x0000000020001440                __malloc_sbrk_base
                0x0000000020001444                __malloc_trim_threshold
                0x0000000020001448                __malloc_av_
 .data          0x0000000020001850      0x16c /usr/lib/gcc/arm-none-eabi/10.3.1/../../../arm-none-eabi/lib/thumb/v6-m/nofp/libc.a(lib_a-locale.o)
                0x0000000020001850                __global_locale
                0x00000000200019bc                . = ALIGN (0x4)
 *(.after_data.*)
                0x00000000200019bc                . = ALIGN (0x4)
                0x00000000200019bc                PROVIDE (__mutex_array_start = .)
 *(SORT_BY_NAME(.mutex_array.*))
 *(.mutex_array)
 .mutex_array   0x00000000200019bc        0x8 CMakeFiles/motorPWM.dir/home/jd/projects/pico/pico-sdk/src/rp2_common/pico_stdio/stdio.c.obj
                0x00000000200019c4                PROVIDE (__mutex_array_end = .)
                0x00000000200019c4                . = ALIGN (0x4)
                0x00000000200019c4                PROVIDE (__preinit_array_start = .)
 *(SORT_BY_NAME(.preinit_array.*))
 .preinit_array.00001
                0x00000000200019c4        0x4 CMakeFiles/motorPWM.dir/home/jd/projects/pico/pico-sdk/src/rp2_common/pico_mem_ops/mem_ops_aeabi.S.obj
 .preinit_array.00010
                0x00000000200019c8        0x4 CMakeFiles/motorPWM.dir/home/jd/projects/pico/pico-sdk/src/rp2_common/pico_bit_ops/bit_ops_aeabi.S.obj
 .preinit_array.00020
                0x00000000200019cc        0x4 CMakeFiles/motorPWM.dir/home/jd/projects/pico/pico-sdk/src/rp2_common/pico_double/double_aeabi.S.obj
 .preinit_array.00020
                0x00000000200019d0        0x4 CMakeFiles/motorPWM.dir/home/jd/projects/pico/pico-sdk/src/rp2_common/pico_float/float_aeabi.S.obj
 *(.preinit_array)
                0x00000000200019d4                PROVIDE (__preinit_array_end = .)
                0x00000000200019d4                . = ALIGN (0x4)
                0x00000000200019d4                PROVIDE (__init_array_start = .)
 *(SORT_BY_NAME(.init_array.*))
 *(.init_array)
 .init_array    0x00000000200019d4        0x4 /usr/lib/gcc/arm-none-eabi/10.3.1/thumb/v6-m/nofp/crtbegin.o
 .init_array    0x00000000200019d8        0x4 CMakeFiles/motorPWM.dir/home/jd/projects/pico/pico-sdk/src/rp2_common/pico_unique_id/unique_id.c.obj
                0x00000000200019dc                PROVIDE (__init_array_end = .)
                0x00000000200019dc                . = ALIGN (0x4)
                0x00000000200019dc                PROVIDE (__fini_array_start = .)
 *(SORT_BY_NAME(.fini_array.*))
 *(.fini_array)
                0x00000000200019dc                PROVIDE (__fini_array_end = .)
 *(.jcr)
                0x00000000200019dc                . = ALIGN (0x4)
                0x00000000200019dc                __data_end__ = .

.tm_clone_table
                0x00000000200019dc        0x0 load address 0x000000001000dd48
 .tm_clone_table
                0x00000000200019dc        0x0 /usr/lib/gcc/arm-none-eabi/10.3.1/thumb/v6-m/nofp/crtbegin.o
 .tm_clone_table
                0x00000000200019dc        0x0 /usr/lib/gcc/arm-none-eabi/10.3.1/thumb/v6-m/nofp/crtend.o

.igot.plt       0x00000000200019dc        0x0 load address 0x000000001000dd48
 .igot.plt      0x00000000200019dc        0x0 /usr/lib/gcc/arm-none-eabi/10.3.1/thumb/v6-m/nofp/crtbegin.o

.uninitialized_data
                0x00000000200019dc        0x0 load address 0x000000001000dd48
                0x00000000200019dc                . = ALIGN (0x4)
 *(.uninitialized_data*)

.scratch_x      0x0000000020040000        0x0 load address 0x000000001000dd48
                0x0000000020040000                __scratch_x_start__ = .
 *(.scratch_x.*)
                0x0000000020040000                . = ALIGN (0x4)
                0x0000000020040000                __scratch_x_end__ = .
                0x000000001000dd48                __scratch_x_source__ = LOADADDR (.scratch_x)

.scratch_y      0x0000000020041000        0x0 load address 0x000000001000dd48
                0x0000000020041000                __scratch_y_start__ = .
 *(.scratch_y.*)
                0x0000000020041000                . = ALIGN (0x4)
                0x0000000020041000                __scratch_y_end__ = .
                0x000000001000dd48                __scratch_y_source__ = LOADADDR (.scratch_y)

.bss            0x00000000200019e0      0xe04
                0x00000000200019e0                . = ALIGN (0x4)
                0x00000000200019e0                __bss_start__ = .
 *(SORT_BY_ALIGNMENT(SORT_BY_NAME(.bss*)))
 .bss.default_alarm_pool_entries
                0x00000000200019e0      0x100 CMakeFiles/motorPWM.dir/home/jd/projects/pico/pico-sdk/src/common/pico_time/time.c.obj
 .bss.last_avail_time.1
                0x0000000020001ae0        0x8 CMakeFiles/motorPWM.dir/home/jd/projects/pico/pico-sdk/src/rp2_common/pico_stdio_usb/stdio_usb.c.obj
 .bss.motor_1   0x0000000020001ae8       0x34 CMakeFiles/motorPWM.dir/motorPWM.c.obj
                0x0000000020001ae8                motor_1
 *fill*         0x0000000020001b1c        0x4 
 .bss.sd_table  0x0000000020001b20      0x100 CMakeFiles/motorPWM.dir/home/jd/projects/pico/pico-sdk/src/rp2_common/pico_double/double_init_rom.c.obj
                0x0000000020001b20                sd_table
 .bss.sf_table  0x0000000020001c20      0x100 CMakeFiles/motorPWM.dir/home/jd/projects/pico/pico-sdk/src/rp2_common/pico_float/float_init_rom.c.obj
                0x0000000020001c20                sf_table
 .bss           0x0000000020001d20       0x1c /usr/lib/gcc/arm-none-eabi/10.3.1/thumb/v6-m/nofp/crtbegin.o
 .bss           0x0000000020001d3c       0x34 /usr/lib/gcc/arm-none-eabi/10.3.1/../../../arm-none-eabi/lib/thumb/v6-m/nofp/libc.a(lib_a-mallocr.o)
                0x0000000020001d3c                __malloc_top_pad
                0x0000000020001d40                __malloc_current_mallinfo
                0x0000000020001d68                __malloc_max_sbrked_mem
                0x0000000020001d6c                __malloc_max_total_mem
 .bss           0x0000000020001d70        0x4 /usr/lib/gcc/arm-none-eabi/10.3.1/../../../arm-none-eabi/lib/thumb/v6-m/nofp/libc.a(lib_a-reent.o)
                0x0000000020001d70                errno
 .bss._app_driver
                0x0000000020001d74        0x4 CMakeFiles/motorPWM.dir/home/jd/projects/pico/pico-sdk/lib/tinyusb/src/device/usbd.c.obj
 .bss._cdcd_itf
                0x0000000020001d78      0x2c8 CMakeFiles/motorPWM.dir/home/jd/projects/pico/pico-sdk/lib/tinyusb/src/class/cdc/cdc_device.c.obj
 .bss._ctrl_xfer
                0x0000000020002040       0x14 CMakeFiles/motorPWM.dir/home/jd/projects/pico/pico-sdk/lib/tinyusb/src/device/usbd_control.c.obj
 .bss._ubsd_mutexdef
                0x0000000020002054        0x8 CMakeFiles/motorPWM.dir/home/jd/projects/pico/pico-sdk/lib/tinyusb/src/device/usbd.c.obj
 .bss._usbd_ctrl_buf
                0x000000002000205c       0x40 CMakeFiles/motorPWM.dir/home/jd/projects/pico/pico-sdk/lib/tinyusb/src/device/usbd_control.c.obj
 .bss._usbd_dev
                0x000000002000209c       0x53 CMakeFiles/motorPWM.dir/home/jd/projects/pico/pico-sdk/lib/tinyusb/src/device/usbd.c.obj
 *fill*         0x00000000200020ef        0x1 
 .bss._usbd_mutex
                0x00000000200020f0        0x4 CMakeFiles/motorPWM.dir/home/jd/projects/pico/pico-sdk/lib/tinyusb/src/device/usbd.c.obj
 .bss._usbd_q   0x00000000200020f4        0x4 CMakeFiles/motorPWM.dir/home/jd/projects/pico/pico-sdk/lib/tinyusb/src/device/usbd.c.obj
 .bss._usbd_qdef_buf
                0x00000000200020f8       0xc0 CMakeFiles/motorPWM.dir/home/jd/projects/pico/pico-sdk/lib/tinyusb/src/device/usbd.c.obj
                0x00000000200020f8                _usbd_qdef_buf
 .bss._used_instruction_space
                0x00000000200021b8        0x8 CMakeFiles/motorPWM.dir/home/jd/projects/pico/pico-sdk/src/rp2_common/hardware_pio/pio.c.obj
 .bss.alarm_callbacks
                0x00000000200021c0       0x10 CMakeFiles/motorPWM.dir/home/jd/projects/pico/pico-sdk/src/rp2_common/hardware_timer/timer.c.obj
 .bss.boot2_copyout
                0x00000000200021d0      0x100 CMakeFiles/motorPWM.dir/home/jd/projects/pico/pico-sdk/src/rp2_common/hardware_flash/flash.c.obj
 .bss.chars_available_callback
                0x00000000200022d0        0x4 CMakeFiles/motorPWM.dir/home/jd/projects/pico/pico-sdk/src/rp2_common/pico_stdio_usb/stdio_usb.c.obj
 .bss.chars_available_param
                0x00000000200022d4        0x4 CMakeFiles/motorPWM.dir/home/jd/projects/pico/pico-sdk/src/rp2_common/pico_stdio_usb/stdio_usb.c.obj
 .bss.claimed   0x00000000200022d8        0x4 CMakeFiles/motorPWM.dir/home/jd/projects/pico/pico-sdk/src/rp2_common/hardware_sync/sync.c.obj
 .bss.configured_freq
                0x00000000200022dc       0x28 CMakeFiles/motorPWM.dir/home/jd/projects/pico/pico-sdk/src/rp2_common/hardware_clocks/clocks.c.obj
 .bss.default_alarm_pool_entry_ids_high
                0x0000000020002304       0x10 CMakeFiles/motorPWM.dir/home/jd/projects/pico/pico-sdk/src/common/pico_time/time.c.obj
 .bss.default_alarm_pool_heap_nodes
                0x0000000020002314       0x30 CMakeFiles/motorPWM.dir/home/jd/projects/pico/pico-sdk/src/common/pico_time/time.c.obj
 .bss.desc_str.0
                0x0000000020002344       0x28 CMakeFiles/motorPWM.dir/home/jd/projects/pico/pico-sdk/src/rp2_common/pico_stdio_usb/stdio_usb_descriptors.c.obj
 .bss.drivers   0x000000002000236c        0x4 CMakeFiles/motorPWM.dir/home/jd/projects/pico/pico-sdk/src/rp2_common/pico_stdio/stdio.c.obj
 .bss.e15_last_sof
                0x0000000020002370        0x4 CMakeFiles/motorPWM.dir/home/jd/projects/pico/pico-sdk/lib/tinyusb/src/portable/raspberrypi/rp2040/rp2040_usb.c.obj
                0x0000000020002370                e15_last_sof
 .bss.filter    0x0000000020002374        0x4 CMakeFiles/motorPWM.dir/home/jd/projects/pico/pico-sdk/src/rp2_common/pico_stdio/stdio.c.obj
 .bss.heap_end.0
                0x0000000020002378        0x4 CMakeFiles/motorPWM.dir/home/jd/projects/pico/pico-sdk/src/rp2_common/pico_runtime/runtime.c.obj
 .bss.hw_endpoints
                0x000000002000237c      0x400 CMakeFiles/motorPWM.dir/home/jd/projects/pico/pico-sdk/lib/tinyusb/src/portable/raspberrypi/rp2040/dcd_rp2040.c.obj
 .bss.lazy_vsnprintf
                0x000000002000277c        0x4 CMakeFiles/motorPWM.dir/home/jd/projects/pico/pico-sdk/src/rp2_common/pico_printf/printf.c.obj
 .bss.load_value
                0x0000000020002780        0x4 CMakeFiles/motorPWM.dir/home/jd/projects/pico/pico-sdk/src/rp2_common/hardware_watchdog/watchdog.c.obj
 .bss.next_buffer_ptr
                0x0000000020002784        0x4 CMakeFiles/motorPWM.dir/home/jd/projects/pico/pico-sdk/lib/tinyusb/src/portable/raspberrypi/rp2040/dcd_rp2040.c.obj
 .bss.one_shot_timer_crit_sec
                0x0000000020002788        0x8 CMakeFiles/motorPWM.dir/home/jd/projects/pico/pico-sdk/src/rp2_common/pico_stdio_usb/stdio_usb.c.obj
 .bss.pools     0x0000000020002790       0x10 CMakeFiles/motorPWM.dir/home/jd/projects/pico/pico-sdk/src/common/pico_time/time.c.obj
 .bss.retrieved_id
                0x00000000200027a0        0x8 CMakeFiles/motorPWM.dir/home/jd/projects/pico/pico-sdk/src/rp2_common/pico_unique_id/unique_id.c.obj
 .bss.sf_clz_func